11-06 14:09:21.149   753  1127 W PackageManager: Privileged permission android.permission.SUBSTITUTE_NOTIFICATION_APP_NAME for package com.android.vending - not in privapp-permissions whitelist
11-06 14:09:21.149   753  1127 W PackageManager: Privileged permission android.permission.REBOOT for package com.android.vending - not in privapp-permissions whitelist
11-06 14:09:21.149   753  1127 W PackageManager: Privileged permission android.permission.CHANGE_OVERLAY_PACKAGES for package com.android.vending - not in privapp-permissions whitelist
11-06 14:09:21.150   753  1127 W PackageManager: Privileged permission android.permission.CAPTURE_AUDIO_OUTPUT for package com.google.android.dialer - not in privapp-permissions whitelist
11-06 14:09:21.150   753  1127 W PackageManager: Privileged permission android.permission.CONNECTIVITY_USE_RESTRICTED_NETWORKS for package com.google.android.dialer - not in privapp-permissions whitelist
11-06 14:09:21.150   753  1127 W PackageManager: Privileged permission android.permission.MODIFY_AUDIO_ROUTING for package com.google.android.dialer - not in privapp-permissions whitelist
11-06 14:09:21.150   753  1127 W PackageManager: Privileged permission android.permission.READ_PRIVILEGED_PHONE_STATE for package com.google.android.dialer - not in privapp-permissions whitelist
11-06 14:09:21.150   753  1127 W PackageManager: Privileged permission android.permission.WRITE_SECURE_SETTINGS for package com.google.android.dialer - not in privapp-permissions whitelist
11-06 14:09:21.151   753  1127 W PackageManager: Privileged permission android.permission.ALLOCATE_AGGRESSIVE for package com.google.android.gms - not in privapp-permissions whitelist
11-06 14:09:21.151   753  1127 W PackageManager: Privileged permission android.permission.MODIFY_DAY_NIGHT_MODE for package com.google.android.gms - not in privapp-permissions whitelist
11-06 14:09:21.151   753  1127 W PackageManager: Privileged permission android.permission.BIND_DIRECTORY_SEARCH for package com.google.android.gms - not in privapp-permissions whitelist
11-06 14:09:21.152   753   788 I ActivityManager: Override config changes=100 {1.0 ?mcc?mnc [en_US] ldltr sw411dp w411dp h659dp 420dpi nrml port finger -keyb/v/h -nav/h appBounds=Rect(0, 0 - 1080, 1794) s.6} for displayId=0
11-06 14:09:21.152   753  1127 W PackageManager: Privileged permission android.permission.PACKET_KEEPALIVE_OFFLOAD for package com.google.android.ims - not in privapp-permissions whitelist
11-06 14:09:21.152   753  1127 W PackageManager: Privileged permission android.permission.CONNECTIVITY_USE_RESTRICTED_NETWORKS for package com.google.android.ims - not in privapp-permissions whitelist
11-06 14:09:21.153   753  1127 W PackageManager: Privileged permission android.permission.PACKAGE_USAGE_STATS for package com.google.android.apps.turbo - not in privapp-permissions whitelist
11-06 14:09:21.161   753  1127 W PackageManager: Privileged permission android.permission.READ_PRIVILEGED_PHONE_STATE for package com.google.android.apps.gcs - not in privapp-permissions whitelist
11-06 14:09:21.288   753  1127 W StorageManagerService: No primary storage mounted!
11-06 14:09:21.288   753  1127 D VoldConnector: SND -> {2 asec list}
11-06 14:09:21.289   753  1132 D VoldConnector: RCV <- {200 2 asec operation succeeded}
11-06 14:09:21.369   753   753 I SystemServer: StartWifiScanning
11-06 14:09:21.372   753   753 I SystemServiceManager: Starting com.android.server.wifi.scanner.WifiScanningService
11-06 14:09:21.375   753   753 I SystemServer: StartWifiRtt
11-06 14:09:21.376   753   753 I SystemServiceManager: Starting com.android.server.wifi.RttService
11-06 14:09:21.380   753   753 I SystemServer: No Wi-Fi Aware Service (Aware support Not Present)
11-06 14:09:21.380   753   753 I SystemServer: StartWifiP2P
11-06 14:09:21.381   753   753 I SystemServiceManager: Starting com.android.server.wifi.p2p.WifiP2pService
11-06 14:09:21.393   753   753 I SystemServer: StartEthernet
11-06 14:09:21.394   753   753 I SystemServiceManager: Starting com.android.server.ethernet.EthernetService
11-06 14:09:21.406   753   753 I SystemServer: StartConnectivityService
11-06 14:09:21.421   753   753 D ConnectivityService: ConnectivityService starting up
11-06 14:09:21.427   753   753 D ConnectivityService: wifiOnly=false
11-06 14:09:21.464   753   753 I SystemServer: StartNsdService
11-06 14:09:21.471   753   753 D NsdService: Network service discovery is enabled
11-06 14:09:21.477   753   753 I SystemServer: StartUpdateLockService
11-06 14:09:21.479   753   753 I SystemServer: WaitForAsecScan
11-06 14:09:21.479   753   753 I SystemServer: StartNotificationManager
11-06 14:09:21.480   753   753 I SystemServiceManager: Starting com.android.server.notification.NotificationManagerService
11-06 14:09:21.506   753   753 D ConditionProviders.SCP: new ScheduleConditionProvider()
11-06 14:09:21.526   753   777 I UsageStatsService: User[0] Rollover scheduled @ 2020-11-07 14:09:20(1604776160852)
11-06 14:09:21.526   753   777 I UsageStatsService: User[0] Rolling over usage stats complete. Took 384 milliseconds
11-06 14:09:21.543   753   753 I ConditionProviders: Read condition provider permissions from xml
11-06 14:09:21.552   753   753 W SystemServiceManager: Service com.android.server.notification.NotificationManagerService took 68 ms in onStart
11-06 14:09:21.554   753   753 I SystemServer: StartDeviceMonitor
11-06 14:09:21.554   753   753 I SystemServiceManager: Starting com.android.server.storage.DeviceStorageMonitorService
11-06 14:09:21.565   753   753 I SystemServer: StartLocationManagerService
11-06 14:09:21.569   753   753 I SystemServer: StartCountryDetectorService
11-06 14:09:21.571   753   753 I SystemServer: StartSearchManagerService
11-06 14:09:21.572   753   753 I SystemServiceManager: Starting com.android.server.search.SearchManagerService$Lifecycle
11-06 14:09:21.576   753   753 I SystemServer: StartWallpaperManagerService
11-06 14:09:21.576   753   753 I SystemServiceManager: Starting com.android.server.wallpaper.WallpaperManagerService$Lifecycle
11-06 14:09:21.582   753   753 I WallpaperManagerService: No static wallpaper imagery; defaults will be shown
11-06 14:09:21.587   753   753 I SystemServer: StartAudioService
11-06 14:09:21.587   753   753 I SystemServiceManager: Starting com.android.server.audio.AudioService$Lifecycle
11-06 14:09:21.658   753   753 I SystemServer: StartDockObserver
11-06 14:09:21.660   753   753 I SystemServiceManager: Starting com.android.server.DockObserver
11-06 14:09:21.662   753   753 W DockObserver: This kernel does not have dock station support
11-06 14:09:21.666   753   753 I SystemServer: StartWiredAccessoryManager
11-06 14:09:21.671   753   753 W WiredAccessoryManager: This kernel does not have usb audio support
11-06 14:09:21.672   753   753 W WiredAccessoryManager: This kernel does not have HDMI audio support
11-06 14:09:21.672   753   753 I SystemServer: StartMidiManager
11-06 14:09:21.673   753   753 I SystemServiceManager: Starting com.android.server.midi.MidiService$Lifecycle
11-06 14:09:21.676   753   753 I SystemServer: StartUsbService
11-06 14:09:21.676   753   753 I SystemServiceManager: Starting com.android.server.usb.UsbService$Lifecycle
11-06 14:09:21.713   753  1012 I UsbPortManager: Usb hal service started android.hardware.usb@1.0::IUsb default
11-06 14:09:21.733   753   753 W SystemServiceManager: Service com.android.server.usb.UsbService$Lifecycle took 58 ms in onStart
11-06 14:09:21.734   753   753 I SystemServer: StartSerialService
11-06 14:09:21.735   753   753 I SystemServer: StartHardwarePropertiesManagerService
11-06 14:09:21.741   753   937 I PackageManager: Deferred reconcileAppsData finished 123 packages
11-06 14:09:21.752   753   753 I SystemServer: StartTwilightService
11-06 14:09:21.753   753   753 I SystemServiceManager: Starting com.android.server.twilight.TwilightService
11-06 14:09:21.754   753   753 I SystemServer: StartJobScheduler
11-06 14:09:21.754   753   753 I SystemServiceManager: Starting com.android.server.job.JobSchedulerService
11-06 14:09:21.763   753   753 D JobStore: Start tag: job-info
11-06 14:09:21.784   753   753 I JobStore: Read 108 jobs
11-06 14:09:21.788   753   753 D ConnectivityService: requestNetwork for uid/pid:1000/753 NetworkRequest [ TRACK_DEFAULT id=3, [ Capabilities: INTERNET&NOT_RESTRICTED&TRUSTED&NOT_VPN] ]
11-06 14:09:21.796   753   753 I SystemServer: StartSoundTrigger
11-06 14:09:21.796   753   753 I SystemServiceManager: Starting com.android.server.soundtrigger.SoundTriggerService
11-06 14:09:21.799   753   753 I SystemServer: StartTrustManager
11-06 14:09:21.799   753   753 I SystemServiceManager: Starting com.android.server.trust.TrustManagerService
11-06 14:09:21.808   753   753 I SystemServer: StartBackupManager
11-06 14:09:21.809   753   753 I SystemServiceManager: Starting com.android.server.backup.BackupManagerService$Lifecycle
11-06 14:09:21.812   753   753 I SystemServer: StartAppWidgerService
11-06 14:09:21.813   753   753 I SystemServiceManager: Starting com.android.server.appwidget.AppWidgetService
11-06 14:09:21.826   753   753 I SystemServer: StartVoiceRecognitionManager
11-06 14:09:21.826   753   753 I SystemServiceManager: Starting com.android.server.voiceinteraction.VoiceInteractionManagerService
11-06 14:09:21.832   753   753 I SystemServer: StartGestureLauncher
11-06 14:09:21.832   753   753 I SystemServiceManager: Starting com.android.server.GestureLauncherService
11-06 14:09:21.833   753   753 I SystemServer: StartSensorNotification
11-06 14:09:21.833   753   753 I SystemServiceManager: Starting com.android.server.SensorNotificationService
11-06 14:09:21.835   753   753 I SystemServer: StartContextHubSystemService
11-06 14:09:21.836   753   753 I SystemServiceManager: Starting com.android.server.ContextHubSystemService
11-06 14:09:21.837   753   753 I SystemServer: StartDiskStatsService
11-06 14:09:21.841   753   753 I SystemServer: StartTimeZoneRulesManagerService
11-06 14:09:21.842   753   753 I SystemServiceManager: Starting com.android.server.timezone.RulesManagerService$Lifecycle
11-06 14:09:21.850   753   753 D timezone.PackageTracker: Update app com.android.timezone.updater is valid.
11-06 14:09:21.852   753   753 D timezone.PackageTracker: Data app com.google.android.timezone.data is valid.
11-06 14:09:21.856   753   753 D timezone.TimeZoneUpdateIdler: schedule() called: minimumDelayMillis=360000
11-06 14:09:21.856   753   753 I timezone.PackageTracker: Time zone updater / data package tracking enabled
11-06 14:09:21.857   753   753 I SystemServer: StartNetworkTimeUpdateService
11-06 14:09:21.861   753   753 I SystemServer: StartCommonTimeManagementService
11-06 14:09:21.866   753   753 I SystemServer: CertBlacklister
11-06 14:09:21.870   753   753 I SystemServer: StartEmergencyAffordanceService
11-06 14:09:21.872   753   753 I SystemServiceManager: Starting com.android.server.emergency.EmergencyAffordanceService
11-06 14:09:21.874   753   753 I SystemServer: StartDreamManager
11-06 14:09:21.874   753   753 I SystemServiceManager: Starting com.android.server.dreams.DreamManagerService
11-06 14:09:21.879   753   753 I SystemServer: AddGraphicsStatsService
11-06 14:09:21.888   753   753 I SystemServer: StartPrintManager
11-06 14:09:21.889   753   753 I SystemServiceManager: Starting com.android.server.print.PrintManagerService
11-06 14:09:21.895   753   753 I SystemServer: StartCompanionDeviceManager
11-06 14:09:21.897   753   753 I SystemServiceManager: Starting com.android.server.companion.CompanionDeviceManagerService
11-06 14:09:21.905   753   753 I SystemServer: StartRestrictionManager
11-06 14:09:21.905   753   753 I SystemServiceManager: Starting com.android.server.restrictions.RestrictionsManagerService
11-06 14:09:21.910   753   753 I SystemServer: StartMediaSessionService
11-06 14:09:21.911   753   753 I SystemServiceManager: Starting com.android.server.media.MediaSessionService
11-06 14:09:21.920   753   753 I SystemServer: StartMediaResourceMonitor
11-06 14:09:21.920   753   753 I SystemServiceManager: Starting com.android.server.media.MediaResourceMonitorService
11-06 14:09:21.924   753   753 I SystemServer: StartMediaRouterService
11-06 14:09:21.929   753   753 I SystemServer: StartFingerprintSensor
11-06 14:09:21.931   753   753 I SystemServiceManager: Starting com.android.server.fingerprint.FingerprintService
11-06 14:09:21.937   753   945 V FingerprintService: mDeamon was null, reconnect to fingerprint
11-06 14:09:21.938   753   753 I SystemServer: StartBackgroundDexOptService
11-06 14:09:21.939   753   753 I SystemServer: StartPruneInstantAppsJobService
11-06 14:09:21.940   753   753 I SystemServer: StartShortcutServiceLifecycle
11-06 14:09:21.940   753   753 I SystemServiceManager: Starting com.android.server.pm.ShortcutService$Lifecycle
11-06 14:09:21.941   753   945 V FingerprintService: Fingerprint HAL id: 505671852032
11-06 14:09:21.946   753   753 I SystemServer: StartLauncherAppsService
11-06 14:09:21.946   753   753 I SystemServiceManager: Starting com.android.server.pm.LauncherAppsService
11-06 14:09:21.951   753   753 I SystemServer: StartMediaProjectionManager
11-06 14:09:21.951   753   753 I SystemServiceManager: Starting com.android.server.media.projection.MediaProjectionManagerService
11-06 14:09:21.958   753   753 I SystemServer: StartCameraServiceProxy
11-06 14:09:21.959   753   753 I SystemServiceManager: Starting com.android.server.camera.CameraServiceProxy
11-06 14:09:21.969   753   753 I SystemServer: StartJitCompilation
11-06 14:09:21.969   753   753 I SystemServer: StartMmsService
11-06 14:09:21.970   753   753 I SystemServiceManager: Starting com.android.server.MmsServiceBroker
11-06 14:09:21.975   753   753 I SystemServer: StartAutoFillService
11-06 14:09:21.976   753   753 I SystemServiceManager: Starting com.android.server.autofill.AutofillManagerService
11-06 14:09:21.977   753   753 I AutofillManagerService: Setting debug to false
11-06 14:09:21.978   753  1127 I StorageManagerService: Running fstrim idle maintenance
11-06 14:09:21.978   753  1127 D VoldConnector: SND -> {3 fstrim dotrim}
11-06 14:09:21.979   382   390 I vold    : [libfs_mgr]fs_mgr_read_fstab_dt(): failed to read fstab from dt
11-06 14:09:21.980   753  1132 D VoldConnector: RCV <- {200 3 Command succeeded}
11-06 14:09:21.981   382  1303 D vold    : Starting trim of /data
11-06 14:09:21.982   753   753 I SystemServer: MakeVibratorServiceReady
11-06 14:09:21.986   753   753 I SystemServer: MakeLockSettingsServiceReady
11-06 14:09:22.051   753   753 I SyntheticPasswordManager: Device does not support weaver
11-06 14:09:22.053   753   753 E LockSettingsStorage: Cannot read file java.io.FileNotFoundException: /data/system/gatekeeper.password.key: open failed: ENOENT (No such file or directory)
11-06 14:09:22.053   753   753 E LockSettingsStorage: Cannot read file java.io.FileNotFoundException: /data/system/password.key: open failed: ENOENT (No such file or directory)
11-06 14:09:22.054   753   753 E LockSettingsStorage: Cannot read file java.io.FileNotFoundException: /data/system/gatekeeper.pattern.key: open failed: ENOENT (No such file or directory)
11-06 14:09:22.054   753   753 E LockSettingsStorage: Cannot read file java.io.FileNotFoundException: /data/system/gatekeeper.gesture.key: open failed: ENOENT (No such file or directory)
11-06 14:09:22.054   753   753 E LockSettingsStorage: Cannot read file java.io.FileNotFoundException: /data/system/gesture.key: open failed: ENOENT (No such file or directory)
11-06 14:09:22.055   753   753 I SystemServer: StartBootPhaseLockSettingsReady
11-06 14:09:22.055   753   753 I SystemServiceManager: Starting phase 480
11-06 14:09:22.143   753   753 I DevicePolicyManager: Set ro.device_owner property to false
11-06 14:09:22.145   753   753 W SystemServiceManager: Service com.android.server.devicepolicy.DevicePolicyManagerService$Lifecycle took 89 ms in onBootPhase
11-06 14:09:22.151   753   753 I SystemServer: StartBootPhaseSystemServicesReady
11-06 14:09:22.151   753   753 I SystemServiceManager: Starting phase 500
11-06 14:09:22.154   753   753 W UsageStatsService: Missing procfs interface: /proc/uid_procstat/set
11-06 14:09:22.166   753   753 I VrManagerService: No default vr listener service found.
11-06 14:09:22.176   753   753 I WifiService: WifiService starting up with Wi-Fi enabled
11-06 14:09:22.189   753   753 D WifiService: setWifiEnabled: true pid=753, uid=1000, package=android
11-06 14:09:22.191   420   420 I android.hardware.wifi@1.0-service: Wifi HAL started
11-06 14:09:22.200   753  1237 D ConnectivityService: Got NetworkFactory Messenger for Ethernet
11-06 14:09:22.214   753   753 I SystemServer: MakeWindowManagerServiceReady
11-06 14:09:22.226   753   753 I SystemServer: MakePowerManagerServiceReady
11-06 14:09:22.243   753   753 I SystemServer: MakePackageManagerServiceReady
11-06 14:09:22.245   753   778 E KernelCpuSpeedReader: Failed to read cpu-freq: /sys/devices/system/cpu/cpu4/cpufreq/stats/time_in_state (No such file or directory)
11-06 14:09:22.246   753   790 W KeyguardServiceDelegate: onScreenTurningOn(): no keyguard service!
11-06 14:09:22.268   753   753 V UserDataPreparer: Found /data/user_de/0 with serial number 0
11-06 14:09:22.268   753   753 V UserDataPreparer: Found /data/user/0 with serial number 0
11-06 14:09:22.269   753   753 V UserDataPreparer: Found /data/system_de/0 with serial number 0
11-06 14:09:22.269   753   753 V UserDataPreparer: Found /data/system_ce/0 with serial number 0
11-06 14:09:22.269   753   753 V UserDataPreparer: Found /data/misc_ce/0 with serial number 0
11-06 14:09:22.272   753   753 I SystemServer: MakeDisplayManagerServiceReady
11-06 14:09:22.277   753   753 I ActivityManager: System now ready
11-06 14:09:22.279   753   753 I ActivityManager: Config changes=100 {1.0 ?mcc?mnc [en_US] ldltr sw411dp w411dp h659dp 420dpi nrml port finger -keyb/v/h -nav/h appBounds=Rect(0, 0 - 1080, 1794) s.7}
11-06 14:09:22.285   753   753 I ActivityManager: Override config changes=100 {1.0 ?mcc?mnc [en_US] ldltr sw411dp w411dp h659dp 420dpi nrml port finger -keyb/v/h -nav/h appBounds=Rect(0, 0 - 1080, 1794) s.7} for displayId=0
11-06 14:09:22.289   753   753 I SystemServer: Making services ready
11-06 14:09:22.289   753   753 I SystemServer: StartActivityManagerReadyPhase
11-06 14:09:22.289   753   753 I SystemServiceManager: Starting phase 550
11-06 14:09:22.290   753   788 I ActivityManager: Config changes=100 {1.0 ?mcc?mnc [en_US] ldltr sw411dp w411dp h659dp 420dpi nrml port finger -keyb/v/h -nav/h appBounds=Rect(0, 0 - 1080, 1794) s.8}
11-06 14:09:22.300   753   788 I ActivityManager: Override config changes=100 {1.0 ?mcc?mnc [en_US] ldltr sw411dp w411dp h659dp 420dpi nrml port finger -keyb/v/h -nav/h appBounds=Rect(0, 0 - 1080, 1794) s.8} for displayId=0
11-06 14:09:22.476   753   753 W SystemServiceManager: Service com.android.server.content.ContentService$Lifecycle took 166 ms in onBootPhase
11-06 14:09:22.476   753   753 D BluetoothManagerService: Bluetooth boot completed
11-06 14:09:22.733   753   753 I ActivityManager: Start proc 1591:com.google.android.inputmethod.latin/u0a80 for service com.google.android.inputmethod.latin/com.android.inputmethod.latin.LatinIME
11-06 14:09:22.734   753   753 W SystemServiceManager: Service com.android.server.InputMethodManagerService$Lifecycle took 257 ms in onBootPhase
11-06 14:09:22.734   753  1127 D StorageManagerService: Thinking about init, mSystemReady=true, mDaemonConnected=true
11-06 14:09:22.734   753  1127 D StorageManagerService: Setting up emulation state, initlocked=false
11-06 14:09:22.735   753  1127 D CryptdConnector: SND -> {2 cryptfs unlock_user_key 0 0 ! !}
11-06 14:09:22.735   382   391 D vold    : e4crypt_unlock_user_key 0 serial=0 token_present=0
11-06 14:09:22.735   753   753 W TextServicesManagerService: no available spell checker services found
11-06 14:09:22.736   753  1133 D CryptdConnector: RCV <- {200 2 Command succeeded}
11-06 14:09:22.736   753  1127 D StorageManagerService: Thinking about reset, mSystemReady=true, mDaemonConnected=true
11-06 14:09:22.736   753   753 W WallpaperManagerService: Invalid wallpaper data
11-06 14:09:22.736   753   753 E WallpaperManagerService: Unable to apply new wallpaper
11-06 14:09:22.737   753   753 V WallpaperManagerService: bindWallpaperComponentLocked: componentName=null
11-06 14:09:22.737   753   753 V WallpaperManagerService: No default component; using image wallpaper
11-06 14:09:22.737   753  1127 D VoldConnector: SND -> {4 volume reset}
11-06 14:09:22.737   753   778 I ActivityManager: Force stopping com.android.providers.media appid=10016 user=-1: vold reset
11-06 14:09:22.738   753  1132 D VoldConnector: RCV <- {651 emulated 7}
11-06 14:09:22.738   753  1132 D VoldConnector: RCV <- {659 emulated}
11-06 14:09:22.739   753  1132 D VoldConnector: RCV <- {650 emulated 2 "" ""}
11-06 14:09:22.739   753  1132 D VoldConnector: RCV <- {651 emulated 0}
11-06 14:09:22.740   753  1132 D VoldConnector: RCV <- {200 4 Command succeeded}
11-06 14:09:22.741   753   786 V StorageManagerService: Found primary storage at VolumeInfo{emulated}:
11-06 14:09:22.741   753   786 V StorageManagerService:     type=EMULATED diskId=null partGuid=null mountFlags=0 mountUserId=-1 
11-06 14:09:22.741   753   786 V StorageManagerService:     state=UNMOUNTED 
11-06 14:09:22.741   753   786 V StorageManagerService:     fsType=null fsUuid=null fsLabel=null 
11-06 14:09:22.741   753   786 V StorageManagerService:     path=null internalPath=null 
11-06 14:09:22.744   753  1127 D VoldConnector: SND -> {5 volume user_added 0 0}
11-06 14:09:22.745   753  1132 D VoldConnector: RCV <- {200 5 Command succeeded}
11-06 14:09:22.755   753   753 I ActivityManager: Start proc 1623:com.android.systemui/u0a42 for service com.android.systemui/.ImageWallpaper
11-06 14:09:22.756   753  1127 D VoldConnector: SND -> {6 volume mount emulated 3 -1}
11-06 14:09:22.758   382   390 V vold    : Waiting for FUSE to spin up...
11-06 14:09:22.760   753  1132 D VoldConnector: RCV <- {651 emulated 1}
11-06 14:09:22.760   753  1132 D VoldConnector: RCV <- {656 emulated /data/media}
11-06 14:09:22.761   753  1132 D VoldConnector: RCV <- {655 emulated /storage/emulated}
11-06 14:09:22.761   753  1254 D BluetoothManagerService: Trying to bind to profile: 1, while Bluetooth was disabled
11-06 14:09:22.776   753   753 D UsbAlsaManager: Adding ALSA device AlsaDevice: [card: 0, device: 0, type: 2]
11-06 14:09:22.776   753   753 D UsbAlsaManager: Adding ALSA device AlsaDevice: [card: 0, device: 0, type: 1]
11-06 14:09:22.776   753   753 D UsbAlsaManager: Adding ALSA device AlsaDevice: [card: 0, device: 1, type: 2]
11-06 14:09:22.776   753   753 D UsbAlsaManager: Adding ALSA device AlsaDevice: [card: 0, device: 1, type: 1]
11-06 14:09:22.776   753   753 D UsbAlsaManager: Adding ALSA device AlsaDevice: [card: 0, device: 2, type: 2]
11-06 14:09:22.776   753   753 D UsbAlsaManager: Adding ALSA device AlsaDevice: [card: 0, device: 2, type: 1]
11-06 14:09:22.776   753   753 D UsbAlsaManager: Adding ALSA device AlsaDevice: [card: 0, device: 3, type: 2]
11-06 14:09:22.782   753   753 D UsbAlsaManager: Adding ALSA device AlsaDevice: [card: 0, device: 3, type: 1]
11-06 14:09:22.782   753   753 D UsbAlsaManager: Adding ALSA device AlsaDevice: [card: 0, device: 4, type: 1]
11-06 14:09:22.782   753   753 D UsbAlsaManager: Adding ALSA device AlsaDevice: [card: 0, device: 5, type: 2]
11-06 14:09:22.782   753   753 D UsbAlsaManager: Adding ALSA device AlsaDevice: [card: 0, device: 5, type: 1]
11-06 14:09:22.782   753   753 D UsbAlsaManager: Adding ALSA device AlsaDevice: [card: 0, device: 6, type: 2]
11-06 14:09:22.782   753   753 D UsbAlsaManager: Adding ALSA device AlsaDevice: [card: 0, device: 7, type: 1]
11-06 14:09:22.782   753   753 D UsbAlsaManager: Adding ALSA device AlsaDevice: [card: 0, device: 8, type: 2]
11-06 14:09:22.782   753   753 D UsbAlsaManager: Adding ALSA device AlsaDevice: [card: 0, device: 10, type: 2]
11-06 14:09:22.782   753   753 D UsbAlsaManager: Adding ALSA device AlsaDevice: [card: 0, device: 10, type: 1]
11-06 14:09:22.782   753   753 D UsbAlsaManager: Adding ALSA device AlsaDevice: [card: 0, device: 11, type: 2]
11-06 14:09:22.782   753   753 D UsbAlsaManager: Adding ALSA device AlsaDevice: [card: 0, device: 11, type: 1]
11-06 14:09:22.782   753   753 D UsbAlsaManager: Adding ALSA device AlsaDevice: [card: 0, device: 12, type: 2]
11-06 14:09:22.782   753   753 D UsbAlsaManager: Adding ALSA device AlsaDevice: [card: 0, device: 12, type: 1]
11-06 14:09:22.782   753   753 D UsbAlsaManager: Adding ALSA device AlsaDevice: [card: 0, device: 13, type: 2]
11-06 14:09:22.782   753   753 D UsbAlsaManager: Adding ALSA device AlsaDevice: [card: 0, device: 13, type: 1]
11-06 14:09:22.782   753   753 D UsbAlsaManager: Adding ALSA device AlsaDevice: [card: 0, device: 14, type: 2]
11-06 14:09:22.782   753   753 D UsbAlsaManager: Adding ALSA device AlsaDevice: [card: 0, device: 14, type: 1]
11-06 14:09:22.782   753   753 D UsbAlsaManager: Adding ALSA device AlsaDevice: [card: 0, device: 15, type: 2]
11-06 14:09:22.782   753   753 D UsbAlsaManager: Adding ALSA device AlsaDevice: [card: 0, device: 15, type: 1]
11-06 14:09:22.782   753   753 D UsbAlsaManager: Adding ALSA device AlsaDevice: [card: 0, device: 16, type: 2]
11-06 14:09:22.782   753   753 D UsbAlsaManager: Adding ALSA device AlsaDevice: [card: 0, device: 19, type: 2]
11-06 14:09:22.782   753   753 D UsbAlsaManager: Adding ALSA device AlsaDevice: [card: 0, device: 19, type: 1]
11-06 14:09:22.782   753   753 D UsbAlsaManager: Adding ALSA device AlsaDevice: [card: 0, device: 20, type: 2]
11-06 14:09:22.782   753   753 D UsbAlsaManager: Adding ALSA device AlsaDevice: [card: 0, device: 20, type: 1]
11-06 14:09:22.782   753   753 D UsbAlsaManager: Adding ALSA device AlsaDevice: [card: 0, device: 21, type: 1]
11-06 14:09:22.782   753   753 D UsbAlsaManager: Adding ALSA device AlsaDevice: [card: 0, device: 22, type: 2]
11-06 14:09:22.782   753   753 D UsbAlsaManager: Adding ALSA device AlsaDevice: [card: 0, device: 22, type: 1]
11-06 14:09:22.782   753   753 D UsbAlsaManager: Adding ALSA device AlsaDevice: [card: 0, device: 23, type: 2]
11-06 14:09:22.782   753   753 D UsbAlsaManager: Adding ALSA device AlsaDevice: [card: 0, device: 23, type: 1]
11-06 14:09:22.782   753   753 D UsbAlsaManager: Adding ALSA device AlsaDevice: [card: 0, device: 24, type: 2]
11-06 14:09:22.782   753   753 D UsbAlsaManager: Adding ALSA device AlsaDevice: [card: 0, device: 24, type: 1]
11-06 14:09:22.782   753   753 D UsbAlsaManager: Adding ALSA device AlsaDevice: [card: 0, device: 25, type: 2]
11-06 14:09:22.782   753   753 D UsbAlsaManager: Adding ALSA device AlsaDevice: [card: 0, device: 26, type: 1]
11-06 14:09:22.782   753   753 D UsbAlsaManager: Adding ALSA device AlsaDevice: [card: 0, device: 27, type: 2]
11-06 14:09:22.782   753   753 D UsbAlsaManager: Adding ALSA device AlsaDevice: [card: 0, device: 28, type: 2]
11-06 14:09:22.782   753   753 D UsbAlsaManager: Adding ALSA device AlsaDevice: [card: 0, device: 29, type: 2]
11-06 14:09:22.782   753   753 D UsbAlsaManager: Adding ALSA device AlsaDevice: [card: 0, device: 30, type: 2]
11-06 14:09:22.782   753   753 D UsbAlsaManager: Adding ALSA device AlsaDevice: [card: 0, device: 31, type: 2]
11-06 14:09:22.782   753   753 D UsbAlsaManager: Adding ALSA device AlsaDevice: [card: 0, device: 32, type: 2]
11-06 14:09:22.782   753   753 D UsbAlsaManager: Adding ALSA device AlsaDevice: [card: 0, device: 33, type: 2]
11-06 14:09:22.782   753   753 D UsbAlsaManager: Adding ALSA device AlsaDevice: [card: 0, device: 34, type: 2]
11-06 14:09:22.782   753   753 D UsbAlsaManager: Adding ALSA device AlsaDevice: [card: 0, device: 35, type: 2]
11-06 14:09:22.783   753   753 D UsbAlsaManager: Adding ALSA device AlsaDevice: [card: 0, device: 35, type: 1]
11-06 14:09:22.783   753   753 D UsbAlsaManager: Adding ALSA device AlsaDevice: [card: 0, device: 36, type: 2]
11-06 14:09:22.783   753   753 D UsbAlsaManager: Adding ALSA device AlsaDevice: [card: 0, device: 36, type: 1]
11-06 14:09:22.783   753   753 D UsbAlsaManager: Adding ALSA device AlsaDevice: [card: 0, device: 43, type: 2]
11-06 14:09:22.788   753   753 I SystemServer: StartObservingNativeCrashes
11-06 14:09:22.789   753   753 I SystemServer: StartSystemUI
11-06 14:09:22.790   753  1263 I UsbPortManager: ClientCallback: otg_default
11-06 14:09:22.790   753   937 I SystemServer: WebViewFactoryPreparation
11-06 14:09:22.791   753   753 I SystemServer: MakeNetworkScoreReady
11-06 14:09:22.796   753   786 I UsbPortManager: USB port added: port=UsbPort{id=otg_default, supportedModes=dual}, status=UsbPortStatus{connected=false, currentMode=none, currentPowerRole=no-power, currentDataRole=no-data, supportedRoleCombinations=[no-power:no-data]}, canChangeMode=true, canChangePowerRole=false, canChangeDataRole=false
11-06 14:09:22.798   753   753 I SystemServer: MakeNetworkManagementServiceReady
11-06 14:09:22.798   753   753 D NetworkManagement: enabling bandwidth control
11-06 14:09:22.809   753  1132 D VoldConnector: RCV <- {651 emulated 2}
11-06 14:09:22.810   753  1132 D VoldConnector: RCV <- {200 6 Command succeeded}
11-06 14:09:22.840   753   753 I SystemServer: MakeNetworkStatsServiceReady
11-06 14:09:22.907   753  1190 D NetworkPolicy: setRestrictBackgroundUL(): false
11-06 14:09:22.940   753   937 W ActivityManager: Slow operation: 78ms so far, now at startProcess: returned from zygote!
11-06 14:09:22.940   753   937 W ActivityManager: Slow operation: 79ms so far, now at startProcess: done updating battery stats
11-06 14:09:22.940   753   937 W ActivityManager: Slow operation: 79ms so far, now at startProcess: building log message
11-06 14:09:22.940   753   937 I ActivityManager: Start proc 1728:WebViewLoader-armeabi-v7a/1037 [android.webkit.WebViewLibraryLoader$RelroFileCreator] for 
11-06 14:09:22.940   753   937 W ActivityManager: Slow operation: 79ms so far, now at startProcess: starting to update pids map
11-06 14:09:22.940   753   937 W ActivityManager: Slow operation: 79ms so far, now at startProcess: done updating pids map
11-06 14:09:22.940   753   937 W ActivityManager: Slow operation: 79ms so far, now at startProcess: done starting proc!
11-06 14:09:22.982   753   937 I ActivityManager: Start proc 1747:WebViewLoader-arm64-v8a/1037 [android.webkit.WebViewLibraryLoader$RelroFileCreator] for 
11-06 14:09:22.988   753   753 I SystemServer: MakeConnectivityServiceReady
11-06 14:09:23.078   753   753 I SystemServer: MakeNetworkPolicyServiceReady
11-06 14:09:23.078   753   753 I SystemServer: StartWatchdog
11-06 14:09:23.079   753   753 I SystemServer: PhaseThirdPartyAppsCanStart
11-06 14:09:23.079   753   753 I SystemServiceManager: Starting phase 600
11-06 14:09:23.083   753   753 V WallpaperManagerService: bindWallpaperComponentLocked: componentName=ComponentInfo{com.android.systemui/com.android.systemui.ImageWallpaper}
11-06 14:09:23.173   753   753 W SystemServiceManager: Service com.android.server.emergency.EmergencyAffordanceService took 58 ms in onBootPhase
11-06 14:09:23.180   753   753 I SystemServer: MakeLocationServiceReady
11-06 14:09:23.573   753   753 W LocationProviderProxy-network: Odd, no component found for service com.android.location.service.v3.NetworkLocationProvider
11-06 14:09:23.582   753   753 W GeocoderProxy: Odd, no component found for service com.android.location.service.GeocodeProvider
11-06 14:09:23.583   753   753 D LocationManagerService: FLP HAL not supported
11-06 14:09:23.589   753   753 W GeofenceProxy: Odd, no component found for service com.android.location.service.GeofenceProvider
11-06 14:09:23.590   577   577 I wificond: create scanner for interface with index: 22
11-06 14:09:23.590   577   577 I wificond: subscribe scan result for interface with index: 22
11-06 14:09:23.592   753   753 D LocationManagerService: Hardware Activity-Recognition not supported.
11-06 14:09:23.594   577   577 E wificond: No Offload Service available
11-06 14:09:23.594   577   577 I wificond: Offload HAL not supported 
11-06 14:09:23.597   753   753 W ActivityRecognitionProxy: Odd, no component found for service com.android.location.service.ActivityRecognitionProvider
11-06 14:09:23.600   753   778 W BroadcastQueue: Background execution not allowed: receiving Intent { act=android.location.PROVIDERS_CHANGED flg=0x10 } to com.google.android.gms/.chimera.GmsIntentOperationService$PersistentTrustedReceiver
11-06 14:09:23.601   753   778 W BroadcastQueue: Background execution not allowed: receiving Intent { act=android.location.MODE_CHANGED flg=0x10 } to com.google.android.gms/.chimera.GmsIntentOperationService$PersistentTrustedReceiver
11-06 14:09:23.607   753   753 I SystemServer: MakeCountryDetectionServiceReady
11-06 14:09:23.607   753   753 I SystemServer: MakeNetworkTimeUpdateReady
11-06 14:09:23.615   753   753 D ConnectivityService: requestNetwork for uid/pid:1000/753 NetworkRequest [ TRACK_DEFAULT id=5, [ Capabilities: INTERNET&NOT_RESTRICTED&TRUSTED&NOT_VPN] ]
11-06 14:09:23.615   753   753 I SystemServer: MakeCommonTimeManagementServiceReady
11-06 14:09:23.616   753   753 I SystemServer: MakeInputManagerServiceReady
11-06 14:09:23.617   753   753 I SystemServer: MakeTelephonyRegistryReady
11-06 14:09:23.618   753   753 I SystemServer: MakeMediaRouterServiceReady
11-06 14:09:23.618   753   753 I SystemServer: MakeMmsServiceReady
11-06 14:09:23.619   753   753 I MmsServiceBroker: Delay connecting to MmsService until an API is called
11-06 14:09:23.619   753   753 I SystemServer: MakeNetworkScoreServiceReady
11-06 14:09:23.619   753   753 I SystemServer: IncidentDaemonReady
11-06 14:09:23.619   753   753 I SystemServiceManager: Calling onStartUser u0
11-06 14:09:23.651   753   753 I ActivityManager: Start proc 2021:com.android.phone/1001 for added application com.android.phone
11-06 14:09:23.652   753   753 I ActivityManager: START u0 {act=android.intent.action.MAIN cat=[android.intent.category.HOME] flg=0x10000100 cmp=com.android.settings/.FallbackHome} from uid 0
11-06 14:09:23.799   753   753 I ActivityManager: Loaded persisted task ids for user 0
11-06 14:09:23.846   753   753 I ActivityManager: Start proc 2095:com.android.settings/1000 for activity com.android.settings/.FallbackHome
11-06 14:09:23.849   753   779 W Looper  : Dispatch took 219ms on android.ui, h=Handler (com.android.server.am.ActivityManagerService$UiHandler) {a18c34b} cb=null msg=53
11-06 14:09:23.860   753   753 D SystemServerInitThreadPool: Shutdown successful
11-06 14:09:23.871   753   753 D ConditionProviders.SCP: onConnected
11-06 14:09:23.876   753   753 D ConditionProviders: Subscribing to condition://android/event?userId=-10000&calendar=&reply=1 with ComponentInfo{android/com.android.server.notification.EventConditionProvider}
11-06 14:09:23.889   753   753 D ConditionProviders: Subscribing to condition://android/schedule?days=1.2.3.4.5&start=22.0&end=7.0&exitAtAlarm=false with ComponentInfo{android/com.android.server.notification.ScheduleConditionProvider}
11-06 14:09:23.889   753   753 D ConditionProviders: Subscribing to condition://android/schedule?days=6.7&start=23.30&end=10.0&exitAtAlarm=false with ComponentInfo{android/com.android.server.notification.ScheduleConditionProvider}
11-06 14:09:24.098   753   782 E BatteryExternalStatsWorker: no controller energy info supplied for telephony
11-06 14:09:24.124   382  1303 I vold    : Trimmed 22737305600 bytes on /data in 2141ms
11-06 14:09:24.126   382  1303 D vold    : Starting trim of /cache
11-06 14:09:24.126   753  1132 D VoldConnector: RCV <- {662 /data 22737305600 2141877817}
11-06 14:09:24.137   382  1303 I vold    : Trimmed 86937600 bytes on /cache in 6ms
11-06 14:09:24.139   753  1132 D VoldConnector: RCV <- {662 /cache 86937600 6422918}
11-06 14:09:24.182   753   753 D BluetoothManagerService: Trying to bind to profile: 1, while Bluetooth was disabled
11-06 14:09:24.203   753  2207 I Telecom : BluetoothRouteManager: getBluetoothAudioConnectedDevice: no headset service available.
11-06 14:09:24.228   753   753 I Telecom : SystemStateProvider: Registering car mode receiver: android.content.IntentFilter@c5fe378: TS.init@AAA
11-06 14:09:24.275   753  2217 I Telecom : Logging.Events: Non-call EVENT: AUDIO_ROUTE, Entering state QuiescentEarpieceRoute
11-06 14:09:24.278   753   944 W LocalDisplayAdapter: Unable to find color mode 0, ignoring request.
11-06 14:09:24.281   753   778 W KeyguardServiceDelegate: onScreenTurningOn(): no keyguard service!
11-06 14:09:24.285   753  2225 I Telecom : CallAudioModeStateMachine: Message received: null.: TS.init->CAMSM.pM_1@AAA
11-06 14:09:24.296   753   753 I Telecom : MissedCallNotifierImpl: Boot not yet complete -- call log db may not be available. Deferring loading until boot complete.: TS.init@AAA
11-06 14:09:24.301   753   753 D BluetoothManagerService: Trying to bind to profile: 1, while Bluetooth was disabled
11-06 14:09:24.316   753   753 I Telecom : Class: TelecomSystem.INSTANCE being set
11-06 14:09:24.317   753   753 W ContextImpl: Calling a method in the system process without a qualified user: android.app.ContextImpl.startService:1476 android.content.ContextWrapper.startService:650 com.android.server.telecom.components.TelecomService.initializeTelecomSystem:180 com.android.server.telecom.components.TelecomService.onBind:64 android.app.ActivityThread.handleBindService:3366 
11-06 14:09:24.319   753   753 W ContextImpl: Calling a method in the system process without a qualified user: android.app.ContextImpl.startService:1476 com.android.server.content.SyncManager$13.run:722 android.os.Handler.handleCallback:790 android.os.Handler.dispatchMessage:99 android.os.Looper.loop:164 
11-06 14:09:24.344   753   766 W LocalDisplayAdapter: Unable to find color mode 0, ignoring request.
11-06 14:09:24.352   753  2049 W LocalDisplayAdapter: Unable to find color mode 0, ignoring request.
11-06 14:09:24.355   753   944 W LocalDisplayAdapter: Unable to find color mode 0, ignoring request.
11-06 14:09:24.505   753   753 V WiredAccessoryManager: notifyWiredAccessoryChanged: when=0 bits= mask=54
11-06 14:09:24.505   753   753 V WiredAccessoryManager: newName=h2w newState=0 headsetState=0 prev headsetState=0
11-06 14:09:24.505   753   753 V WiredAccessoryManager: init()
11-06 14:09:24.618   753   753 W BroadcastQueue: Background execution not allowed: receiving Intent { act=android.intent.action.ACTION_POWER_DISCONNECTED flg=0x4000010 (has extras) } to com.google.android.gms/.chimera.GmsIntentOperationService$PersistentTrustedReceiver
11-06 14:09:24.620   753   753 D ConditionProviders.SCP: onSubscribe condition://android/schedule?days=1.2.3.4.5&start=22.0&end=7.0&exitAtAlarm=false
11-06 14:09:24.621   753   753 D ConditionProviders.SCP: setRegistered true
11-06 14:09:24.622   753   753 D ConditionProviders.SCP: notifyCondition condition://android/schedule?days=1.2.3.4.5&start=22.0&end=7.0&exitAtAlarm=false STATE_FALSE reason=!meetsSchedule
11-06 14:09:24.641   753   753 D ConditionProviders.SCP: Scheduling evaluate for Fri Nov 06 22:00:00 EST 2020 (1604718000000), in +7h50m35s379ms, now=Fri Nov 06 14:09:24 EST 2020 (1604689764621)
11-06 14:09:24.654   753   753 D ConditionProviders.SCP: onSubscribe condition://android/schedule?days=6.7&start=23.30&end=10.0&exitAtAlarm=false
11-06 14:09:24.654   753   753 D ConditionProviders.SCP: notifyCondition condition://android/schedule?days=6.7&start=23.30&end=10.0&exitAtAlarm=false STATE_FALSE reason=!meetsSchedule
11-06 14:09:24.654   753   753 D ConditionProviders.SCP: notifyCondition condition://android/schedule?days=1.2.3.4.5&start=22.0&end=7.0&exitAtAlarm=false STATE_FALSE reason=!meetsSchedule
11-06 14:09:24.655   753   753 D ConditionProviders.SCP: Scheduling evaluate for Fri Nov 06 22:00:00 EST 2020 (1604718000000), in +7h50m35s346ms, now=Fri Nov 06 14:09:24 EST 2020 (1604689764654)
11-06 14:09:24.682   753   753 I Telecom : WiredHeadsetManager: ACTION_HEADSET_PLUG event, plugged in: false, : WHC.oADA@AAE
11-06 14:09:24.720   753   753 I AutofillManagerService: Updating Autofill for user 0: disabled=false
11-06 14:09:24.730   753  1247 E ActivityThread: Failed to find provider info for com.android.calendar
11-06 14:09:24.743   753  1247 E ActivityThread: Failed to find provider info for com.android.calendar
11-06 14:09:25.172   753   777 W LocationProviderProxy-network: Odd, no component found for service com.android.location.service.v3.NetworkLocationProvider
11-06 14:09:25.186   753   777 W GeocoderProxy: Odd, no component found for service com.android.location.service.GeocodeProvider
11-06 14:09:25.195   753   777 W GeofenceProxy: Odd, no component found for service com.android.location.service.GeofenceProvider
11-06 14:09:25.210   753   777 W ActivityRecognitionProxy: Odd, no component found for service com.android.location.service.ActivityRecognitionProvider
11-06 14:09:25.212   753   777 I SyncManager: Got SyncJobService instance.
11-06 14:09:25.380   753  2049 W WallpaperManagerService: Cannot extract colors because wallpaper could not be read.
11-06 14:09:25.381   753   765 W WallpaperManagerService: Cannot extract colors because wallpaper could not be read.
11-06 14:09:25.522   753  1237 D ConnectivityService: Got NetworkFactory Messenger for PhoneSwitcherNetworkRequstListener
11-06 14:09:25.585   753  1237 D ConnectivityService: Got NetworkFactory Messenger for TelephonyNetworkFactory[0]
11-06 14:09:25.597   753  2194 I StatusBarManagerService: registerStatusBar bar=com.android.internal.statusbar.IStatusBar$Stub$Proxy@2cffc56
11-06 14:09:25.725   753  2194 D BluetoothManagerService: Trying to bind to profile: 1, while Bluetooth was disabled
11-06 14:09:25.750  2021  2480 E ActivityThread: Failed to find provider info for com.android.contacts
11-06 14:09:25.802  2021  2021 I TelecomFramework: TtyManager: updateUiTtyMode -1 -> 0
11-06 14:09:25.891   753   788 W WindowManager: App freeze timeout expired.
11-06 14:09:26.063  1623  1623 I StatusBar: isKeyguardShowing() called before startKeyguard(), returning true
11-06 14:09:26.065  1623  1623 W StatusBar: isKeyguardSecure() called before startKeyguard(), returning false
11-06 14:09:26.065  1623  1623 W StatusBar: java.lang.Throwable
11-06 14:09:26.065  1623  1623 W StatusBar: 	at com.android.systemui.statusbar.phone.StatusBar.isKeyguardSecure(StatusBar.java:7551)
11-06 14:09:26.065  1623  1623 W StatusBar: 	at com.android.systemui.statusbar.phone.StatusBar.isCameraAllowedByAdmin(StatusBar.java:5436)
11-06 14:09:26.065  1623  1623 W StatusBar: 	at com.android.systemui.statusbar.phone.KeyguardBottomAreaView$DefaultRightButton.getIcon(KeyguardBottomAreaView.java:856)
11-06 14:09:26.065  1623  1623 W StatusBar: 	at com.android.systemui.statusbar.phone.KeyguardBottomAreaView.updateCameraVisibility(KeyguardBottomAreaView.java:382)
11-06 14:09:26.065  1623  1623 W StatusBar: 	at com.android.systemui.statusbar.phone.KeyguardBottomAreaView.setStatusBar(KeyguardBottomAreaView.java:351)
11-06 14:09:26.065  1623  1623 W StatusBar: 	at com.android.systemui.statusbar.phone.NotificationPanelView.setStatusBar(NotificationPanelView.java:252)
11-06 14:09:26.065  1623  1623 W StatusBar: 	at com.android.systemui.statusbar.phone.StatusBar.makeStatusBarView(StatusBar.java:1019)
11-06 14:09:26.065  1623  1623 W StatusBar: 	at com.android.systemui.statusbar.phone.StatusBar.addStatusBarWindow(StatusBar.java:3664)
11-06 14:09:26.065  1623  1623 W StatusBar: 	at com.android.systemui.statusbar.phone.StatusBar.createAndAddWindows(StatusBar.java:3660)
11-06 14:09:26.065  1623  1623 W StatusBar: 	at com.android.systemui.statusbar.phone.StatusBar.start(StatusBar.java:889)
11-06 14:09:26.065  1623  1623 W StatusBar: 	at com.android.systemui.SystemBars.createStatusBarFromConfig(SystemBars.java:71)
11-06 14:09:26.065  1623  1623 W StatusBar: 	at com.android.systemui.SystemBars.start(SystemBars.java:42)
11-06 14:09:26.065  1623  1623 W StatusBar: 	at com.android.systemui.SystemUIApplication.startServicesIfNeeded(SystemUIApplication.java:215)
11-06 14:09:26.065  1623  1623 W StatusBar: 	at com.android.systemui.SystemUIApplication.startServicesIfNeeded(SystemUIApplication.java:164)
11-06 14:09:26.065  1623  1623 W StatusBar: 	at com.android.systemui.SystemUIService.onCreate(SystemUIService.java:33)
11-06 14:09:26.065  1623  1623 W StatusBar: 	at android.app.ActivityThread.handleCreateService(ActivityThread.java:3339)
11-06 14:09:26.065  1623  1623 W StatusBar: 	at android.app.ActivityThread.-wrap4(Unknown Source:0)
11-06 14:09:26.065  1623  1623 W StatusBar: 	at android.app.ActivityThread$H.handleMessage(ActivityThread.java:1677)
11-06 14:09:26.065  1623  1623 W StatusBar: 	at android.os.Handler.dispatchMessage(Handler.java:106)
11-06 14:09:26.065  1623  1623 W StatusBar: 	at android.os.Looper.loop(Looper.java:164)
11-06 14:09:26.065  1623  1623 W StatusBar: 	at android.app.ActivityThread.main(ActivityThread.java:6494)
11-06 14:09:26.065  1623  1623 W StatusBar: 	at java.lang.reflect.Method.invoke(Native Method)
11-06 14:09:26.065  1623  1623 W StatusBar: 	at com.android.internal.os.RuntimeInit$MethodAndArgsCaller.run(RuntimeInit.java:438)
11-06 14:09:26.065  1623  1623 W StatusBar: 	at com.android.internal.os.ZygoteInit.main(ZygoteInit.java:807)
11-06 14:09:26.156   753  2194 I Telecom : PhoneAccountRegistrar: Modify account: [ComponentInfo{com.android.phone/com.android.services.telephony.TelephonyConnectionService}, [****], UserHandle{0}]: TSI.rPA@AAU
11-06 14:09:26.160  2021  2021 I TelecomFramework: AccountEntry: Registered phoneAccount: [[ ] PhoneAccount: ComponentInfo{com.android.phone/com.android.services.telephony.TelephonyConnectionService}, [****], UserHandle{0} Capabilities: CallProvider MultiUser PlaceEmerg SimSub  Audio Routes: BESW Schemes: tel voicemail  Extras: Bundle[{android.telecom.extra.SUPPORTS_VIDEO_CALLING_FALLBACK=true}] GroupId: [****]] with handle: ComponentInfo{com.android.phone/com.android.services.telephony.TelephonyConnectionService}, [****], UserHandle{0}
11-06 14:09:26.162  2021  2021 I TelecomFramework: PstnIncomingCallNotifier: Registering: Handler (com.android.internal.telephony.GsmCdmaPhone) {ed23d55}
11-06 14:09:26.180  1623  1623 I StatusBar: isKeyguardShowing() called before startKeyguard(), returning true
11-06 14:09:26.181  1623  1623 W StatusBar: isKeyguardSecure() called before startKeyguard(), returning false
11-06 14:09:26.181  1623  1623 W StatusBar: java.lang.Throwable
11-06 14:09:26.181  1623  1623 W StatusBar: 	at com.android.systemui.statusbar.phone.StatusBar.isKeyguardSecure(StatusBar.java:7551)
11-06 14:09:26.181  1623  1623 W StatusBar: 	at com.android.systemui.statusbar.phone.StatusBar.isCameraAllowedByAdmin(StatusBar.java:5436)
11-06 14:09:26.181  1623  1623 W StatusBar: 	at com.android.systemui.statusbar.phone.KeyguardBottomAreaView$DefaultRightButton.getIcon(KeyguardBottomAreaView.java:856)
11-06 14:09:26.181  1623  1623 W StatusBar: 	at com.android.systemui.statusbar.phone.KeyguardBottomAreaView.updateCameraVisibility(KeyguardBottomAreaView.java:382)
11-06 14:09:26.181  1623  1623 W StatusBar: 	at com.android.systemui.statusbar.phone.KeyguardBottomAreaView.setUserSetupComplete(KeyguardBottomAreaView.java:360)
11-06 14:09:26.181  1623  1623 W StatusBar: 	at com.android.systemui.statusbar.phone.NotificationPanelView.setUserSetupComplete(NotificationPanelView.java:2655)
11-06 14:09:26.181  1623  1623 W StatusBar: 	at com.android.systemui.statusbar.phone.StatusBar.makeStatusBarView(StatusBar.java:1162)
11-06 14:09:26.181  1623  1623 W StatusBar: 	at com.android.systemui.statusbar.phone.StatusBar.addStatusBarWindow(StatusBar.java:3664)
11-06 14:09:26.181  1623  1623 W StatusBar: 	at com.android.systemui.statusbar.phone.StatusBar.createAndAddWindows(StatusBar.java:3660)
11-06 14:09:26.181  1623  1623 W StatusBar: 	at com.android.systemui.statusbar.phone.StatusBar.start(StatusBar.java:889)
11-06 14:09:26.181  1623  1623 W StatusBar: 	at com.android.systemui.SystemBars.createStatusBarFromConfig(SystemBars.java:71)
11-06 14:09:26.181  1623  1623 W StatusBar: 	at com.android.systemui.SystemBars.start(SystemBars.java:42)
11-06 14:09:26.181  1623  1623 W StatusBar: 	at com.android.systemui.SystemUIApplication.startServicesIfNeeded(SystemUIApplication.java:215)
11-06 14:09:26.181  1623  1623 W StatusBar: 	at com.android.systemui.SystemUIApplication.startServicesIfNeeded(SystemUIApplication.java:164)
11-06 14:09:26.181  1623  1623 W StatusBar: 	at com.android.systemui.SystemUIService.onCreate(SystemUIService.java:33)
11-06 14:09:26.181  1623  1623 W StatusBar: 	at android.app.ActivityThread.handleCreateService(ActivityThread.java:3339)
11-06 14:09:26.181  1623  1623 W StatusBar: 	at android.app.ActivityThread.-wrap4(Unknown Source:0)
11-06 14:09:26.181  1623  1623 W StatusBar: 	at android.app.ActivityThread$H.handleMessage(ActivityThread.java:1677)
11-06 14:09:26.181  1623  1623 W StatusBar: 	at android.os.Handler.dispatchMessage(Handler.java:106)
11-06 14:09:26.181  1623  1623 W StatusBar: 	at android.os.Looper.loop(Looper.java:164)
11-06 14:09:26.181  1623  1623 W StatusBar: 	at android.app.ActivityThread.main(ActivityThread.java:6494)
11-06 14:09:26.181  1623  1623 W StatusBar: 	at java.lang.reflect.Method.invoke(Native Method)
11-06 14:09:26.181  1623  1623 W StatusBar: 	at com.android.internal.os.RuntimeInit$MethodAndArgsCaller.run(RuntimeInit.java:438)
11-06 14:09:26.181  1623  1623 W StatusBar: 	at com.android.internal.os.ZygoteInit.main(ZygoteInit.java:807)
11-06 14:09:26.182  2021  2021 I TelecomFramework: PstnPhoneCapabilitiesNotifier: handleVideoCapabilitesChanged. Video capability - false
11-06 14:09:26.198   753  2046 I Telecom : PhoneAccountRegistrar: Modify account: [ComponentInfo{com.android.phone/com.android.services.telephony.TelephonyConnectionService}, [****], UserHandle{0}]: TSI.rPA@AAg
