11-06 14:10:46.415   753  3918 I ActivityManager: Killing 3288:com.android.keychain/1000 (adj 906): empty #17
11-06 14:10:46.666   753   753 I Telecom : DefaultDialerCache: Refreshing default dialer for user 0: now com.google.android.dialer: DDC.oR@AD4
11-06 14:10:48.323   753  3925 W ActivityManager: No permission grants found for com.google.android.apps.photos
11-06 14:10:48.326   753  3149 W ActivityManager: No permission grants found for com.google.android.apps.photos
11-06 14:10:49.832   753  3919 D ConnectivityService: requestNetwork for uid/pid:10025/5230 NetworkRequest [ TRACK_DEFAULT id=21, [ Capabilities: INTERNET&NOT_RESTRICTED&TRUSTED&NOT_VPN] ]
11-06 14:10:51.166   753  3149 I ActivityManager: Start proc 5282:com.google.android.gm/u0a91 for broadcast com.google.android.gm/.GoogleMailDeviceStartupReceiver
11-06 14:10:51.785  5282  5282 D ActivityThread: Loading provider com.google.android.gm.sapi: com.google.android.gm.sapi.SapiUiProvider
11-06 14:10:52.541   753  3223 I ActivityManager: Killing 4375:com.google.android.apps.docs/u0a65 (adj 906): empty #17
11-06 14:10:52.580   753  3916 I ActivityManager: START u0 {act=android.intent.action.MAIN cat=[android.intent.category.LAUNCHER] flg=0x10200000 cmp=com.example.stigmatestapp/.MainActivity (has extras)} from uid 10048
11-06 14:10:52.603   753   778 W BroadcastQueue: Permission Denial: receiving Intent { act=com.android.launcher3.action.LAUNCH flg=0x10 pkg=com.google.android.gms (has extras) } to ProcessRecord{3fec6df 2715:com.google.android.gms.persistent/u0a18} (pid=2715, uid=10018) requires com.android.launcher3.permission.RECEIVE_LAUNCH_BROADCASTS due to sender com.google.android.googlequicksearchbox (uid 10048)
11-06 14:10:52.628   753  2049 I ActivityManager: Start proc 5328:com.example.stigmatestapp/u0a111 for activity com.example.stigmatestapp/.MainActivity
--------- beginning of crash
11-06 14:10:52.854  5328  5328 E AndroidRuntime: FATAL EXCEPTION: main
11-06 14:10:52.854  5328  5328 E AndroidRuntime: Process: com.example.stigmatestapp, PID: 5328
11-06 14:10:52.854  5328  5328 E AndroidRuntime: java.lang.VerifyError: Verifier rejected class com.example.stigmatestapp.MainActivity: void com.example.stigmatestapp.MainActivity.onCreate(android.os.Bundle) failed to verify: void com.example.stigmatestapp.MainActivity.onCreate(android.os.Bundle): [0x2] copy1 v0<-v2 type=Reference: com.example.stigmatestapp.MainActivity cat=1 (declaration of 'com.example.stigmatestapp.MainActivity' appears in /data/app/com.example.stigmatestapp-C60LEvcUVbv6238zJUYhqg==/base.apk)
11-06 14:10:52.854  5328  5328 E AndroidRuntime: 	at java.lang.Class.newInstance(Native Method)
11-06 14:10:52.854  5328  5328 E AndroidRuntime: 	at android.app.Instrumentation.newActivity(Instrumentation.java:1174)
11-06 14:10:52.854  5328  5328 E AndroidRuntime: 	at android.app.ActivityThread.performLaunchActivity(ActivityThread.java:2669)
11-06 14:10:52.854  5328  5328 E AndroidRuntime: 	at android.app.ActivityThread.handleLaunchActivity(ActivityThread.java:2856)
11-06 14:10:52.854  5328  5328 E AndroidRuntime: 	at android.app.ActivityThread.-wrap11(Unknown Source:0)
11-06 14:10:52.854  5328  5328 E AndroidRuntime: 	at android.app.ActivityThread$H.handleMessage(ActivityThread.java:1589)
11-06 14:10:52.854  5328  5328 E AndroidRuntime: 	at android.os.Handler.dispatchMessage(Handler.java:106)
11-06 14:10:52.854  5328  5328 E AndroidRuntime: 	at android.os.Looper.loop(Looper.java:164)
11-06 14:10:52.854  5328  5328 E AndroidRuntime: 	at android.app.ActivityThread.main(ActivityThread.java:6494)
11-06 14:10:52.854  5328  5328 E AndroidRuntime: 	at java.lang.reflect.Method.invoke(Native Method)
11-06 14:10:52.854  5328  5328 E AndroidRuntime: 	at com.android.internal.os.RuntimeInit$MethodAndArgsCaller.run(RuntimeInit.java:438)
11-06 14:10:52.854  5328  5328 E AndroidRuntime: 	at com.android.internal.os.ZygoteInit.main(ZygoteInit.java:807)
11-06 14:10:52.868   753  3920 W ActivityManager:   Force finishing activity com.example.stigmatestapp/.MainActivity
11-06 14:10:52.905   753   779 I ActivityManager: Showing crash dialog for package com.example.stigmatestapp u0
11-06 14:10:53.306   753   779 W Looper  : Dispatch took 293ms on android.ui, h=Handler (android.view.Choreographer$FrameHandler) {6248abb} cb=android.view.Choreographer$FrameDisplayEventReceiver@7763bd8 msg=0
11-06 14:10:53.370   753   778 W ActivityManager: Activity pause timeout for ActivityRecord{97a9f56 u0 com.example.stigmatestapp/.MainActivity t46 f}
11-06 14:10:53.646   753   778 I ActivityManager: Killing 4529:com.google.android.apps.gcs/u0a20 (adj 906): empty #17
11-06 14:10:53.722   753  3921 D ConnectivityService: ConnectivityService NetworkRequestInfo binderDied(NetworkRequest [ TRACK_DEFAULT id=15, [ Capabilities: INTERNET&NOT_RESTRICTED&TRUSTED&NOT_VPN] ], android.os.BinderProxy@643cf52)
11-06 14:10:53.723   753  1237 D ConnectivityService: releasing NetworkRequest [ TRACK_DEFAULT id=15, [ Capabilities: INTERNET&NOT_RESTRICTED&TRUSTED&NOT_VPN] ] (release request)
11-06 14:10:54.773   753  3167 W ActivityManager: Unable to start service Intent { cmp=com.google.android.gm/com.android.email.service.AttachmentService } U=0: not found
11-06 14:10:56.527   753  3925 W ActivityManager: Unable to start service Intent { act=com.google.android.gms.auth.key.retrieval.service.START pkg=com.google.android.gms } U=0: not found
11-06 14:10:56.547   753  3926 W ActivityManager: Unbind failed: could not find connection for android.os.BinderProxy@52b44d6
11-06 14:10:56.808   753  3919 I ActivityManager: Start proc 5427:com.android.chrome/u0a62 for service com.android.chrome/org.chromium.chrome.browser.customtabs.CustomTabsConnectionService
11-06 14:10:57.374   753  3915 I ActivityManager: Killing 4466:com.android.vending:download_service/u0a36 (adj 906): empty #17
11-06 14:10:57.428   753  3916 D ConnectivityService: ConnectivityService NetworkRequestInfo binderDied(NetworkRequest [ TRACK_DEFAULT id=14, [ Capabilities: INTERNET&NOT_RESTRICTED&TRUSTED&NOT_VPN] ], android.os.BinderProxy@605940d)
11-06 14:10:57.428   753  1237 D ConnectivityService: releasing NetworkRequest [ TRACK_DEFAULT id=14, [ Capabilities: INTERNET&NOT_RESTRICTED&TRUSTED&NOT_VPN] ] (release request)
11-06 14:10:58.203   753  3921 I ActivityManager: Start proc 5473:com.google.android.onetimeinitializer/u0a24 for broadcast com.google.android.onetimeinitializer/.OneTimeInitializerReceiver
11-06 14:10:58.488   753  2194 I ActivityManager: Start proc 5489:com.google.android.packageinstaller/u0a29 for broadcast com.google.android.packageinstaller/com.android.packageinstaller.TemporaryFileManager
11-06 14:10:58.489   753  2194 I ActivityManager: Killing 4650:com.android.vending:instant_app_installer/u0a36 (adj 906): empty #17
11-06 14:10:58.605   753  3927 I ActivityManager: Start proc 5503:com.google.android.partnersetup/u0a26 for broadcast com.google.android.partnersetup/.GooglePartnerSetup
11-06 14:10:58.608   753  3927 I ActivityManager: Killing 3482:com.google.process.gapps/u0a18 (adj 906): empty #17
11-06 14:10:58.615   753  3928 I ActivityManager: Killing 4583:com.google.android.apps.maps/u0a81 (adj 906): empty #17
11-06 14:10:58.952   753  2049 I ActivityManager: Start proc 5527:com.google.process.gapps/u0a18 for content provider com.google.android.gsf/.settings.GoogleSettingsProvider
11-06 14:10:59.214   753  3925 I ActivityManager: Killing 4306:com.android.vending/u0a36 (adj 906): empty #17
11-06 14:10:59.414   753  3916 I ActivityManager: Start proc 5552:com.google.android.gms.ui/u0a18 for service com.google.android.gms/.chimera.UiIntentOperationService
11-06 14:11:00.769   753   766 D ConnectivityService: ConnectivityService NetworkRequestInfo binderDied(NetworkRequest [ LISTEN id=16, [ Capabilities: INTERNET&NOT_RESTRICTED&TRUSTED] ], android.os.BinderProxy@b8e17cb)
11-06 14:11:00.807   753  3223 I ActivityManager: Start proc 5630:com.google.android.play.games/u0a87 for broadcast com.google.android.play.games/com.google.android.apps.play.games.lib.notifications.ChimeRegistrationBroadcastReceiver
11-06 14:11:00.812   753  3925 I ActivityManager: Killing 4795:com.google.android.apps.messaging:rcs/u0a88 (adj 906): empty #17
11-06 14:11:01.341   753  3919 D ConnectivityService: ConnectivityService NetworkRequestInfo binderDied(NetworkRequest [ LISTEN id=13, [ Capabilities: INTERNET&NOT_RESTRICTED&TRUSTED] ], android.os.BinderProxy@2b09c77)
11-06 14:11:01.343   753  3915 W ActivityManager: Scheduling restart of crashed service com.android.vending/com.google.android.finsky.contentfilterui.ContentFiltersService in 1000ms
11-06 14:11:01.661   753  3167 I ActivityManager: Killing 4863:com.google.android.apps.walletnfcrel/u0a94 (adj 906): empty #17
11-06 14:11:01.789   753  3919 D ConnectivityService: ConnectivityService NetworkRequestInfo binderDied(NetworkRequest [ TRACK_DEFAULT id=18, [ Capabilities: INTERNET&NOT_RESTRICTED&TRUSTED&NOT_VPN] ], android.os.BinderProxy@f92d999)
11-06 14:11:01.789   753  1237 D ConnectivityService: releasing NetworkRequest [ TRACK_DEFAULT id=18, [ Capabilities: INTERNET&NOT_RESTRICTED&TRUSTED&NOT_VPN] ] (release request)
11-06 14:11:02.376   753   778 I ActivityManager: Start proc 5692:com.android.vending/u0a36 for service com.android.vending/com.google.android.finsky.contentfilterui.ContentFiltersService
11-06 14:11:02.438   753  2046 D BluetoothManagerService: Trying to bind to profile: 1, while Bluetooth was disabled
11-06 14:11:03.647   753   778 W ActivityManager: Activity destroy timeout for ActivityRecord{97a9f56 u0 com.example.stigmatestapp/.MainActivity t46 f}
11-06 14:11:05.062   753  2049 I ActivityManager: Start proc 5840:com.google.android.storagemanager/u0a41 for broadcast com.google.android.storagemanager/com.android.storagemanager.automatic.AutomaticStorageBroadcastReceiver
11-06 14:11:05.215   753  3925 I ActivityManager: Start proc 5858:com.google.process.gapps/u0a67 for broadcast com.google.android.syncadapters.contacts/.ContactsSyncAdapterBroadcastReceiver
11-06 14:11:05.217   753  3925 I ActivityManager: Killing 4933:com.google.android.calendar/u0a58 (adj 906): empty #17
11-06 14:11:05.405   753  3924 I ActivityManager: Killing 4283:com.android.providers.calendar/u0a3 (adj 906): empty #17
11-06 14:11:05.536   753  3931 I ActivityManager: Start proc 5883:com.google.android.talk/u0a77 for broadcast com.google.android.talk/com.google.android.apps.hangouts.service.broadcastreceiver.BootReceiver
11-06 14:11:05.553   753  2049 I ActivityManager: Killing 5085:com.google.android.configupdater/u0a7 (adj 906): empty #17
11-06 14:11:05.831   753  2046 D BluetoothManagerService: Registered for death of com.google.android.gms
11-06 14:11:05.831   753  2046 D BluetoothManagerService: 1 registered Ble Apps
11-06 14:11:05.833   753  2194 D BluetoothManagerService: enable(com.google.android.gms):  mBluetooth =null mBinding = false mState = OFF
11-06 14:11:05.833   753  2194 D BluetoothManagerService: enable returning
11-06 14:11:05.833   753   787 D BluetoothManagerService: MESSAGE_ENABLE(0): mBluetooth = null
11-06 14:11:05.851   753   787 I ActivityManager: Start proc 5904:com.android.bluetooth/1002 for service com.android.bluetooth/.btservice.AdapterService
11-06 14:11:06.014   753   960 W ActivityManager: Unable to start service Intent { act=com.google.android.gms.drive.ApiService.RESET_AFTER_BOOT flg=0x4 cmp=com.google.android.gms/.drive.api.ApiService (has extras) } U=0: not found
11-06 14:11:06.072   753  3931 D ConnectivityService: requestNetwork for uid/pid:10077/5883 NetworkRequest [ TRACK_DEFAULT id=25, [ Capabilities: INTERNET&NOT_RESTRICTED&TRUSTED&NOT_VPN] ]
11-06 14:11:06.120   753   753 D BluetoothManagerService: BluetoothServiceConnection: com.android.bluetooth.btservice.AdapterService
11-06 14:11:06.121   753   787 D BluetoothManagerService: MESSAGE_BLUETOOTH_SERVICE_CONNECTED: 1
11-06 14:11:06.123   753   787 D BluetoothManagerService: Broadcasting onBluetoothServiceUp() to 8 receivers.
11-06 14:11:06.130   753   787 D BluetoothManagerService: MESSAGE_BLUETOOTH_STATE_CHANGE: OFF > BLE_TURNING_ON
11-06 14:11:06.130   753   787 D BluetoothManagerService: Sending BLE State Change: OFF > BLE_TURNING_ON
11-06 14:11:06.519   753  3915 I ActivityManager: Start proc 5957:com.android.vending:download_service/u0a36 for service com.android.vending/com.google.android.finsky.ipcservers.downloadservice.DownloadServiceGrpcServerAndroidService
11-06 14:11:07.159   753   753 D BluetoothManagerService: Bluetooth Adapter address changed to 64:BC:0C:FE:42:A0
11-06 14:11:07.160   753   753 D BluetoothManagerService: Stored Bluetoothaddress: 64:BC:0C:FE:42:A0
11-06 14:11:07.160   753   753 D BluetoothManagerService: Bluetooth Adapter name changed to Nexus 5X
11-06 14:11:07.161   753   753 D BluetoothManagerService: Stored Bluetooth name: Nexus 5X
11-06 14:11:07.167   753   787 D BluetoothManagerService: MESSAGE_BLUETOOTH_STATE_CHANGE: BLE_TURNING_ON > BLE_ON
11-06 14:11:07.167   753   787 D BluetoothManagerService: Bluetooth is in LE only mode
11-06 14:11:07.167   753   787 D BluetoothManagerService: Binding Bluetooth GATT service
11-06 14:11:07.168   753   787 D BluetoothManagerService: Sending BLE State Change: BLE_TURNING_ON > BLE_ON
11-06 14:11:07.178   753   753 D BluetoothManagerService: BluetoothServiceConnection: com.android.bluetooth.gatt.GattService
11-06 14:11:07.179   753   787 D BluetoothManagerService: MESSAGE_BLUETOOTH_SERVICE_CONNECTED: 2
11-06 14:11:07.180   753   787 D BluetoothManagerService: BluetoothGatt Service is Up
11-06 14:11:07.181   753   787 D BluetoothManagerService: isBleAppPresent() count: 1
11-06 14:11:07.397   753  3917 D ConnectivityService: requestNetwork for uid/pid:10036/5957 NetworkRequest [ TRACK_DEFAULT id=26, [ Capabilities: INTERNET&NOT_RESTRICTED&TRUSTED&NOT_VPN] ]
11-06 14:11:07.631   753  3918 I ActivityManager: Start proc 6008:com.google.android.videos/u0a95 for broadcast com.google.android.videos/androidx.work.impl.background.systemalarm.RescheduleReceiver
11-06 14:11:07.633   753  3918 I ActivityManager: Killing 4772:com.android.defcontainer/u0a12 (adj 906): empty #17
11-06 14:11:07.765   753  3931 I ActivityManager: Killing 5156:com.google.android.deskclock/u0a86 (adj 906): empty #17
11-06 14:11:08.126   753  3915 I ActivityManager: Killing 5126:com.google.android.contacts/u0a23 (adj 906): empty #17
11-06 14:11:10.475   753  2046 D ConnectivityService: requestNetwork for uid/pid:10095/6008 NetworkRequest [ TRACK_DEFAULT id=27, [ Capabilities: INTERNET&NOT_RESTRICTED&TRUSTED&NOT_VPN] ]
11-06 14:11:10.629   753  3149 I ActivityManager: Start proc 6089:com.google.android.youtube/u0a97 for broadcast com.google.android.youtube/com.google.android.libraries.youtube.mdx.background.MdxBackgroundScanBootReceiver
11-06 14:11:10.764   753  3924 I ActivityManager: Killing 5230:com.google.android.dialer/u0a25 (adj 906): empty #17
11-06 14:11:10.764   753  3924 I ActivityManager: Killing 3227:android.process.media/u0a16 (adj 906): empty #18
11-06 14:11:10.862   753  3922 D ConnectivityService: ConnectivityService NetworkRequestInfo binderDied(NetworkRequest [ TRACK_DEFAULT id=21, [ Capabilities: INTERNET&NOT_RESTRICTED&TRUSTED&NOT_VPN] ], android.os.BinderProxy@8a765ec)
11-06 14:11:10.863   753  1237 D ConnectivityService: releasing NetworkRequest [ TRACK_DEFAULT id=21, [ Capabilities: INTERNET&NOT_RESTRICTED&TRUSTED&NOT_VPN] ] (release request)
11-06 14:11:11.161   753  3167 W ActivityManager: stopServiceToken startId 37 is last, but have 2 remaining args
11-06 14:11:11.486   753   753 I Telecom : DefaultDialerCache: Refreshing default dialer for user 0: now com.google.android.dialer: DDC.oR@AEI
11-06 14:11:11.578   753  2194 I ActivityManager: Killing 5328:com.example.stigmatestapp/u0a111 (adj 906): empty #17
11-06 14:11:11.601   753   753 I Telecom : DefaultDialerCache: Refreshing default dialer for user 0: now com.google.android.dialer: DDC.oR@AEM
11-06 14:11:11.677   753  3920 W ActivityManager: Ignoring remove of inactive process: ProcessRecord{65bb28 0:com.example.stigmatestapp/u0a111}
11-06 14:11:11.909   753   944 W AppOps  : Finishing op nesting under-run: uid 1000 pkg android code 24 time=0 duration=0 nesting=0
11-06 14:11:16.933   753   765 I ActivityManager: Start proc 6246:com.lge.HiddenMenu/1000 for broadcast com.lge.HiddenMenu/.EntryBroadcastReceiver
11-06 14:11:17.030   753  2049 D ConnectivityService: requestNetwork for uid/pid:10097/6089 NetworkRequest [ TRACK_DEFAULT id=29, [ Capabilities: INTERNET&NOT_RESTRICTED&TRUSTED&NOT_VPN] ]
11-06 14:11:17.093   753  3924 I ActivityManager: Start proc 6261:com.qualcomm.telephony/1000 for broadcast com.qualcomm.atfwd/.AtFwdAutoboot
11-06 14:11:17.094   753  3924 I ActivityManager: Killing 5427:com.android.chrome/u0a62 (adj 906): empty #17
11-06 14:11:17.172  6261  6261 W ContextImpl: Calling a method in the system process without a qualified user: android.app.ContextImpl.startService:1476 android.content.ContextWrapper.startService:650 android.content.ContextWrapper.startService:650 com.qualcomm.atfwd.AtFwdAutoboot.onReceive:27 android.app.ActivityThread.handleReceiver:3187 
11-06 14:11:17.190   753   766 I ActivityManager: Start proc 6280:com.qualcomm.qcrilmsgtunnel/1001 for broadcast com.qualcomm.qcrilmsgtunnel/.QcrilMsgTunnelAutoboot
11-06 14:11:17.386   753  3915 I ActivityManager: Start proc 6310:org.codeaurora.ims/1001 for broadcast org.codeaurora.ims/.ImsServiceAutoboot
11-06 14:11:17.500   753  3928 I ActivityManager: Start proc 6325:com.google.android.apps.books/u0a103 for broadcast com.google.android.apps.books/com.google.android.libraries.notifications.entrypoints.restart.RestartReceiver
11-06 14:11:17.501   753  3928 I ActivityManager: Killing 5473:com.google.android.onetimeinitializer/u0a24 (adj 906): empty #17
11-06 14:11:18.602   753  3923 I ActivityManager: Start proc 6357:com.google.android.apps.plus/u0a98 for broadcast com.google.android.apps.plus/.notifications.channels.ChannelsUpdateReceiver
11-06 14:11:18.603   753  3924 I ActivityManager: Killing 3064:com.google.android.apps.photos/u0a89 (adj 906): empty #17
11-06 14:11:20.534   753  3927 I ActivityManager: Start proc 6402:com.google.android.keep/u0a102 for broadcast com.google.android.keep/.notification.ReminderNotificationReceiver
11-06 14:11:21.773   753  3926 I ActivityManager: Killing 5489:com.google.android.packageinstaller/u0a29 (adj 906): empty #17
11-06 14:11:22.069   753  3923 I ActivityManager: Killing 4691:com.google.android.apps.messaging/u0a88 (adj 906): empty #17
11-06 14:11:22.438   753  3925 I ActivityManager: Killing 5552:com.google.android.gms.ui/u0a18 (adj 906): empty #17
11-06 14:11:22.517   753   766 D ConnectivityService: ConnectivityService NetworkRequestInfo binderDied(NetworkRequest [ TRACK_DEFAULT id=17, [ Capabilities: INTERNET&NOT_RESTRICTED&TRUSTED&NOT_VPN] ], android.os.BinderProxy@77d259d)
11-06 14:11:22.517   753  3916 D ConnectivityService: ConnectivityService NetworkRequestInfo binderDied(NetworkRequest [ LISTEN id=19, [ Capabilities: INTERNET&NOT_RESTRICTED&TRUSTED] ], android.os.BinderProxy@62d0a12)
11-06 14:11:22.517   753  1237 D ConnectivityService: releasing NetworkRequest [ TRACK_DEFAULT id=17, [ Capabilities: INTERNET&NOT_RESTRICTED&TRUSTED&NOT_VPN] ] (release request)
11-06 14:11:22.569   753  2046 I ActivityManager: Start proc 6448:com.whatsapp/u0a107 for broadcast com.whatsapp/.BootReceiver
11-06 14:11:22.570   753  2046 I ActivityManager: Killing 5503:com.google.android.partnersetup/u0a26 (adj 906): empty #17
11-06 14:11:24.046   753  3918 I ActivityManager: Process com.whatsapp (pid 6448) has died: fore RCVR
11-06 14:11:24.054   753   778 I ActivityManager: Finished processing BOOT_COMPLETED for u0
11-06 14:11:24.291   753  3925 I ActivityManager: Start proc 6538:com.android.sdm.plugins.sprintdm/1001 for broadcast com.android.sdm.plugins.sprintdm/.SprintDMReceiver
11-06 14:11:24.400   753  3919 I ActivityManager: Start proc 6555:com.android.settings/1000 for broadcast com.android.settings/.sim.SimSelectNotification
11-06 14:11:24.567   753   766 I ActivityManager: Start proc 6571:com.google.android.carriersetup/u0a6 for broadcast com.google.android.carriersetup/.VzwActivationReceiver
11-06 14:11:24.568   753   766 I ActivityManager: Killing 5282:com.google.android.gm/u0a91 (adj 906): empty #17
11-06 14:11:24.640   753  3918 D ConnectivityService: ConnectivityService NetworkRequestInfo binderDied(NetworkRequest [ LISTEN id=22, [ Capabilities: INTERNET&NOT_RESTRICTED&TRUSTED&FOREGROUND] ], android.os.BinderProxy@2983e1b)
11-06 14:11:24.649   753  3928 I ActivityManager: Killing 5193:android.process.acore/u0a1 (adj 906): empty #17
11-06 14:11:24.696   753  1642 I ActivityManager: Start proc 6589:com.google.android.partnersetup/u0a26 for broadcast com.google.android.partnersetup/.PhoneStateReceiver
11-06 14:11:24.813   753  3928 I ActivityManager: Killing 5630:com.google.android.play.games/u0a87 (adj 906): empty #17
11-06 14:11:24.844   753  3921 I ActivityManager: Start proc 6606:com.verizon.omadm/u0a10 for broadcast com.verizon.omadm/.DMConfigReceiver
11-06 14:11:24.914   753   765 I ActivityManager: Start proc 6620:com.google.android.dialer/u0a25 for broadcast com.google.android.dialer/com.android.voicemail.impl.DataSubscriptionChangeReceiver
11-06 14:11:24.914   753   765 I ActivityManager: Killing 5840:com.google.android.storagemanager/u0a41 (adj 906): empty #17
11-06 14:11:25.089   753  3920 I ActivityManager: Killing 5858:com.google.process.gapps/u0a67 (adj 906): empty #17
11-06 14:11:25.814   753   753 I ActivityManager: Start proc 6639:com.google.android.apps.photos/u0a89 for service com.google.android.apps.photos/.dbprocessor.impl.DatabaseProcessorJobService
11-06 14:11:26.471   753  3923 W BroadcastQueue: Background execution not allowed: receiving Intent { act=android.intent.action.USER_PRESENT flg=0x24200010 } to com.android.chrome/org.chromium.chrome.browser.sharing.click_to_call.ClickToCallMessageHandler$PhoneUnlockedReceiver
11-06 14:11:26.471   753   778 W BroadcastQueue: Background execution not allowed: receiving Intent { act=android.intent.action.USER_PRESENT flg=0x24200010 } to com.google.android.gms/.auth.setup.devicesignals.LockScreenReceiver
11-06 14:11:26.472   753   778 W BroadcastQueue: Background execution not allowed: receiving Intent { act=android.intent.action.USER_PRESENT flg=0x24200010 } to com.google.android.gms/.trustagent.UserPresentBroadcastReceiver
11-06 14:11:26.472   753   778 W BroadcastQueue: Background execution not allowed: receiving Intent { act=android.intent.action.USER_PRESENT flg=0x24200010 } to com.google.android.gms/.chimera.GmsIntentOperationService$PersistentTrustedReceiver
11-06 14:11:26.506   753  3916 I ActivityManager: Killing 5883:com.google.android.talk/u0a77 (adj 906): empty #17
11-06 14:11:26.533   753  3922 W BroadcastQueue: Failure [background] sending broadcast result of Intent { act=com.whatsapp.registration.directmigration.initialMigrationInfoAction flg=0x30 cmp=com.whatsapp.w4b/com.whatsapp.registration.directmigration.MigrationProviderOrderedBroadcastReceiver }
11-06 14:11:26.533   753  3922 W BroadcastQueue: android.os.RemoteException: app.thread must not be null
11-06 14:11:26.533   753  3922 W BroadcastQueue: 	at com.android.server.am.BroadcastQueue.performReceiveLocked(BroadcastQueue.java:509)
11-06 14:11:26.533   753  3922 W BroadcastQueue: 	at com.android.server.am.BroadcastQueue.processNextBroadcast(BroadcastQueue.java:955)
11-06 14:11:26.533   753  3922 W BroadcastQueue: 	at com.android.server.am.ActivityManagerService.finishReceiver(ActivityManagerService.java:19946)
11-06 14:11:26.533   753  3922 W BroadcastQueue: 	at android.app.IActivityManager$Stub.onTransact(IActivityManager.java:283)
11-06 14:11:26.533   753  3922 W BroadcastQueue: 	at com.android.server.am.ActivityManagerService.onTransact(ActivityManagerService.java:2919)
11-06 14:11:26.533   753  3922 W BroadcastQueue: 	at android.os.Binder.execTransact(Binder.java:697)
11-06 14:11:26.534   753  3922 W BroadcastQueue: Background execution not allowed: receiving Intent { act=android.intent.action.DROPBOX_ENTRY_ADDED flg=0x10 (has extras) } to com.google.android.gms/.stats.service.DropBoxEntryAddedReceiver
11-06 14:11:26.534   753   778 W BroadcastQueue: Background execution not allowed: receiving Intent { act=android.intent.action.DROPBOX_ENTRY_ADDED flg=0x10 (has extras) } to com.google.android.gms/.chimera.GmsIntentOperationService$PersistentTrustedReceiver
11-06 14:11:26.555   753  3167 W BroadcastQueue: Background execution not allowed: receiving Intent { act=android.intent.action.PACKAGE_REMOVED dat=package:com.example.stigmatestapp flg=0x4000010 (has extras) } to com.android.musicfx/.Compatibility$Receiver
11-06 14:11:26.555   753   778 W BroadcastQueue: Background execution not allowed: receiving Intent { act=android.intent.action.PACKAGE_REMOVED dat=package:com.example.stigmatestapp flg=0x4000010 (has extras) } to com.android.vending/com.google.android.finsky.packagemanager.impl.PackageMonitorReceiverImpl$RegisteredReceiver
11-06 14:11:26.555   753   778 W BroadcastQueue: Background execution not allowed: receiving Intent { act=android.intent.action.PACKAGE_REMOVED dat=package:com.example.stigmatestapp flg=0x4000010 (has extras) } to com.android.vending/com.google.android.finsky.instantapps.appmanagement.InstantAppRemoveMonitor
11-06 14:11:26.556   753   778 W BroadcastQueue: Background execution not allowed: receiving Intent { act=android.intent.action.PACKAGE_REMOVED dat=package:com.example.stigmatestapp flg=0x4000010 (has extras) } to com.google.android.apps.maps/com.google.android.libraries.social.peoplekit.thirdparty.viewcontrollers.ThirdPartyReceiver
11-06 14:11:26.556   753   778 W BroadcastQueue: Background execution not allowed: receiving Intent { act=android.intent.action.PACKAGE_REMOVED dat=package:com.example.stigmatestapp flg=0x4000010 (has extras) } to com.google.android.apps.photos/com.google.android.libraries.social.peoplekit.thirdparty.viewcontrollers.ThirdPartyReceiver
11-06 14:11:26.556   753   778 W BroadcastQueue: Background execution not allowed: receiving Intent { act=android.intent.action.PACKAGE_REMOVED dat=package:com.example.stigmatestapp flg=0x4000010 (has extras) } to com.google.android.gms/.games.chimera.GamesSystemBroadcastReceiverProxy
11-06 14:11:26.556   753   778 W BroadcastQueue: Background execution not allowed: receiving Intent { act=android.intent.action.PACKAGE_REMOVED dat=package:com.example.stigmatestapp flg=0x4000010 (has extras) } to com.google.android.gms/.chimera.GmsIntentOperationService$PersistentTrustedReceiver
11-06 14:11:26.556   753   778 W BroadcastQueue: Background execution not allowed: receiving Intent { act=android.intent.action.PACKAGE_REMOVED dat=package:com.example.stigmatestapp flg=0x4000010 (has extras) } to com.google.android.googlequicksearchbox/com.google.android.apps.gsa.googlequicksearchbox.GelStubAppWatcher
11-06 14:11:26.572   753   778 I ActivityManager: Start proc 6671:com.android.chrome/u0a62 for broadcast com.android.chrome/org.chromium.chrome.browser.browserservices.ClientAppBroadcastReceiver
11-06 14:11:26.813   753  3916 D ConnectivityService: ConnectivityService NetworkRequestInfo binderDied(NetworkRequest [ TRACK_DEFAULT id=25, [ Capabilities: INTERNET&NOT_RESTRICTED&TRUSTED&NOT_VPN] ], android.os.BinderProxy@3aed9cf)
11-06 14:11:26.813   753  1237 D ConnectivityService: releasing NetworkRequest [ TRACK_DEFAULT id=25, [ Capabilities: INTERNET&NOT_RESTRICTED&TRUSTED&NOT_VPN] ] (release request)
11-06 14:11:26.843   753  3920 I ActivityManager: Start proc 6692:com.android.documentsui/u0a14 for broadcast com.android.documentsui/.PackageReceiver
11-06 14:11:26.845   753  3920 I ActivityManager: Killing 6008:com.google.android.videos/u0a95 (adj 906): empty #17
11-06 14:11:27.035   753  3926 I ActivityManager: Killing 6089:com.google.android.youtube/u0a97 (adj 906): empty #17
11-06 14:11:27.079   753  3149 D ConnectivityService: ConnectivityService NetworkRequestInfo binderDied(NetworkRequest [ TRACK_DEFAULT id=29, [ Capabilities: INTERNET&NOT_RESTRICTED&TRUSTED&NOT_VPN] ], android.os.BinderProxy@324ddf4)
11-06 14:11:27.080   753  1237 D ConnectivityService: releasing NetworkRequest [ TRACK_DEFAULT id=29, [ Capabilities: INTERNET&NOT_RESTRICTED&TRUSTED&NOT_VPN] ] (release request)
11-06 14:11:27.082   753  3922 D ConnectivityService: ConnectivityService NetworkRequestInfo binderDied(NetworkRequest [ LISTEN id=28, [ Capabilities: INTERNET&NOT_RESTRICTED&TRUSTED&FOREGROUND] ], android.os.BinderProxy@10b091d)
11-06 14:11:27.150   753  3916 D ConnectivityService: ConnectivityService NetworkRequestInfo binderDied(NetworkRequest [ TRACK_DEFAULT id=27, [ Capabilities: INTERNET&NOT_RESTRICTED&TRUSTED&NOT_VPN] ], android.os.BinderProxy@7e7e792)
11-06 14:11:27.151   753  1237 D ConnectivityService: releasing NetworkRequest [ TRACK_DEFAULT id=27, [ Capabilities: INTERNET&NOT_RESTRICTED&TRUSTED&NOT_VPN] ] (release request)
11-06 14:11:27.212   753  3921 I ActivityManager: Start proc 6715:com.google.android.apps.maps/u0a81 for broadcast com.google.android.apps.maps/com.google.android.libraries.social.peoplekit.thirdparty.viewcontrollers.ThirdPartyReceiver
11-06 14:11:27.232   753  3928 I ActivityManager: Start proc 6727:com.android.externalstorage/u0a15 for content provider com.android.externalstorage/.ExternalStorageProvider
11-06 14:11:27.253   753  3149 I ActivityManager: Killing 6325:com.google.android.apps.books/u0a103 (adj 906): empty #17
11-06 14:11:27.645   753  3921 I ActivityManager: Start proc 6751:com.android.mtp/u0a16 for content provider com.android.mtp/.MtpDocumentsProvider
11-06 14:11:27.670   753  3925 I ActivityManager: Killing 6357:com.google.android.apps.plus/u0a98 (adj 906): empty #17
11-06 14:11:27.981   753  3922 I ActivityManager: Start proc 6774:android.process.media/u0a16 for content provider com.android.providers.downloads/.DownloadStorageProvider
11-06 14:11:28.005   753  3149 I ActivityManager: Killing 6402:com.google.android.keep/u0a102 (adj 906): empty #17
11-06 14:11:28.501   753  3927 I ActivityManager: Start proc 6803:com.google.android.apps.docs/u0a65 for content provider com.google.android.apps.docs/.storagebackend.StorageBackendContentProvider
11-06 14:11:28.520   753  3924 I ActivityManager: Killing 6538:com.android.sdm.plugins.sprintdm/1001 (adj 906): empty #17
11-06 14:11:28.659   753  3223 I ActivityManager: Killing 6555:com.android.settings/1000 (adj 906): empty #17
11-06 14:11:28.825   753   753 I ActivityManager: Start proc 6824:com.google.android.apps.messaging/u0a88 for service com.google.android.apps.messaging/.shared.datamodel.action.execution.ActionJobService
11-06 14:11:29.256   753   765 W BroadcastQueue: Background execution not allowed: receiving Intent { act=com.google.android.location.internal.server.ACTION_RESTARTED flg=0x10 } to com.google.android.gms/.chimera.GmsIntentOperationService$PersistentInternalReceiver
11-06 14:11:29.264   753  3922 W BroadcastQueue: Background execution not allowed: receiving Intent { act=android.intent.action.DROPBOX_ENTRY_ADDED flg=0x10 (has extras) } to com.google.android.gms/.stats.service.DropBoxEntryAddedReceiver
11-06 14:11:29.264   753   778 W BroadcastQueue: Background execution not allowed: receiving Intent { act=android.intent.action.DROPBOX_ENTRY_ADDED flg=0x10 (has extras) } to com.google.android.gms/.chimera.GmsIntentOperationService$PersistentTrustedReceiver
11-06 14:11:29.297   753  3931 I ActivityManager: Start proc 6869:com.android.providers.calendar/u0a3 for broadcast com.android.providers.calendar/.CalendarProviderBroadcastReceiver
11-06 14:11:30.073   753  3920 I ActivityManager: Killing 6571:com.google.android.carriersetup/u0a6 (adj 906): empty #17
11-06 14:11:30.201   753   779 W Looper  : Dispatch took 118ms on android.ui, h=Handler (com.android.server.am.ActivityManagerService$UiHandler) {a18c34b} cb=null msg=53
11-06 14:11:30.425   753  2046 W ActivityManager: Background start not allowed: service Intent { cmp=com.google.android.apps.messaging/.shared.datamodel.action.execution.ActionExecutorImpl$EmptyService } to com.google.android.apps.messaging/.shared.datamodel.action.execution.ActionExecutorImpl$EmptyService from pid=6824 uid=10088 pkg=com.google.android.apps.messaging
11-06 14:11:32.193   753   778 I ActivityManager: Waited long enough for: ServiceRecord{8bb12fd u0 com.qualcomm.atfwd/.AtFwdService}
11-06 14:11:32.365   753   753 I Telecom : DefaultDialerCache: Refreshing default dialer for user 0: now com.google.android.dialer: DDC.oR@AEs
11-06 14:11:32.370   753   778 I ActivityManager: Waited long enough for: ServiceRecord{41e5bf2 u0 com.qualcomm.qcrilmsgtunnel/.QcrilMsgTunnelService}
11-06 14:11:36.791   753  3915 I ActivityManager: Killing 5527:com.google.process.gapps/u0a18 (adj 906): empty #17
11-06 14:11:37.285   753  3167 I ActivityManager: Killing 6589:com.google.android.partnersetup/u0a26 (adj 906): empty #17
11-06 14:11:38.087   753  3923 I ActivityManager: Start proc 6989:com.google.process.gapps/u0a18 for content provider com.google.android.gsf/.settings.GoogleSettingsProvider
11-06 14:11:40.315   753  3924 I ActivityManager: Killing 6246:com.lge.HiddenMenu/1000 (adj 906): empty #17
11-06 14:11:40.692   753  3149 W BroadcastQueue: Permission Denial: receiving Intent { act=com.google.gservices.intent.action.GSERVICES_OVERRIDE flg=0x1000010 (has extras) } to com.google.android.ims/.receivers.RcsAutoStartReceiver requires com.google.android.providers.gsf.permission.WRITE_GSERVICES due to sender com.android.vending (uid 10036)
11-06 14:11:40.726   753  3922 W ActivityManager: Background start not allowed: service Intent { cmp=com.google.android.apps.messaging/.shared.datamodel.action.execution.ActionExecutorImpl$EmptyService } to com.google.android.apps.messaging/.shared.datamodel.action.execution.ActionExecutorImpl$EmptyService from pid=6824 uid=10088 pkg=com.google.android.apps.messaging
11-06 14:11:42.515   753  2049 W ActivityManager: Background start not allowed: service Intent { cmp=com.google.android.apps.messaging/.shared.datamodel.action.execution.ActionExecutorImpl$EmptyService } to com.google.android.apps.messaging/.shared.datamodel.action.execution.ActionExecutorImpl$EmptyService from pid=6824 uid=10088 pkg=com.google.android.apps.messaging
11-06 14:11:42.594   753   766 W ActivityManager: Background start not allowed: service Intent { cmp=com.google.android.apps.messaging/.shared.datamodel.action.execution.ActionExecutorImpl$EmptyService } to com.google.android.apps.messaging/.shared.datamodel.action.execution.ActionExecutorImpl$EmptyService from pid=6824 uid=10088 pkg=com.google.android.apps.messaging
11-06 14:11:42.765   753  3922 I ActivityManager: Start proc 7034:com.google.android.apps.walletnfcrel/u0a94 for broadcast com.google.android.apps.walletnfcrel/com.google.commerce.tapandpay.android.account.ActiveAccountChangedReceiver
11-06 14:11:43.586   753   782 E BatteryExternalStatsWorker: no controller energy info supplied for bluetooth
--------- beginning of main
11-06 14:11:43.593  4964  7021 I CarrierServices: [248] dda.d: RCS Configuration storage in Bugle is disabled by p/h flag, using ProvisioningEngineStateCacheUtil.getProvisioningConfigurationForGivenSim()
11-06 14:11:43.600   753   782 E KernelCpuSpeedReader: Failed to read cpu-freq: /sys/devices/system/cpu/cpu4/cpufreq/stats/time_in_state (No such file or directory)
11-06 14:11:43.628  4964  7016 I CarrierServices: [247] dbd.a: Bugle has minimum required RCS permissions: true
11-06 14:11:43.799  4964  7016 I CarrierServices: [247] dda.d: RCS Configuration storage in Bugle is disabled by p/h flag, using ProvisioningEngineStateCacheUtil.getProvisioningConfigurationForGivenSim()
11-06 14:11:43.901  7034  7065 I BackgroundTaskManager: Executing task PhenotypeRegistrationTask.phenotype_registration with PARALLEL execution policy.
11-06 14:11:43.924  5692  5781 I zygote  : Deoptimizing boolean awvk.isDone() due to JIT inline cache
11-06 14:11:44.126  2715  3471 I chatty  : uid=10018(com.google.android.gms) highpool[2] expire 8 lines
11-06 14:11:44.151  4964  7021 I CarrierServices: [248] dwi.b: Checking if using CarrierServices.apk is possible. Enabled: true, isAtLeastM: true, runningInsideBugle: false
11-06 14:11:44.154  6824  6858 I chatty  : uid=10088(com.google.android.apps.messaging) expire 3 lines
11-06 14:11:44.313  4964  7016 I CarrierServices: [247] dda.a: Bugle ContentProvider is disabled by p/h flag, using ProvisioningEngineStateCacheUtil.getBugleEnabledRcsFromPreference()
11-06 14:11:44.368  2715  7055 I chatty  : uid=10018 com.google.android.gms.persistent expire 20 lines
11-06 14:11:44.380  4964  7021 I CarrierServices: [248] blb.onCsLibPhenotypeUpdated: BindingManager: binding and reset P/H Flag stay same
11-06 14:11:44.383  6824  6896 I chatty  : uid=10088(com.google.android.apps.messaging) expire 3 lines
11-06 14:11:44.390  6824  6929 I chatty  : uid=10088(com.google.android.apps.messaging) expire 1 line
11-06 14:11:44.531  4964  7016 I CarrierServices: [247] dda.a: Rcs is enabled from user settings: true
11-06 14:11:44.598  4964  7021 I CarrierServices: [248] dbd.a: RcsAvailabilityManager: Rcs Availability still DISABLED_SIM_ABSENT (RCS is disabled due to SIM absent)
11-06 14:11:44.640  5692  5702 W zygote  : Suspending all threads took: 52.976ms
11-06 14:11:44.648  6824  7063 I chatty  : uid=10088(com.google.android.apps.messaging) expire 6 lines
11-06 14:11:44.738   753  3924 D ConnectivityService: requestNetwork for uid/pid:10094/7034 NetworkRequest [ TRACK_DEFAULT id=31, [ Capabilities: INTERNET&NOT_RESTRICTED&TRUSTED&NOT_VPN] ]
11-06 14:11:44.740   753  1335 I chatty  : uid=1000(system) EthernetService expire 3 lines
11-06 14:11:44.740   753  1207 I chatty  : uid=1000(system) WifiStateMachin expire 6 lines
11-06 14:11:44.740  2021  2021 D PhoneSwitcherNetworkRequstListener: got request NetworkRequest [ TRACK_DEFAULT id=31, [ Capabilities: INTERNET&NOT_RESTRICTED&TRUSTED&NOT_VPN] ] with score 0
11-06 14:11:44.771  4964  7016 I CarrierServices: [247] dda.b: Bugle ContentProvider is disabled by p/h flag, using ProvisioningEngineStateCacheUtil.isBugleDefaultSmsApp()
11-06 14:11:44.865  2715  3590 I chatty  : uid=10018(com.google.android.gms) FlpThread expire 2 lines
11-06 14:11:45.006  3425  7053 I chatty  : uid=10018(com.google.android.gms) expire 4 lines
11-06 14:11:45.151  4964  7016 I CarrierServices: [247] dda.b: Bugle is default SMS app: true
11-06 14:11:45.162  7034  7034 I TapAndPayApplication: Successfully initialized Firebase App
11-06 14:11:45.245  7034  7034 I PrimesApiImpl: background initialization
11-06 14:11:45.267  7034  7085 W zygote64: Unsupported class loader
11-06 14:11:45.345  6824  6824 I chatty  : uid=10088(com.google.android.apps.messaging) expire 20 lines
11-06 14:11:45.348  3425  3822 I chatty  : uid=10018(com.google.android.gms) lowpool[2] expire 12 lines
11-06 14:11:45.463  7034  7085 W zygote64: Skipping duplicate class check due to unsupported classloader
11-06 14:11:45.484  7034  7085 I DynamiteModule: Considering local module com.google.android.gms.measurement.dynamite:18 and remote module com.google.android.gms.measurement.dynamite:18
11-06 14:11:45.484  7034  7085 I DynamiteModule: Selected remote version of com.google.android.gms.measurement.dynamite, version >= 18
11-06 14:11:45.500  2715  2722 I chatty  : uid=10018(com.google.android.gms) Jit thread pool expire 7 lines
11-06 14:11:45.501  7034  7085 V DynamiteModule: Dynamite loader version >= 2, using loadModule2NoCrashUtils
11-06 14:11:45.539  4964  7016 W CarrierServices: [247] dej.a: No config URL. RCS will be disabled!
11-06 14:11:45.578  6803  6902 W CelloAccountCapability: [ImpressionsTracker-0] Unknown mime type (application/vnd.google-apps.script) returned in supported import map
11-06 14:11:45.580  6803  6902 W CelloAccountCapability: [ImpressionsTracker-0] Unknown mime type (application/vnd.google-apps.script) returned in supported import map
11-06 14:11:45.584  6803  6902 W CelloAccountCapability: [ImpressionsTracker-0] Unknown mime type (application/vnd.google-apps.script+json) returned in supported export map
11-06 14:11:45.664  3425  4065 I chatty  : uid=10018(com.google.android.gms) expire 2 lines
11-06 14:11:45.798  3425  7097 I chatty  : uid=10018(com.google.android.gms) lowpool[7] expire 10 lines
11-06 14:11:45.856  3425  3432 I chatty  : uid=10018(com.google.android.gms) Jit thread pool expire 1 line
11-06 14:11:45.923  7034  7085 I DynamiteLoaderV2Impl: [71] Measurementdynamite
11-06 14:11:45.969  7034  7085 W zygote64: Unsupported class loader
11-06 14:11:46.004  7034  7085 W zygote64: Skipping duplicate class check due to unsupported classloader
11-06 14:11:46.054  4964  7016 I CarrierServices: [247] dda.d: RCS Configuration storage in Bugle is disabled by p/h flag, using ProvisioningEngineStateCacheUtil.getProvisioningConfigurationForGivenSim()
11-06 14:11:46.123   753  3924 I ActivityManager: Start proc 7104:android.process.acore/u0a1 for content provider com.android.providers.contacts/.ContactsProvider2
11-06 14:11:46.158  7104  7104 I zygote64: The ClassLoaderContext is a special shared library.
11-06 14:11:46.211  6803  6902 W CelloAccountCapability: [ImpressionsTracker-0] Unknown mime type (application/vnd.google-apps.script) returned in supported import map
11-06 14:11:46.213  6803  6902 W CelloAccountCapability: [ImpressionsTracker-0] Unknown mime type (application/vnd.google-apps.script) returned in supported import map
11-06 14:11:46.216  7104  7104 I ContactsPerf: VoicemailContentProvider.onCreate start
11-06 14:11:46.216  6803  6902 W CelloAccountCapability: [ImpressionsTracker-0] Unknown mime type (application/vnd.google-apps.script+json) returned in supported export map
11-06 14:11:46.225  7104  7104 I ContactsPerf: VoicemailContentProvider.onCreate finish
11-06 14:11:46.264  7104  7104 I zygote64: The ClassLoaderContext is a special shared library.
11-06 14:11:46.270  7104  7119 D ContactsDatabaseHelper: WAL enabled for contacts2.db: true
11-06 14:11:46.321  7104  7104 I zygote64: The ClassLoaderContext is a special shared library.
11-06 14:11:46.343  7104  7119 I ContactLocale: AddressBook Labels [[en_US]]: [, A, B, C, D, E, F, G, H, I, J, K, L, M, N, O, P, Q, R, S, T, U, V, W, X, Y, Z, , , , , , , , , , , , , , , , , , , , , , , , , , , , , , , , , , , , , , , , , , , , , , , , , , , , , , , , , , , , , , , , , , , , , , , , , , , , , , , , , , , , , , , , , , , , , , , , , , , , , , , , , , , , , , , , , , , , , , , , , , , , , , , , , , , , , , , , , , , , , , , , , , , , , , , , , , , , , , , , , , , , , , , , , , , , , , , , , , , , , , , , , , , #, ]
11-06 14:11:46.371  7104  7119 D ContactsDatabaseHelper: WAL enabled for profile.db: false
11-06 14:11:46.387  7034  7090 I BackgroundTaskManager: Executing task AccountFreshener.freshen with SEQUENTIAL execution policy.
11-06 14:11:46.388  7034  7065 I PhenotypeRegTask: Phenotype registration completed
11-06 14:11:46.400  4964  7016 I CarrierServices: [247] dda.d: RCS Configuration storage in Bugle is disabled by p/h flag, using ProvisioningEngineStateCacheUtil.getProvisioningConfigurationForGivenSim()
11-06 14:11:46.489  7034  7070 I BackgroundTaskManager: Executing task FeatureMigrationTask.com.google.commerce.tapandpay.android.migration.APP_INIT with SEQUENTIAL execution policy.
11-06 14:11:46.573  7034  7070 I ClosedLoopHceMigrat: No account found
11-06 14:11:46.573  7034  7070 I ClosedLoopHceMigrat: Disabling transit hce service
11-06 14:11:46.590  4964  7016 I CarrierServices: [247] dda.d: RCS Configuration storage in Bugle is disabled by p/h flag, using ProvisioningEngineStateCacheUtil.getProvisioningConfigurationForGivenSim()
11-06 14:11:46.726  2715  5646 I chatty  : uid=10018(com.google.android.gms) lowpool[8] expire 11 lines
11-06 14:11:46.757  7034  7070 I SmartTapMigration: Disabling valuable apdu service since the migration is already completed.
11-06 14:11:46.795  3425  3425 I chatty  : uid=10018(com.google.android.gms) expire 4 lines
11-06 14:11:46.919  4964  7016 I CarrierServices: [247] dwi.b: Checking if using CarrierServices.apk is possible. Enabled: true, isAtLeastM: true, runningInsideBugle: false
11-06 14:11:46.930  6824  6863 I chatty  : uid=10088(com.google.android.apps.messaging) expire 16 lines
11-06 14:11:46.938  6824  6866 I chatty  : uid=10088(com.google.android.apps.messaging) expire 4 lines
11-06 14:11:47.006  4964  7016 I CarrierServices: [247] blb.onCsLibPhenotypeUpdated: BindingManager: binding and reset P/H Flag stay same
11-06 14:11:47.107  4964  7016 I CarrierServices: [247] dbd.a: RcsAvailabilityManager: Rcs Availability still DISABLED_SIM_ABSENT (RCS is disabled due to SIM absent)
11-06 14:11:47.109  7034  7070 I SaveValuableMigration: Enabling save valuables deep links component
11-06 14:11:47.206  2715  5737 I chatty  : uid=10018(com.google.android.gms) lowpool[9] expire 11 lines
11-06 14:11:47.280  7034  7070 I ViewValuableMigration: Enabling view valuables deep links component
11-06 14:11:47.417  7034  7070 I BackgroundTaskManager: Executing task FeatureMigrationTask.com.google.commerce.tapandpay.android.sharedpreferences.ACTIVE_ACCOUNTS_CHANGED with SEQUENTIAL execution policy.
11-06 14:11:47.434  7034  7070 I ClosedLoopHceMigrat: No account found
11-06 14:11:47.434  7034  7070 I ClosedLoopHceMigrat: Disabling transit hce service
11-06 14:11:47.443  7034  7070 I SmartTapMigration: Disabling valuable apdu service since the migration is already completed.
11-06 14:11:47.504  7034  7070 I SaveValuableMigration: Enabling save valuables deep links component
11-06 14:11:47.526  7034  7070 I ViewValuableMigration: Enabling view valuables deep links component
11-06 14:11:47.575  6803  6886 W DynamiteModule: Local module descriptor class for com.google.android.gms.providerinstaller.dynamite not found.
11-06 14:11:47.657  7034  7070 I BackgroundTaskManager: Executing task FeatureMigrationTask.com.google.commerce.tapandpay.android.sharedpreferences.ACTIVE_ACCOUNTS_CHANGED with SEQUENTIAL execution policy.
11-06 14:11:47.661  7034  7070 I ClosedLoopHceMigrat: No account found
11-06 14:11:47.661  7034  7070 I ClosedLoopHceMigrat: Disabling transit hce service
11-06 14:11:47.679  7034  7070 I SmartTapMigration: Disabling valuable apdu service since the migration is already completed.
11-06 14:11:47.705  7034  7070 I SaveValuableMigration: Enabling save valuables deep links component
11-06 14:11:47.730  7034  7070 I ViewValuableMigration: Enabling view valuables deep links component
11-06 14:11:47.769  2715  2732 I chatty  : uid=10018(com.google.android.gms) Binder:2715_2 expire 1 line
11-06 14:11:47.808   753  3928 I ActivityManager: Start proc 7136:com.google.android.calendar/u0a58 for broadcast com.google.android.calendar/com.google.android.apps.calendar.config.phenotypesupport.broadcast.PhenotypeBroadcastReceiver
11-06 14:11:47.809   753  3928 I ActivityManager: Killing 6606:com.verizon.omadm/u0a10 (adj 906): empty #17
11-06 14:11:47.810   753   780 I chatty  : uid=1000(system) ActivityManager expire 39 lines
11-06 14:11:47.906  7034  7047 I zygote64: Waiting for a blocking GC ProfileSaver
11-06 14:11:48.006  6803  6808 I zygote64: Do partial code cache collection, code=53KB, data=43KB
11-06 14:11:48.006  6803  6808 I zygote64: After code cache collection, code=42KB, data=39KB
11-06 14:11:48.006  6803  6808 I zygote64: Increasing code cache capacity to 256KB
11-06 14:11:48.007  6803  6808 I zygote64: Compiler allocated 4MB to compile int ubf.q(java.lang.Object)
11-06 14:11:48.074  7034  7047 I zygote64: WaitForGcToComplete blocked ProfileSaver on HeapTrim for 168.798ms
11-06 14:11:48.141   753  3922 I chatty  : uid=1000(system) Binder:753_11 expire 3 lines
11-06 14:11:48.176  6803  6886 W ProviderInstaller: Failed to load providerinstaller module: No acceptable module found. Local version is 0 and remote version is 0.
11-06 14:11:48.266  6824  6968 I chatty  : uid=10088(com.google.android.apps.messaging) expire 1 line
11-06 14:11:48.267  6824  6897 I chatty  : uid=10088(com.google.android.apps.messaging) expire 1 line
11-06 14:11:48.784   753  3931 W ActivityManager: Background start not allowed: service Intent { cmp=com.google.android.apps.messaging/.shared.datamodel.action.execution.ActionExecutorImpl$EmptyService } to com.google.android.apps.messaging/.shared.datamodel.action.execution.ActionExecutorImpl$EmptyService from pid=6824 uid=10088 pkg=com.google.android.apps.messaging
11-06 14:11:48.840   753  3923 W ActivityManager: Background start not allowed: service Intent { cmp=com.google.android.apps.messaging/.shared.datamodel.action.execution.ActionExecutorImpl$EmptyService } to com.google.android.apps.messaging/.shared.datamodel.action.execution.ActionExecutorImpl$EmptyService from pid=6824 uid=10088 pkg=com.google.android.apps.messaging
11-06 14:11:48.840  2715  7191 I chatty  : uid=10018 com.google.android.gms.persistent expire 3 lines
11-06 14:11:49.037  2715  7197 I chatty  : uid=10018(com.google.android.gms) lowpool[13] expire 14 lines
11-06 14:11:49.079   753   765 I ProcessStatsService: Added stats: 2020-10-28-09-58-12, over +1h10m9s372ms
11-06 14:11:49.088   753   765 I ProcessStatsService: Added stats: 2020-10-23-03-13-05, over +3d11h24m5s945ms
11-06 14:11:49.299  7034  7123 I FA      : App measurement initialized, version: 32044
11-06 14:11:49.299  7034  7123 I FA      : To enable debug logging run: adb shell setprop log.tag.FA VERBOSE
11-06 14:11:49.300  7034  7123 I FA      : To enable faster debug mode event logging run:
11-06 14:11:49.300  7034  7123 I FA      :   adb shell setprop debug.firebase.analytics.app com.google.android.apps.walletnfcrel
11-06 14:11:49.494  7034  7039 I zygote64: Do partial code cache collection, code=26KB, data=29KB
