11-06 14:28:51.501  2715  3471 I NearbySharing: FastInitiation warming period has ended [CONTEXT service_id=194 ]
11-06 14:28:53.304  3213  3213 I zygote64: Deoptimizing void com.android.launcher3.Utilities.mapCoordInSelfToDescendent$ar$ds(android.view.View, android.view.View, int[]) due to JIT inline cache
11-06 14:28:53.369  3213  3219 I zygote64: Do partial code cache collection, code=243KB, data=154KB
11-06 14:28:53.369  3213  3219 I zygote64: After code cache collection, code=234KB, data=149KB
11-06 14:28:53.369  3213  3219 I zygote64: Increasing code cache capacity to 1024KB
11-06 14:28:53.767   753  3919 I ActivityManager: START u0 {act=android.intent.action.DELETE dat=package:com.example.stigmatestapp flg=0x10800000 cmp=com.google.android.packageinstaller/com.android.packageinstaller.UninstallerActivity (has extras)} from uid 10048
11-06 14:28:53.823   753   765 I ActivityManager: Start proc 8064:com.google.android.packageinstaller/u0a29 for activity com.google.android.packageinstaller/com.android.packageinstaller.UninstallerActivity
11-06 14:28:53.895  8064  8064 I zygote64: The ClassLoaderContext is a special shared library.
11-06 14:28:53.913  3103  8028 I PBSessionCacheImpl: Deleted sessionId[13648743013734536] from persistence.
11-06 14:28:53.942  3103  3660 W SearchServiceCore: Abort, client detached.
11-06 14:28:53.944  3103  3660 I MicroDetectionState: Should stop hotword detection immediately - true
11-06 14:28:54.027  8064  8079 D OpenGLRenderer: HWUI GL Pipeline
11-06 14:28:54.061  8064  8079 I Adreno  : QUALCOMM build                   : 8e59954, I0be83d0d26
11-06 14:28:54.061  8064  8079 I Adreno  : Build Date                       : 09/22/17
11-06 14:28:54.061  8064  8079 I Adreno  : OpenGL ES Shader Compiler Version: EV031.21.02.00
11-06 14:28:54.061  8064  8079 I Adreno  : Local Branch                     : O17A
11-06 14:28:54.061  8064  8079 I Adreno  : Remote Branch                    : 
11-06 14:28:54.061  8064  8079 I Adreno  : Remote Branch                    : 
11-06 14:28:54.061  8064  8079 I Adreno  : Reconstruct Branch               : 
11-06 14:28:54.061  8064  8079 D vndksupport: Loading /vendor/lib64/hw/gralloc.msm8992.so from current namespace instead of sphal namespace.
11-06 14:28:54.082  8064  8079 I Adreno  : PFP: 0x00000000, ME: 0x00000000
11-06 14:28:54.088   361   361 W /system/bin/hwservicemanager: getTransport: Cannot find entry android.hardware.configstore@1.0::ISurfaceFlingerConfigs/default in either framework or device manifest.
11-06 14:28:54.090  8064  8079 I zygote64: android::hardware::configstore::V1_0::ISurfaceFlingerConfigs::hasWideColorDisplay retrieved: 0
11-06 14:28:54.091  8064  8079 I OpenGLRenderer: Initialized EGL, version 1.4
11-06 14:28:54.091  8064  8079 D OpenGLRenderer: Swap behavior 2
11-06 14:28:54.101   426   426 D SurfaceFlinger: duplicate layer name: changing com.google.android.packageinstaller/com.android.packageinstaller.UninstallerActivity to com.google.android.packageinstaller/com.android.packageinstaller.UninstallerActivity#1
11-06 14:28:54.125   361   361 W /system/bin/hwservicemanager: getTransport: Cannot find entry android.hardware.graphics.mapper@2.0::IMapper/default in either framework or device manifest.
11-06 14:28:54.126  8064  8079 D vndksupport: Loading /vendor/lib64/hw/android.hardware.graphics.mapper@2.0-impl.so from current namespace instead of sphal namespace.
11-06 14:28:54.127  8064  8079 D vndksupport: Loading /vendor/lib64/hw/gralloc.msm8992.so from current namespace instead of sphal namespace.
11-06 14:28:54.162   753   788 I ActivityManager: Displayed com.google.android.packageinstaller/com.android.packageinstaller.UninstallerActivity: +359ms
11-06 14:28:54.822   561  2871 D audio_route: Apply path: speaker-protected
11-06 14:28:54.826   561  2871 D audio_hw_primary: enable_snd_device: snd_device(95: vi-feedback)
11-06 14:28:54.827   561  2871 D audio_route: Apply path: vi-feedback
11-06 14:28:54.827   561  2871 D audio_hw_primary: enable_audio_route: usecase(24) apply and update mixer path: spkr-vi-record
11-06 14:28:54.827   561  2871 D audio_route: Apply path: spkr-vi-record
11-06 14:28:54.841  8064  8064 I UninstallerActivity: Uninstalling extras=Bundle[{com.android.packageinstaller.extra.APP_LABEL=StigmaTestApp, com.android.packageinstaller.applicationInfo=ApplicationInfo{153e067 com.example.stigmatestapp}, android.intent.extra.UNINSTALL_ALL_USERS=false, com.android.packageinstaller.extra.UNINSTALL_ID=-2147483645}]
11-06 14:28:54.843   753   778 I ActivityManager: Force stopping com.example.stigmatestapp appid=10111 user=0: deletePackageX
11-06 14:28:54.852   561  2871 D audio_hw_primary: enable_audio_route: usecase(1) apply and update mixer path: low-latency-playback
11-06 14:28:54.852   561  2871 D audio_route: Apply path: low-latency-playback
11-06 14:28:54.883  1591  1591 I GoogleInputMethodService: GoogleInputMethodService.onFinishInput():3235 
11-06 14:28:54.885  1591  1591 I GoogleInputMethodService: GoogleInputMethodService.onStartInput():1858 
11-06 14:28:54.889   561  2871 E msm8974_platform: ramp_speaker_gain: Could not get ctl for mixer cmd - Left Speaker Gain or Right Speaker Gain, not applying speaker gain ramp
11-06 14:28:54.889   561  2871 D audio_hw_primary: out_write: retry previous failed cal level set
11-06 14:28:54.889   561  2871 W msm8974_platform: platform_send_gain_dep_cal: Usecase list is empty
11-06 14:28:54.977   565   565 I keystore: clear_uid 10111
11-06 14:28:55.047   753   779 W Looper  : Dispatch took 162ms on android.ui, h=Handler (com.android.server.am.ActivityManagerService$UiHandler) {a18c34b} cb=null msg=31
11-06 14:28:55.083  3103  3660 W SessionLifecycleManager: Handover failed. Creating new session controller.
11-06 14:28:55.085   426   459 E SurfaceFlinger: Failed to find layer (com.google.android.packageinstaller/com.android.packageinstaller.UninstallerActivity#0) in layer parent (no-parent).
11-06 14:28:55.091  3103  3660 E PBSessionCacheImpl: sessionId[13648743013734536] not persisted.
11-06 14:28:55.097  3103  8028 I PBSessionCacheImpl: Deleted sessionId[13648743013734536] from persistence.
11-06 14:28:55.108   753   766 I WifiService: getWifiEnabledState uid=10048
11-06 14:28:55.132   753  3223 I WifiService: getWifiEnabledState uid=10048
11-06 14:28:55.151  3103  3660 I MicroDetectionState: Should stop hotword detection immediately - true
11-06 14:28:55.156   753  3915 I WifiService: getWifiEnabledState uid=10048
11-06 14:28:55.166  3103  8029 I VelvetNetworkClient: Network connection not available
11-06 14:28:55.253   753   794 I zygote64: Explicit concurrent copying GC freed 62928(2MB) AllocSpace objects, 7(332KB) LOS objects, 42% free, 14MB/25MB, paused 252us total 271.527ms
11-06 14:28:55.264  8064  8064 I UninstallFinish: Uninstall finished extras=Bundle[{android.content.pm.extra.STATUS=0, android.content.pm.extra.PACKAGE_NAME=com.example.stigmatestapp, com.android.packageinstaller.extra.APP_LABEL=StigmaTestApp, com.android.packageinstaller.applicationInfo=ApplicationInfo{db41c03 com.example.stigmatestapp}, android.intent.extra.UNINSTALL_ALL_USERS=false, android.content.pm.extra.LEGACY_STATUS=1, com.android.packageinstaller.extra.UNINSTALL_ID=-2147483645, android.content.pm.extra.STATUS_MESSAGE=DELETE_SUCCEEDED}]
11-06 14:28:55.282   753   794 I ActivityManager: Start proc 8092:com.android.defcontainer/u0a12 for service com.android.defcontainer/.DefaultContainerService
11-06 14:28:55.282   753   794 I ActivityManager: Force stopping com.example.stigmatestapp appid=10111 user=0: pkg removed
11-06 14:28:55.304  3089  3089 I GsaVoiceInteractionSrv: O received Intent { act=android.intent.action.PACKAGE_REMOVED dat=package:com.example.stigmatestapp flg=0x4000010 (has extras) }
11-06 14:28:55.309   753   778 W BroadcastQueue: Background execution not allowed: receiving Intent { act=android.intent.action.PACKAGE_REMOVED dat=package:com.example.stigmatestapp flg=0x4000010 (has extras) } to com.android.musicfx/.Compatibility$Receiver
11-06 14:28:55.313   753   778 W BroadcastQueue: Background execution not allowed: receiving Intent { act=android.intent.action.PACKAGE_REMOVED dat=package:com.example.stigmatestapp flg=0x4000010 (has extras) } to com.android.vending/com.google.android.finsky.packagemanager.impl.PackageMonitorReceiverImpl$RegisteredReceiver
11-06 14:28:55.313   753   778 W BroadcastQueue: Background execution not allowed: receiving Intent { act=android.intent.action.PACKAGE_REMOVED dat=package:com.example.stigmatestapp flg=0x4000010 (has extras) } to com.android.vending/com.google.android.finsky.instantapps.appmanagement.InstantAppRemoveMonitor
11-06 14:28:55.313   753   778 W BroadcastQueue: Background execution not allowed: receiving Intent { act=android.intent.action.PACKAGE_REMOVED dat=package:com.example.stigmatestapp flg=0x4000010 (has extras) } to com.google.android.apps.maps/com.google.android.libraries.social.peoplekit.thirdparty.viewcontrollers.ThirdPartyReceiver
11-06 14:28:55.313   753   778 W BroadcastQueue: Background execution not allowed: receiving Intent { act=android.intent.action.PACKAGE_REMOVED dat=package:com.example.stigmatestapp flg=0x4000010 (has extras) } to com.google.android.apps.photos/com.google.android.libraries.social.peoplekit.thirdparty.viewcontrollers.ThirdPartyReceiver
11-06 14:28:55.314   753   778 W BroadcastQueue: Background execution not allowed: receiving Intent { act=android.intent.action.PACKAGE_REMOVED dat=package:com.example.stigmatestapp flg=0x4000010 (has extras) } to com.google.android.gms/.games.chimera.GamesSystemBroadcastReceiverProxy
11-06 14:28:55.314   753   778 W BroadcastQueue: Background execution not allowed: receiving Intent { act=android.intent.action.PACKAGE_REMOVED dat=package:com.example.stigmatestapp flg=0x4000010 (has extras) } to com.google.android.gms/.chimera.GmsIntentOperationService$PersistentTrustedReceiver
11-06 14:28:55.314   753   778 W BroadcastQueue: Background execution not allowed: receiving Intent { act=android.intent.action.PACKAGE_REMOVED dat=package:com.example.stigmatestapp flg=0x4000010 (has extras) } to com.google.android.googlequicksearchbox/com.google.android.apps.gsa.googlequicksearchbox.GelStubAppWatcher
11-06 14:28:55.315   753   794 D KernelUidCpuTimeReader: Removing uids 10111-10111
11-06 14:28:55.344  2715  2715 I GeofencerStateMachine: removeGeofences: removeRequest=RemoveGeofencingRequest[REMOVE_ALL packageName=com.example.stigmatestapp]
11-06 14:28:55.355   561   722 D audio_hw_primary: disable_audio_route: usecase(1) reset and update mixer path: low-latency-playback
11-06 14:28:55.369   561   722 D audio_hw_primary: disable_snd_device: snd_device(95: vi-feedback)
11-06 14:28:55.369   561   722 D audio_hw_primary: disable_audio_route: usecase(24) reset and update mixer path: spkr-vi-record
11-06 14:28:55.374  2021  2021 D CarrierSvcBindHelper: No carrier app for: 0
11-06 14:28:55.375   753   753 I ActivityManager: Start proc 8106:com.android.keychain/1000 for service com.android.keychain/.KeyChainService
11-06 14:28:55.378  3132  3132 D RegisteredNfcFServicesCache: Service unchanged, not updating
11-06 14:28:55.421  3103  3115 I zygote64: Background concurrent copying GC freed 17170(975KB) AllocSpace objects, 0(0B) LOS objects, 49% free, 8MB/17MB, paused 572us total 133.468ms
11-06 14:28:55.433   753  3924 I ActivityManager: Start proc 8124:com.google.android.gms.ui/u0a18 for service com.google.android.gms/.chimera.UiIntentOperationService
11-06 14:28:55.444   753   753 W ResourceType: ResTable_typeSpec entry count inconsistent: given 67, previously 69
11-06 14:28:55.444   753   753 W ResourceType: ResTable_typeSpec entry count inconsistent: given 5346, previously 5347
11-06 14:28:55.446  5692  5692 I Finsky  : [2] ycb.d(13): PackageMonitorReceiverImpl - Received: android.intent.action.PACKAGE_REMOVED, [OnwbQ4r8KO_jZ7Oi4-ZZXyijHadCkq7_t8sUiIYWMms]
11-06 14:28:55.448   753  3864 I OpenGLRenderer: Initialized EGL, version 1.4
11-06 14:28:55.449   753  3864 D OpenGLRenderer: Swap behavior 2
11-06 14:28:55.449  5692  5692 I Finsky  : [2] ydc.g(1): Invalidating cached PackageState for com.example.stigmatestapp
11-06 14:28:55.450  8092  8092 I zygote64: The ClassLoaderContext is a special shared library.
11-06 14:28:55.452  3103  3515 W ResourceType: Found multiple library tables, ignoring...
11-06 14:28:55.456  5692  5692 I Finsky  : [2] ydc.p(3): Package no longer installed: com.example.stigmatestapp
11-06 14:28:55.461   753  3919 I ActivityManager: Start proc 8138:com.android.documentsui/u0a14 for broadcast com.android.documentsui/.PackageReceiver
11-06 14:28:55.473   753   753 W ResourceType: ResTable_typeSpec entry count inconsistent: given 82, previously 86
11-06 14:28:55.473   753   753 W ResourceType: ResTable_typeSpec entry count inconsistent: given 548, previously 2264
11-06 14:28:55.473   753   753 W ResourceType: ResTable_typeSpec entry count inconsistent: given 1237, previously 2573
11-06 14:28:55.474   753   753 W ResourceType: ResTable_typeSpec entry count inconsistent: given 2579, previously 2573
11-06 14:28:55.474   753   753 W ResourceType: ResTable_typeSpec entry count inconsistent: given 383, previously 2115
11-06 14:28:55.475  8106  8106 I zygote64: The ClassLoaderContext is a special shared library.
11-06 14:28:55.480   753   753 W ResourceType: For resource 0x7f080591, entry index(1425) is beyond type entryCount(1237)
11-06 14:28:55.483   753   753 W ResourceType: For resource 0x7f080520, entry index(1312) is beyond type entryCount(1237)
11-06 14:28:55.494   753   753 W ResourceType: For resource 0x7f080591, entry index(1425) is beyond type entryCount(1237)
11-06 14:28:55.494   753   753 W ResourceType: For resource 0x7f080520, entry index(1312) is beyond type entryCount(1237)
11-06 14:28:55.495   753   753 W ResourceType: For resource 0x7f080591, entry index(1425) is beyond type entryCount(1237)
11-06 14:28:55.495   753   753 W ResourceType: For resource 0x7f080520, entry index(1312) is beyond type entryCount(1237)
11-06 14:28:55.510   753   753 I ConditionProviders: Disallowing condition provider com.example.stigmatestapp
11-06 14:28:55.513  8124  8124 I zygote64: The ClassLoaderContext is a special shared library.
11-06 14:28:55.516  8124  8124 I zygote64: The ClassLoaderContext is a special shared library.
11-06 14:28:55.520  2715  8155 I Fitness : FitCleanupIntentOperation received Intent android.intent.action.PACKAGE_REMOVED [CONTEXT service_id=17 ]
11-06 14:28:55.520   753   753 W ResourceType: Found multiple library tables, ignoring...
11-06 14:28:55.529  8124  8124 W ResourceType: ResTable_typeSpec entry count inconsistent: given 67, previously 69
11-06 14:28:55.529  8124  8124 W ResourceType: ResTable_typeSpec entry count inconsistent: given 5346, previously 5347
11-06 14:28:55.562  5692  5692 I Finsky  : [2] qlq.s(2): Installer: package com.example.stigmatestapp was removed. replacing: false
11-06 14:28:55.606  5692  5692 I Finsky  : [2] qmo.L(12): Installer: Notifying status update. package=com.example.stigmatestapp, status=UNINSTALLED
11-06 14:28:55.644   753  1019 I InputReader: Reconfiguring input devices.  changes=0x00000010
11-06 14:28:55.650  3425  7102 I ContentMaintenance: Internal cache bytes used: 0; limit: 100000000; download size: 0
11-06 14:28:55.656  8138  8138 I zygote64: The ClassLoaderContext is a special shared library.
11-06 14:28:55.669  3103  3515 W ResourceType: ResTable_typeSpec entry count inconsistent: given 15, previously 23
11-06 14:28:55.671  3103  3515 W ResourceType: ResTable_typeSpec entry count inconsistent: given 2435, previously 2452
11-06 14:28:55.671  3103  3515 W ResourceType: ResTable_typeSpec entry count inconsistent: given 272, previously 1696
11-06 14:28:55.688  3425  7097 I Icing   : doRemovePackageData com.example.stigmatestapp
11-06 14:28:55.694  3103  3515 W ResourceType: ResTable_typeSpec entry count inconsistent: given 891, previously 906
11-06 14:28:55.694  3103  3515 W ResourceType: ResTable_typeSpec entry count inconsistent: given 715, previously 2338
11-06 14:28:55.694  3103  3515 W ResourceType: ResTable_typeSpec entry count inconsistent: given 278, previously 1369
11-06 14:28:55.701  8124  8124 W ProviderHelper: Unknown dynamite feature providerinstaller
11-06 14:28:55.702   753   777 W ResourceType: ResTable_typeSpec entry count inconsistent: given 67, previously 69
11-06 14:28:55.702   753   777 W ResourceType: ResTable_typeSpec entry count inconsistent: given 5346, previously 5347
11-06 14:28:55.702  8124  8124 I DynamiteModule: Considering local module com.google.android.gms.providerinstaller:1 and remote module com.google.android.gms.providerinstaller:0
11-06 14:28:55.702  8124  8124 I DynamiteModule: Selected local version of com.google.android.gms.providerinstaller
11-06 14:28:55.703  3103  3515 W ResourceType: ResTable_typeSpec entry count inconsistent: given 1984, previously 2359
11-06 14:28:55.703  3103  3515 W ResourceType: ResTable_typeSpec entry count inconsistent: given 1583, previously 1588
11-06 14:28:55.703  3103  3515 W ResourceType: ResTable_typeSpec entry count inconsistent: given 288, previously 1861
11-06 14:28:55.710  8124  8124 V NativeCrypto: Registering com/google/android/gms/org/conscrypt/NativeCrypto's 288 native methods...
11-06 14:28:55.717   753   777 W ResourceType: ResTable_typeSpec entry count inconsistent: given 39, previously 44
11-06 14:28:55.717   753   777 W ResourceType: ResTable_typeSpec entry count inconsistent: given 2601, previously 2604
11-06 14:28:55.718   753   777 W ResourceType: ResTable_typeSpec entry count inconsistent: given 2692, previously 2695
11-06 14:28:55.718   753   777 W ResourceType: ResTable_typeSpec entry count inconsistent: given 303, previously 1726
11-06 14:28:55.741  8124  8124 D NetworkSecurityConfig: Using Network Security Config from resource network_security_config debugBuild: false
11-06 14:28:55.743   753   777 W ResourceType: ResTable_typeSpec entry count inconsistent: given 13, previously 15
11-06 14:28:55.746  8124  8124 I ProviderInstaller: Installed default security provider GmsCore_OpenSSL
11-06 14:28:55.747  8124  8124 I Safeboot: Checking safeboot...
11-06 14:28:55.747  8124  8124 I Safeboot: Not entering safeboot; wrong process.
11-06 14:28:55.821  5692  5692 I Finsky  : [2] alxk.a(3): Do not start WearSupportService due to Wear service optimization
11-06 14:28:55.828  5692  5692 I Finsky  : [2] alxk.a(3): Do not start WearSupportService due to Wear service optimization
11-06 14:28:55.832  8124  8124 I bfrm    : Primes not initialized, returning default (no-op) Primes instance which will ignore all calls. Please call Primes.initialize(...) before using any Primes API.
11-06 14:28:55.836  5692  5692 I Finsky  : [2] adxl.a(8): Clearing split related stale data.
11-06 14:28:55.850  3425  7102 I RealtimeCacheCleanup: Beginning Realtime garbage collection.
11-06 14:28:55.854  5692  5692 I Finsky  : [2] ydc.p(3): Package no longer installed: com.example.stigmatestapp
11-06 14:28:55.860  3103  3515 W ResourceType: ResTable_typeSpec entry count inconsistent: given 82, previously 86
11-06 14:28:55.860  3103  3515 W ResourceType: ResTable_typeSpec entry count inconsistent: given 548, previously 2264
11-06 14:28:55.860  3103  3515 W ResourceType: ResTable_typeSpec entry count inconsistent: given 1237, previously 2573
11-06 14:28:55.861  3103  3515 W ResourceType: ResTable_typeSpec entry count inconsistent: given 2579, previously 2573
11-06 14:28:55.861  3103  3515 W ResourceType: ResTable_typeSpec entry count inconsistent: given 383, previously 2115
11-06 14:28:55.893  3103  3515 W ResourceType: ResTable_typeSpec entry count inconsistent: given 39, previously 44
11-06 14:28:55.894  3103  3515 W ResourceType: ResTable_typeSpec entry count inconsistent: given 2601, previously 2604
11-06 14:28:55.894  3103  3515 W ResourceType: ResTable_typeSpec entry count inconsistent: given 2692, previously 2695
11-06 14:28:55.895  3103  3515 W ResourceType: ResTable_typeSpec entry count inconsistent: given 303, previously 1726
11-06 14:28:55.922  3103  3515 W ResourceType: ResTable_typeSpec entry count inconsistent: given 13, previously 15
11-06 14:28:56.052  5692  5692 I Finsky  : [2] qmo.O(7): Installer: found apps to install. isMultiUserMode=false, apps=[]
11-06 14:28:56.054  3103  3515 W ResourceType: ResTable_typeSpec entry count inconsistent: given 26, previously 51
11-06 14:28:56.054  3103  3515 W ResourceType: ResTable_typeSpec entry count inconsistent: given 2, previously 490
11-06 14:28:56.059  3103  3515 W ResourceType: ResTable_typeSpec entry count inconsistent: given 42, previously 888
11-06 14:28:56.059  3103  3515 W ResourceType: ResTable_typeSpec entry count inconsistent: given 1032, previously 1194
11-06 14:28:56.059  3103  3515 W ResourceType: ResTable_typeSpec entry count inconsistent: given 1208, previously 1241
11-06 14:28:56.060  3103  3515 W ResourceType: ResTable_typeSpec entry count inconsistent: given 24, previously 44
11-06 14:28:56.060  3103  3515 W ResourceType: ResTable_typeSpec entry count inconsistent: given 787, previously 1678
11-06 14:28:56.116  5692  8180 I Finsky  : [125] gvx.a(12): Asset module storage cleared for package com.example.stigmatestapp.
11-06 14:28:56.140  3103  8029 I DeviceAppInfoWork: refreshDeviceAppInfoForAccount done for fmresearchnovak@gmail.com
11-06 14:28:56.145  3425  7102 I RealtimeCacheCleanup: Finished Realtime garbage collection.
11-06 14:28:56.153  3425  3897 I Icing   : IndexChimeraService.getServiceInterface callingPackage=com.google.android.gms componentName=AppsCorpus serviceId=36
11-06 14:28:56.161  3103  3653 W DeviceAppInfoWork: missing version info.
11-06 14:28:56.184  5692  8173 I Finsky  : [124] jmd.a(15): [ContentSync] finished, scheduled=false
11-06 14:28:56.201  5692  8144 I Finsky  : [123] otz.run(16): Frosting DB delete succeeded: true
11-06 14:28:56.203  5692  8144 I Finsky  : [123] otz.run(16): Frosting DB delete succeeded: false
11-06 14:28:56.239   753  3924 I ActivityManager: Killing 7390:com.google.android.contacts/u0a23 (adj 906): empty #17
11-06 14:28:56.240   753   780 W zygote64: kill(-7390, 9) failed: No such process
11-06 14:28:56.250  5692  5692 I Finsky  : [2] ycb.d(13): PackageMonitorReceiverImpl - Received: android.intent.action.PACKAGE_FULLY_REMOVED, [OnwbQ4r8KO_jZ7Oi4-ZZXyijHadCkq7_t8sUiIYWMms]
11-06 14:28:56.251  5692  5692 I Finsky  : [2] ydc.g(1): Invalidating cached PackageState for com.example.stigmatestapp
11-06 14:28:56.253  5692  5692 I Finsky  : [2] ydc.p(3): Package no longer installed: com.example.stigmatestapp
11-06 14:28:56.283   753   780 W zygote64: kill(-7390, 9) failed: No such process
11-06 14:28:56.293  5692  5692 I Finsky  : [2] ycb.d(16): PackageMonitorReceiverImpl - Deduping intent android.intent.action.PACKAGE_FULLY_REMOVED
11-06 14:28:56.301  5692  8193 I Finsky  : [131] rab.C(2): IQ: Notifying installation update. package=com.example.stigmatestapp, status=UNINSTALLED
11-06 14:28:56.308   753  3925 I ActivityManager: Start proc 8197:com.google.android.apps.maps/u0a81 for broadcast com.google.android.apps.maps/com.google.android.libraries.social.peoplekit.thirdparty.viewcontrollers.ThirdPartyReceiver
11-06 14:28:56.327   753   780 W zygote64: kill(-7390, 9) failed: No such process
11-06 14:28:56.327   753   780 I zygote64: Successfully killed process cgroup uid 10023 pid 7390 in 88ms
11-06 14:28:56.359  5692  8144 I Finsky  : [123] otz.run(16): Frosting DB delete succeeded: false
11-06 14:28:56.424  8197  8197 W ResourceType: ResTable_typeSpec entry count inconsistent: given 15, previously 23
11-06 14:28:56.424  8197  8197 W ResourceType: ResTable_typeSpec entry count inconsistent: given 2435, previously 2452
11-06 14:28:56.425  8197  8197 W ResourceType: ResTable_typeSpec entry count inconsistent: given 272, previously 1696
11-06 14:28:56.655  5692  8193 I Finsky  : [131] rab.t(33): IQ: No matching installs to run for jobs: []
11-06 14:28:56.780  3425  7097 W Icing   : Failed to get Lockbox signed-in status: java.util.concurrent.TimeoutException: Timed out waiting for Task
11-06 14:28:56.780  3425  7097 W Icing   : getSignedInAccountName: Falling back to default value
11-06 14:28:56.856  8124  8128 I zygote64: Compiler allocated 4MB to compile void syu.d(android.content.Context)
11-06 14:28:56.915  3425  7097 W Icing   : No valid account for uploading user actions
11-06 14:28:56.987  3425  7097 I Icing   : Usage reports ok 0, Failed Usage reports 0, indexed 0, rejected 0
11-06 14:28:56.994  3425  3845 I Icing   : IndexChimeraService.getServiceInterface callingPackage=com.google.android.gms componentName=null serviceId=36
11-06 14:28:56.999  3425  3730 I Icing   : IndexChimeraService.getServiceInterface callingPackage=com.google.android.gms componentName=null serviceId=30
11-06 14:28:57.011  3425  7097 I Icing   : Indexing com.google.android.gms-apps from com.google.android.gms
11-06 14:28:57.037  3425  7097 I GmsCoreXrpcWrapper: Returning a channel provider with trafficStatsTag=12803
11-06 14:28:57.059  3425  7097 I Icing   : Usage reports ok 0, Failed Usage reports 0, indexed 0, rejected 0
11-06 14:28:57.065  3425  7097 I GmsCoreXrpcWrapper: Returning a channel provider with trafficStatsTag=12803
11-06 14:28:57.080  3425  7097 I Icing   : Usage reports ok 0, Failed Usage reports 0, indexed 0, rejected 0
11-06 14:28:57.085  3425  7097 I Icing   : Indexing done com.google.android.gms-apps
11-06 14:28:57.486   753  3926 I ActivityManager: Killing 7435:com.google.android.partnersetup/u0a26 (adj 906): empty #17
11-06 14:28:57.487   753   780 W zygote64: kill(-7435, 9) failed: No such process
11-06 14:28:57.498  3425  8160 I zygote64: Deoptimizing java.lang.Object afx.next() due to JIT inline cache
11-06 14:28:57.518   753  1642 I ActivityManager: Start proc 8232:android.process.media/u0a16 for broadcast com.android.providers.downloads/.DownloadReceiver
11-06 14:28:57.531   753   780 W zygote64: kill(-7435, 9) failed: No such process
11-06 14:28:57.534  3425  8160 I ExposureNotification: Package com.example.stigmatestapp fully removed [CONTEXT service_id=236 ]
11-06 14:28:57.573   753   780 W zygote64: kill(-7435, 9) failed: No such process
11-06 14:28:57.575  8232  8232 I zygote64: The ClassLoaderContext is a special shared library.
11-06 14:28:57.616  8232  8232 I zygote64: The ClassLoaderContext is a special shared library.
11-06 14:28:57.617   753   780 W zygote64: kill(-7435, 9) failed: No such process
11-06 14:28:57.660   753   780 W zygote64: kill(-7435, 9) failed: No such process
11-06 14:28:57.660   753   780 I zygote64: Successfully killed process cgroup uid 10026 pid 7435 in 173ms
11-06 14:28:57.851   753  3926 I ActivityManager: Killing 6989:com.google.process.gapps/u0a18 (adj 906): empty #17
11-06 14:28:57.852   753   780 W zygote64: kill(-6989, 9) failed: No such process
11-06 14:28:57.897   753   780 W zygote64: kill(-6989, 9) failed: No such process
11-06 14:28:57.897   753   780 I zygote64: Successfully killed process cgroup uid 10018 pid 6989 in 44ms
11-06 14:28:58.007  5692  5692 I Finsky  : [2] akck.b(3): Verification requested, id = 1
11-06 14:28:58.032  5692  5692 E Finsky  : [2] VerifyPerSourceInstallationConsentInstallTask.f(2): Package name null is not an installed package
11-06 14:28:58.049  5692  8260 I Finsky  : [136] akeg.a(7): Single user settings service is not running, bind it now
11-06 14:28:58.063  5692  5692 I Finsky  : [2] akef.onServiceConnected(1): Single user settings service is connected
11-06 14:28:58.081  5692  8260 W Settings: Setting install_non_market_apps has moved from android.provider.Settings.Global to android.provider.Settings.Secure, returning read-only value.
11-06 14:28:58.256  8197  8219 I Adreno  : QUALCOMM build                   : 8e59954, I0be83d0d26
11-06 14:28:58.256  8197  8219 I Adreno  : Build Date                       : 09/22/17
11-06 14:28:58.256  8197  8219 I Adreno  : OpenGL ES Shader Compiler Version: EV031.21.02.00
11-06 14:28:58.256  8197  8219 I Adreno  : Local Branch                     : O17A
11-06 14:28:58.256  8197  8219 I Adreno  : Remote Branch                    : 
11-06 14:28:58.256  8197  8219 I Adreno  : Remote Branch                    : 
11-06 14:28:58.256  8197  8219 I Adreno  : Reconstruct Branch               : 
11-06 14:28:58.256  8197  8219 D vndksupport: Loading /vendor/lib64/hw/gralloc.msm8992.so from current namespace instead of sphal namespace.
11-06 14:28:58.407  8197  8219 I Adreno  : PFP: 0x00000000, ME: 0x00000000
11-06 14:28:58.486   361   361 W /system/bin/hwservicemanager: getTransport: Cannot find entry android.hardware.configstore@1.0::ISurfaceFlingerConfigs/default in either framework or device manifest.
11-06 14:28:58.501  8197  8219 I zygote64: android::hardware::configstore::V1_0::ISurfaceFlingerConfigs::hasWideColorDisplay retrieved: 0
11-06 14:28:58.893   753   753 W WindowManager: removeWindowToken: Attempted to remove non-existing token: android.os.Binder@dd0831a
11-06 14:28:59.189  8197  8217 W zygote64: Unsupported class loader
11-06 14:28:59.211  8197  8217 W zygote64: Skipping duplicate class check due to unsupported classloader
11-06 14:28:59.463  8197  8217 W ResourceType: ResTable_typeSpec entry count inconsistent: given 67, previously 69
11-06 14:28:59.531  8197  8217 W ResourceType: ResTable_typeSpec entry count inconsistent: given 5346, previously 5347
11-06 14:28:59.906  8197  8217 I DynamiteLoaderV2Impl: [71] Cronetdynamite
11-06 14:28:59.957  8197  8217 W zygote64: Unsupported class loader
11-06 14:28:59.960  8197  8217 W zygote64: Skipping duplicate class check due to unsupported classloader
11-06 14:29:00.019  5692  8260 I Finsky  : [136] VerifyAdvancedProtectionInstallTask.mE(1): Verify AP install started
11-06 14:29:00.019  5692  8260 I Finsky  : [136] VerifyAdvancedProtectionInstallTask.mE(2): Allowing install because there are no Advanced Protection users
11-06 14:29:00.021  5692  5692 I Finsky  : [2] VerifyAdvancedProtectionInstallTask.mC(2): Reported verification result: ALLOW
11-06 14:29:00.027  5692  8260 I Finsky  : [136] VerifyPerSourceInstallationConsentInstallTask.mE(2): PSIC verification started with installer uid: 2000 package name: null, originating uid: -1
11-06 14:29:00.032  5692  5692 I Finsky  : [2] VerifyInstallTask.g(3): Verifying id=1, result=1
11-06 14:29:00.035  5692  5692 I Finsky  : [2] VerifyInstallTask.mC(6): Verification complete: id=1, package_name=com.example.stigmatestapp
11-06 14:29:00.048   753   794 I PackageManager.DexOptimizer: Running dexopt (dexoptNeeded=1) on: /data/app/com.example.stigmatestapp-gc3TcMnqpMaU2_dFUfUNdg==/base.apk pkg=com.example.stigmatestapp isa=arm64 dexoptFlags=boot_complete,debuggable,public target-filter=quicken oatDir=/data/app/com.example.stigmatestapp-gc3TcMnqpMaU2_dFUfUNdg==/oat sharedLibraries=PCL[]
11-06 14:29:00.181  8273  8273 I dex2oat : /system/bin/dex2oat --input-vdex-fd=-1 --output-vdex-fd=14 --compiler-filter=quicken -j4 --debuggable --classpath-dir=/data/app/com.example.stigmatestapp-gc3TcMnqpMaU2_dFUfUNdg== --class-loader-context=PCL[]
11-06 14:29:00.183  8197  8217 I cr_CronetLibraryLoader: Cronet version: 85.0.4183.101, arch: aarch64
11-06 14:29:00.329   753  3919 I ActivityManager: Start proc 8284:com.google.process.gapps/u0a18 for content provider com.google.android.gsf/.settings.GoogleSettingsProvider
11-06 14:29:00.346   753  3925 I ActivityManager: Killing 7136:com.google.android.calendar/u0a58 (adj 906): empty #17
11-06 14:29:00.347   753   780 W zygote64: kill(-7136, 9) failed: No such process
11-06 14:29:00.378  8284  8284 I zygote64: The ClassLoaderContext is a special shared library.
11-06 14:29:00.391   753   780 W zygote64: kill(-7136, 9) failed: No such process
11-06 14:29:00.391   753   780 I zygote64: Successfully killed process cgroup uid 10058 pid 7136 in 43ms
11-06 14:29:00.407  8284  8284 I GoogleHttpClient: GMS http client unavailable, use old client
11-06 14:29:00.859  8197  8217 I zygote64: Deoptimizing java.lang.Object cvyx.i(java.lang.Object[], int, int, int) due to JIT inline cache
11-06 14:29:00.864   753   762 I zygote64: Background concurrent copying GC freed 72096(4MB) AllocSpace objects, 32(1820KB) LOS objects, 42% free, 15MB/26MB, paused 155us total 114.340ms
11-06 14:29:01.158  8273  8273 W dex2oat : Verification error in void com.example.stigmatestapp.MainActivity.onCreate(android.os.Bundle)
11-06 14:29:01.158  8273  8273 W dex2oat : void com.example.stigmatestapp.MainActivity.onCreate(android.os.Bundle) failed to verify: void com.example.stigmatestapp.MainActivity.onCreate(android.os.Bundle): [0x2] copy1 v0<-v2 type=Reference: com.example.stigmatestapp.MainActivity cat=1
11-06 14:29:01.158  8273  8273 W dex2oat : 
11-06 14:29:01.211  8197  8202 I zygote64: Do partial code cache collection, code=27KB, data=24KB
11-06 14:29:01.213  8197  8202 I zygote64: After code cache collection, code=24KB, data=23KB
11-06 14:29:01.213  8197  8202 I zygote64: Increasing code cache capacity to 128KB
11-06 14:29:01.273  8197  8202 I zygote64: Do partial code cache collection, code=43KB, data=25KB
11-06 14:29:01.277  8197  8202 I zygote64: After code cache collection, code=43KB, data=25KB
11-06 14:29:01.277  8197  8202 I zygote64: Increasing code cache capacity to 256KB
11-06 14:29:01.359  2715  2732 I GeofencerStateMachine: removeGeofences: removeRequest=RemoveGeofencingRequest[REMOVE_BY_IDS Ids=[atn_geofence_request_id], packageName=com.google.android.apps.maps]
11-06 14:29:01.429  8197  8210 I zygote64: Waiting for a blocking GC ProfileSaver
11-06 14:29:01.474  8273  8273 I dex2oat : dex2oat took 1.296s (2.680s cpu) (threads: 4) arena alloc=10KB (10720B) java alloc=4MB (4736496B) native alloc=3MB (3851776B) free=2MB (2439680B)
11-06 14:29:01.706   753   794 V BackupManagerService: restoreAtInstall pkg=com.example.stigmatestapp token=2 restoreSet=0
11-06 14:29:01.706   753   794 V BackupManagerService: Finishing install immediately
11-06 14:29:01.710   753  3916 I ActivityManager: Killing 7242:com.google.android.configupdater/u0a7 (adj 906): empty #17
11-06 14:29:01.711   564   925 E         : Couldn't opendir /data/app/vmdl553728569.tmp: No such file or directory
11-06 14:29:01.711   564   925 E installd: Failed to delete /data/app/vmdl553728569.tmp: No such file or directory
11-06 14:29:01.722   753   780 W zygote64: kill(-7242, 9) failed: No such process
11-06 14:29:01.730  3089  3089 I GsaVoiceInteractionSrv: O received Intent { act=android.intent.action.PACKAGE_ADDED dat=package:com.example.stigmatestapp flg=0x4000010 (has extras) }
11-06 14:29:01.735  5692  5692 I Finsky  : [2] ycb.d(13): PackageMonitorReceiverImpl - Received: android.intent.action.PACKAGE_ADDED, [OnwbQ4r8KO_jZ7Oi4-ZZXyijHadCkq7_t8sUiIYWMms]
11-06 14:29:01.737  5692  5692 I Finsky  : [2] ydc.g(1): Invalidating cached PackageState for com.example.stigmatestapp
11-06 14:29:01.748   753   753 W ResourceType: ResTable_typeSpec entry count inconsistent: given 67, previously 69
11-06 14:29:01.748   753   753 W ResourceType: ResTable_typeSpec entry count inconsistent: given 5346, previously 5347
11-06 14:29:01.753   753   753 W ResourceType: ResTable_typeSpec entry count inconsistent: given 82, previously 86
11-06 14:29:01.754   753   753 W ResourceType: ResTable_typeSpec entry count inconsistent: given 548, previously 2264
11-06 14:29:01.754   753   753 W ResourceType: ResTable_typeSpec entry count inconsistent: given 1237, previously 2573
11-06 14:29:01.756   753   753 W ResourceType: ResTable_typeSpec entry count inconsistent: given 2579, previously 2573
11-06 14:29:01.756   753   753 W ResourceType: ResTable_typeSpec entry count inconsistent: given 383, previously 2115
11-06 14:29:01.757   753  1019 I InputReader: Reconfiguring input devices.  changes=0x00000010
11-06 14:29:01.758   753   753 W ResourceType: For resource 0x7f080591, entry index(1425) is beyond type entryCount(1237)
11-06 14:29:01.758   753   753 W ResourceType: For resource 0x7f080520, entry index(1312) is beyond type entryCount(1237)
11-06 14:29:01.759   753   753 W ResourceType: For resource 0x7f080591, entry index(1425) is beyond type entryCount(1237)
11-06 14:29:01.759   753   753 W ResourceType: For resource 0x7f080520, entry index(1312) is beyond type entryCount(1237)
11-06 14:29:01.759   753   753 W ResourceType: For resource 0x7f080591, entry index(1425) is beyond type entryCount(1237)
11-06 14:29:01.759   753   753 W ResourceType: For resource 0x7f080520, entry index(1312) is beyond type entryCount(1237)
11-06 14:29:01.767   753   780 W zygote64: kill(-7242, 9) failed: No such process
11-06 14:29:01.776  5692  8144 I Finsky  : [123] otx.run(16): Wrote row to frosting DB: 735
11-06 14:29:01.778   753  2046 W BroadcastQueue: Background execution not allowed: receiving Intent { act=android.intent.action.PACKAGE_ADDED dat=package:com.example.stigmatestapp flg=0x4000010 (has extras) } to com.android.musicfx/.Compatibility$Receiver
11-06 14:29:01.778   753   778 W BroadcastQueue: Background execution not allowed: receiving Intent { act=android.intent.action.PACKAGE_ADDED dat=package:com.example.stigmatestapp flg=0x4000010 (has extras) } to com.android.vending/com.google.android.finsky.packagemanager.impl.PackageMonitorReceiverImpl$RegisteredReceiver
11-06 14:29:01.779   753   778 W BroadcastQueue: Background execution not allowed: receiving Intent { act=android.intent.action.PACKAGE_ADDED dat=package:com.example.stigmatestapp flg=0x4000010 (has extras) } to com.google.android.gms/.games.chimera.GamesSystemBroadcastReceiverProxy
11-06 14:29:01.779   753   778 W BroadcastQueue: Background execution not allowed: receiving Intent { act=android.intent.action.PACKAGE_ADDED dat=package:com.example.stigmatestapp flg=0x4000010 (has extras) } to com.google.android.gms/.gass.chimera.PackageChangeBroadcastReceiver
11-06 14:29:01.782  5692  5692 I Finsky  : [2] ouk.d(2): Frosting ID looked up on UI thread. Caller should move to a background thread.
11-06 14:29:01.789   753   778 W BroadcastQueue: Background execution not allowed: receiving Intent { act=android.intent.action.PACKAGE_ADDED dat=package:com.example.stigmatestapp flg=0x4000010 (has extras) } to com.google.android.gms/.chimera.GmsIntentOperationService$PersistentTrustedReceiver
11-06 14:29:01.789   753   778 W BroadcastQueue: Background execution not allowed: receiving Intent { act=android.intent.action.PACKAGE_ADDED dat=package:com.example.stigmatestapp flg=0x4000010 (has extras) } to com.google.android.googlequicksearchbox/com.google.android.apps.gsa.googlequicksearchbox.GelStubAppWatcher
11-06 14:29:01.792   753   778 W BroadcastQueue: Background execution not allowed: receiving Intent { act=android.intent.action.PACKAGE_ADDED dat=package:com.example.stigmatestapp flg=0x4000010 (has extras) } to com.google.android.ims/.receivers.RcsAutoStartReceiver
11-06 14:29:01.802  5692  5692 I Finsky  : [2] alxk.a(3): Do not start WearSupportService due to Wear service optimization
11-06 14:29:01.806  5692  5692 I Finsky  : [2] alxk.a(3): Do not start WearSupportService due to Wear service optimization
11-06 14:29:01.808  5692  5692 I Finsky  : [2] adxl.a(8): Clearing split related stale data.
11-06 14:29:01.809   753   753 W ResourceType: Found multiple library tables, ignoring...
11-06 14:29:01.810   753   780 W zygote64: kill(-7242, 9) failed: No such process
11-06 14:29:01.810   753   780 I zygote64: Successfully killed process cgroup uid 10007 pid 7242 in 91ms
11-06 14:29:01.820   753   777 W ResourceType: ResTable_typeSpec entry count inconsistent: given 67, previously 69
11-06 14:29:01.820   753   777 W ResourceType: ResTable_typeSpec entry count inconsistent: given 5346, previously 5347
11-06 14:29:01.827  2021  2021 D ImsResolver: maybeAddedImsService, packageName: com.example.stigmatestapp
11-06 14:29:01.830  3132  3132 D RegisteredNfcFServicesCache: Service unchanged, not updating
11-06 14:29:01.835  5692  5692 I Finsky  : [2] ouk.d(2): Frosting ID looked up on UI thread. Caller should move to a background thread.
11-06 14:29:01.836  2021  2021 D CarrierSvcBindHelper: No carrier app for: 0
11-06 14:29:01.839  2715  8118 I FontLog : Package com.example.stigmatestapp has no metadata [CONTEXT service_id=132 ]
11-06 14:29:01.839  3425  8313 I Auth    : [SupervisedAccountIntentOperation] onHandleIntent(): android.intent.action.PACKAGE_ADDED
11-06 14:29:01.840  5692  8173 I Finsky  : [124] jmd.a(15): [ContentSync] finished, scheduled=false
11-06 14:29:01.851  2715  8155 W GCM     : Unexpected forwarded intent: Intent { act=android.intent.action.PACKAGE_ADDED dat=package:com.example.stigmatestapp flg=0x4000010 pkg=com.google.android.gms cmp=com.google.android.gms/.chimera.PersistentIntentOperationService (has extras) }
11-06 14:29:01.852   753   777 W ResourceType: ResTable_typeSpec entry count inconsistent: given 39, previously 44
11-06 14:29:01.852   753   777 W ResourceType: ResTable_typeSpec entry count inconsistent: given 2601, previously 2604
11-06 14:29:01.853  2715  8155 W GCM     : Unexpected forwarded intent: Intent { act=android.intent.action.PACKAGE_ADDED dat=package:com.example.stigmatestapp flg=0x4000010 pkg=com.google.android.gms cmp=com.google.android.gms/.chimera.PersistentIntentOperationService (has extras) }
11-06 14:29:01.854   753  2049 W ActivityManager: Unable to start service Intent { act=com.google.android.gms.auth.key.retrieval.service.START pkg=com.google.android.gms } U=0: not found
11-06 14:29:01.855   753   777 W ResourceType: ResTable_typeSpec entry count inconsistent: given 2692, previously 2695
11-06 14:29:01.855   753   777 W ResourceType: ResTable_typeSpec entry count inconsistent: given 303, previously 1726
11-06 14:29:01.856  5692  8180 I Finsky  : [125] gvx.a(12): Asset module storage cleared for package com.example.stigmatestapp.
11-06 14:29:01.857   753  3921 W ActivityManager: Unbind failed: could not find connection for android.os.BinderProxy@584b6d3
11-06 14:29:01.857  3425  8312 I ChromeSync: [Sync,SyncIntentOperation] Handling the intent: Intent { act=android.intent.action.PACKAGE_ADDED dat=package:com.example.stigmatestapp flg=0x4000010 pkg=com.google.android.gms cmp=com.google.android.gms/.chimera.GmsIntentOperationService (has extras) }.
11-06 14:29:01.857  3425  3589 E GmsClient: unable to connect to service: com.google.android.gms.auth.key.retrieval.service.START on com.google.android.gms
11-06 14:29:01.861  2021  2021 E VvmPkgInstalledRcvr: cannot create TelephonyManager from ComponentInfo{com.android.phone/com.android.services.telephony.TelephonyConnectionService}, [****], UserHandle{0}
11-06 14:29:01.861  2021  2021 D CarrierConfigLoader: mHandler: 9 phoneId: 0
11-06 14:29:01.869   753   777 W ResourceType: ResTable_typeSpec entry count inconsistent: given 13, previously 15
11-06 14:29:01.869   753   753 W ResourceType: ResTable_typeSpec entry count inconsistent: given 13, previously 15
11-06 14:29:01.871   753   762 I zygote64: Background concurrent copying GC freed 47786(2MB) AllocSpace objects, 11(536KB) LOS objects, 42% free, 15MB/27MB, paused 505us total 161.194ms
11-06 14:29:01.877  5692  8144 I Finsky  : [123] otx.run(16): Wrote row to frosting DB: 736
11-06 14:29:01.889   753   753 I Telecom : DefaultDialerCache: Refreshing default dialer for user 0: now com.google.android.dialer: DDC.oR@AFM
11-06 14:29:01.976  3425  7102 I Icing   : Indexing com.google.android.gms-apps from com.google.android.gms
11-06 14:29:02.046  3103  8029 I A       : Writing data of size=364 bytes with N=1 keys to Geller corpus DEVICE_INSTALLED_APPS at ts=1604690942043000
11-06 14:29:02.050  3103  8029 I DeviceAppInfoWork: refreshDeviceAppInfoForAccount done for fmresearchnovak@gmail.com
11-06 14:29:02.065  3103  3574 W DeviceAppInfoWork: missing version info.
11-06 14:29:02.065  3425  7102 I Icing   : Indexing done com.google.android.gms-apps
11-06 14:29:02.086  3425  3432 I zygote64: Do full code cache collection, code=1012KB, data=623KB
11-06 14:29:02.087  3425  3432 I zygote64: After code cache collection, code=907KB, data=502KB
11-06 14:29:03.130   753  2049 I ActivityManager: Killing 7034:com.google.android.apps.walletnfcrel/u0a94 (adj 906): empty #17
11-06 14:29:03.131   753   780 W zygote64: kill(-7034, 9) failed: No such process
11-06 14:29:03.177   753   780 I chatty  : uid=1000(system) ActivityManager identical 1 line
11-06 14:29:03.186   753  3926 D ConnectivityService: ConnectivityService NetworkRequestInfo binderDied(NetworkRequest [ TRACK_DEFAULT id=31, [ Capabilities: INTERNET&NOT_RESTRICTED&TRUSTED&NOT_VPN] ], android.os.BinderProxy@d7681ca)
11-06 14:29:03.186   753  1237 D ConnectivityService: releasing NetworkRequest [ TRACK_DEFAULT id=31, [ Capabilities: INTERNET&NOT_RESTRICTED&TRUSTED&NOT_VPN] ] (release request)
11-06 14:29:03.222   753   780 W zygote64: kill(-7034, 9) failed: No such process
11-06 14:29:03.222   753   780 I zygote64: Successfully killed process cgroup uid 10094 pid 7034 in 91ms
11-06 14:29:04.730   753  1642 D WificondControl: Scan result ready event
11-06 14:29:04.748   753  1207 D PasspointManager: Match not found for OutOfService
11-06 14:29:04.749   753  1207 W WifiConfigManager: Looking up network with invalid networkId -1
11-06 14:29:04.759   753  1207 D PasspointManager: Match not found for OutOfService
11-06 14:29:04.760   753  1207 W WifiConfigManager: Looking up network with invalid networkId -1
11-06 14:29:06.521   753   948 I nanohub : osLog: [AR_CHRE] still: 80
11-06 14:29:06.523   753   948 I nanohub : osLog: [AR_CHRE] ON => IDLE
11-06 14:29:10.991   561  2871 D audio_route: Apply path: speaker-protected
11-06 14:29:10.997   561  2871 D audio_hw_primary: enable_snd_device: snd_device(95: vi-feedback)
11-06 14:29:10.997   561  2871 D audio_route: Apply path: vi-feedback
11-06 14:29:10.998   561  2871 D audio_hw_primary: enable_audio_route: usecase(24) apply and update mixer path: spkr-vi-record
11-06 14:29:10.998   561  2871 D audio_route: Apply path: spkr-vi-record
11-06 14:29:11.009  1591  1591 I GoogleInputMethodService: GoogleInputMethodService.onFinishInput():3235 
11-06 14:29:11.011  1591  1591 I GoogleInputMethodService: GoogleInputMethodService.onStartInput():1858 
11-06 14:29:11.031   561  2871 D audio_hw_primary: enable_audio_route: usecase(1) apply and update mixer path: low-latency-playback
11-06 14:29:11.031   561  2871 D audio_route: Apply path: low-latency-playback
11-06 14:29:11.069   561  2871 E msm8974_platform: ramp_speaker_gain: Could not get ctl for mixer cmd - Left Speaker Gain or Right Speaker Gain, not applying speaker gain ramp
11-06 14:29:11.069   561  2871 D audio_hw_primary: out_write: retry previous failed cal level set
11-06 14:29:11.069   561  2871 W msm8974_platform: platform_send_gain_dep_cal: Usecase list is empty
11-06 14:29:11.552   561   722 D audio_hw_primary: disable_audio_route: usecase(1) reset and update mixer path: low-latency-playback
11-06 14:29:11.568   561   722 D audio_hw_primary: disable_snd_device: snd_device(95: vi-feedback)
11-06 14:29:11.568   561   722 D audio_hw_primary: disable_audio_route: usecase(24) reset and update mixer path: spkr-vi-record
11-06 14:29:12.014   753  3918 I ActivityManager: Killing 7262:com.google.android.gm/u0a91 (adj 906): empty #17
11-06 14:29:12.015   753   780 W zygote64: kill(-7262, 9) failed: No such process
11-06 14:29:12.060   753   780 W zygote64: kill(-7262, 9) failed: No such process
11-06 14:29:12.060   753   780 I zygote64: Successfully killed process cgroup uid 10091 pid 7262 in 45ms
11-06 14:29:16.113   753   948 I nanohub : osLog: [AR_CHRE] IDLE => ON
11-06 14:29:16.153   753  3924 I ActivityManager: START u0 {act=android.intent.action.MAIN cat=[android.intent.category.LAUNCHER] flg=0x10200000 cmp=com.example.stigmatestapp/.MainActivity (has extras)} from uid 10048
11-06 14:29:16.154   561  2871 D audio_route: Apply path: speaker-protected
11-06 14:29:16.159   561  2871 D audio_hw_primary: enable_snd_device: snd_device(95: vi-feedback)
11-06 14:29:16.159   561  2871 D audio_route: Apply path: vi-feedback
11-06 14:29:16.159   561  2871 D audio_hw_primary: enable_audio_route: usecase(24) apply and update mixer path: spkr-vi-record
11-06 14:29:16.159   561  2871 D audio_route: Apply path: spkr-vi-record
11-06 14:29:16.167   753   778 W BroadcastQueue: Permission Denial: receiving Intent { act=com.android.launcher3.action.LAUNCH flg=0x10 pkg=com.google.android.gms (has extras) } to ProcessRecord{3fec6df 2715:com.google.android.gms.persistent/u0a18} (pid=2715, uid=10018) requires com.android.launcher3.permission.RECEIVE_LAUNCH_BROADCASTS due to sender com.google.android.googlequicksearchbox (uid 10048)
11-06 14:29:16.168   753   778 W BroadcastQueue: Permission Denial: receiving Intent { act=com.android.launcher3.action.LAUNCH flg=0x10 pkg=com.google.android.gms (has extras) } to com.google.android.gms/.chimera.GmsIntentOperationService$GmsExternalReceiver requires com.android.launcher3.permission.RECEIVE_LAUNCH_BROADCASTS due to sender com.google.android.googlequicksearchbox (uid 10048)
11-06 14:29:16.189   561  2871 D audio_hw_primary: enable_audio_route: usecase(1) apply and update mixer path: low-latency-playback
11-06 14:29:16.189   561  2871 D audio_route: Apply path: low-latency-playback
11-06 14:29:16.191   753  3919 I ActivityManager: Start proc 8333:com.example.stigmatestapp/u0a112 for activity com.example.stigmatestapp/.MainActivity
11-06 14:29:16.195  8333  8333 I zygote64: Late-enabling -Xcheck:jni
11-06 14:29:16.228   561  2871 E msm8974_platform: ramp_speaker_gain: Could not get ctl for mixer cmd - Left Speaker Gain or Right Speaker Gain, not applying speaker gain ramp
11-06 14:29:16.228   561  2871 D audio_hw_primary: out_write: retry previous failed cal level set
11-06 14:29:16.228   561  2871 W msm8974_platform: platform_send_gain_dep_cal: Usecase list is empty
