11-06 14:11:49.528  7034  7039 I zygote64: After code cache collection, code=26KB, data=29KB
11-06 14:11:49.528  7034  7039 I zygote64: Increasing code cache capacity to 128KB
11-06 14:11:49.601  6803  6886 W ResourceType: ResTable_typeSpec entry count inconsistent: given 67, previously 69
11-06 14:11:49.601  6803  6886 W ResourceType: ResTable_typeSpec entry count inconsistent: given 5346, previously 5347
11-06 14:11:49.897   753  2046 D ConnectivityService: requestNetwork for uid/pid:10088/6824 NetworkRequest [ TRACK_DEFAULT id=33, [ Capabilities: INTERNET&NOT_RESTRICTED&TRUSTED&NOT_VPN] ]
11-06 14:11:49.899  2021  2021 D PhoneSwitcherNetworkRequstListener: got request NetworkRequest [ TRACK_DEFAULT id=33, [ Capabilities: INTERNET&NOT_RESTRICTED&TRUSTED&NOT_VPN] ] with score 0
11-06 14:11:50.141  7136  7230 D NetworkSecurityConfig: No Network Security Config specified, using platform default
11-06 14:11:50.213  4964  7028 I CarrierServices: [249] dnp.a: Received Provisioning Event: [Bugle information (100)]
11-06 14:11:50.255  7136  7231 I c.xju   : Obtained writable database SQLiteDatabase/102175122 instance with path /data/user/0/com.google.android.calendar/databases/cal_v2a
11-06 14:11:50.276  7136  7229 I c.xib   : The schema version is 15, the database version is 15, and there are 0 migrations
11-06 14:11:50.387  4964  7028 I CarrierServices: [249] dnp.a: JibeService is running, passing event to provisioning engine.
11-06 14:11:50.594  4964  7028 I CarrierServices: [249] dau.a: Handling Provisioning Event: [Bugle information (100)]
11-06 14:11:50.625  7136  7136 W GrowthKit: Failed to get phenotypeManager in PhenotypeBroadcastReceiver
11-06 14:11:50.625  7136  7136 W GrowthKit: java.lang.NullPointerException: Unable to get GrowthKit Component from host app: com.google.android.calendar
11-06 14:11:50.625  7136  7136 W GrowthKit: 	at cal.qaa.a(PG:6)
11-06 14:11:50.625  7136  7136 W GrowthKit: 	at com.google.android.libraries.internal.growth.growthkit.internal.experiments.impl.PhenotypeBroadcastReceiver.onReceive(PG:1)
11-06 14:11:50.625  7136  7136 W GrowthKit: 	at android.app.ActivityThread.handleReceiver(ActivityThread.java:3187)
11-06 14:11:50.625  7136  7136 W GrowthKit: 	at android.app.ActivityThread.-wrap17(Unknown Source:0)
11-06 14:11:50.625  7136  7136 W GrowthKit: 	at android.app.ActivityThread$H.handleMessage(ActivityThread.java:1672)
11-06 14:11:50.625  7136  7136 W GrowthKit: 	at android.os.Handler.dispatchMessage(Handler.java:106)
11-06 14:11:50.625  7136  7136 W GrowthKit: 	at android.os.Looper.loop(Looper.java:164)
11-06 14:11:50.625  7136  7136 W GrowthKit: 	at android.app.ActivityThread.main(ActivityThread.java:6494)
11-06 14:11:50.625  7136  7136 W GrowthKit: 	at java.lang.reflect.Method.invoke(Native Method)
11-06 14:11:50.625  7136  7136 W GrowthKit: 	at com.android.internal.os.RuntimeInit$MethodAndArgsCaller.run(RuntimeInit.java:438)
11-06 14:11:50.625  7136  7136 W GrowthKit: 	at com.android.internal.os.ZygoteInit.main(ZygoteInit.java:807)
11-06 14:11:50.673   753   753 I ActivityManager: Start proc 7242:com.google.android.configupdater/u0a7 for service com.google.android.configupdater/.MainJobService
11-06 14:11:50.713  4964  7028 I CarrierServices: [249] dbd.a: RcsAvailabilityManager: Calculating Rcs Availability
11-06 14:11:50.723  7242  7242 I zygote64: The ClassLoaderContext is a special shared library.
11-06 14:11:50.735  4964  7029 I CarrierServices: [250] dnp.a: Received Provisioning Event: [Bugle information (100)]
11-06 14:11:50.765  6803  6886 I zygote64: The ClassLoaderContext is a special shared library.
11-06 14:11:50.771  6824  6824 W RcsClientLib: Unexpected error when trying to unbind com.google.android.ims.rcsservice.filetransfer.IFileTransfer: Service not registered: aisc@e250ddc
11-06 14:11:50.771  6824  6824 W RcsClientLib: java.lang.IllegalArgumentException: Service not registered: aisc@e250ddc
11-06 14:11:50.771  6824  6824 W RcsClientLib: 	at android.app.LoadedApk.forgetServiceDispatcher(LoadedApk.java:1484)
11-06 14:11:50.771  6824  6824 W RcsClientLib: 	at android.app.ContextImpl.unbindService(ContextImpl.java:1638)
11-06 14:11:50.771  6824  6824 W RcsClientLib: 	at android.content.ContextWrapper.unbindService(ContextWrapper.java:703)
11-06 14:11:50.771  6824  6824 W RcsClientLib: 	at aisb.b(PG:40)
11-06 14:11:50.771  6824  6824 W RcsClientLib: 	at aisb.disconnect(PG:38)
11-06 14:11:50.771  6824  6824 W RcsClientLib: 	at nrn.b(PG:38)
11-06 14:11:50.771  6824  6824 W RcsClientLib: 	at nrq.a(PG:37)
11-06 14:11:50.771  6824  6824 W RcsClientLib: 	at nco.a(PG:38)
11-06 14:11:50.771  6824  6824 W RcsClientLib: 	at nco.a(PG:43)
11-06 14:11:50.771  6824  6824 W RcsClientLib: 	at ncs.a(PG:66)
11-06 14:11:50.771  6824  6824 W RcsClientLib: 	at com.google.android.apps.messaging.shared.receiver.RcsProvisioningEventReceiver.a(PG:42)
11-06 14:11:50.771  6824  6824 W RcsClientLib: 	at nnt.onReceive(PG:32)
11-06 14:11:50.771  6824  6824 W RcsClientLib: 	at nmr.onReceive(PG:6)
11-06 14:11:50.771  6824  6824 W RcsClientLib: 	at android.app.ActivityThread.handleReceiver(ActivityThread.java:3187)
11-06 14:11:50.771  6824  6824 W RcsClientLib: 	at android.app.ActivityThread.-wrap17(Unknown Source:0)
11-06 14:11:50.771  6824  6824 W RcsClientLib: 	at android.app.ActivityThread$H.handleMessage(ActivityThread.java:1672)
11-06 14:11:50.771  6824  6824 W RcsClientLib: 	at android.os.Handler.dispatchMessage(Handler.java:106)
11-06 14:11:50.771  6824  6824 W RcsClientLib: 	at android.os.Looper.loop(Looper.java:164)
11-06 14:11:50.771  6824  6824 W RcsClientLib: 	at android.app.ActivityThread.main(ActivityThread.java:6494)
11-06 14:11:50.771  6824  6824 W RcsClientLib: 	at java.lang.reflect.Method.invoke(Native Method)
11-06 14:11:50.771  6824  6824 W RcsClientLib: 	at com.android.internal.os.RuntimeInit$MethodAndArgsCaller.run(RuntimeInit.java:438)
11-06 14:11:50.771  6824  6824 W RcsClientLib: 	at com.android.internal.os.ZygoteInit.main(ZygoteInit.java:807)
11-06 14:11:50.772  6824  6824 I RcsClientLib: Disconnecting LocationSharingService
11-06 14:11:50.772  6824  6824 W RcsClientLib: Unexpected error when trying to unbind com.google.android.ims.rcsservice.locationsharing.ILocationSharing: Service not registered: aisc@89d1dba
11-06 14:11:50.772  6824  6824 W RcsClientLib: java.lang.IllegalArgumentException: Service not registered: aisc@89d1dba
11-06 14:11:50.772  6824  6824 W RcsClientLib: 	at android.app.LoadedApk.forgetServiceDispatcher(LoadedApk.java:1484)
11-06 14:11:50.772  6824  6824 W RcsClientLib: 	at android.app.ContextImpl.unbindService(ContextImpl.java:1638)
11-06 14:11:50.772  6824  6824 W RcsClientLib: 	at android.content.ContextWrapper.unbindService(ContextWrapper.java:703)
11-06 14:11:50.772  6824  6824 W RcsClientLib: 	at aisb.b(PG:40)
11-06 14:11:50.772  6824  6824 W RcsClientLib: 	at aisb.disconnect(PG:38)
11-06 14:11:50.772  6824  6824 W RcsClientLib: 	at nrn.b(PG:39)
11-06 14:11:50.772  6824  6824 W RcsClientLib: 	at nrq.a(PG:37)
11-06 14:11:50.772  6824  6824 W RcsClientLib: 	at nco.a(PG:38)
11-06 14:11:50.772  6824  6824 W RcsClientLib: 	at nco.a(PG:43)
11-06 14:11:50.772  6824  6824 W RcsClientLib: 	at ncs.a(PG:66)
11-06 14:11:50.772  6824  6824 W RcsClientLib: 	at com.google.android.apps.messaging.shared.receiver.RcsProvisioningEventReceiver.a(PG:42)
11-06 14:11:50.772  6824  6824 W RcsClientLib: 	at nnt.onReceive(PG:32)
11-06 14:11:50.772  6824  6824 W RcsClientLib: 	at nmr.onReceive(PG:6)
11-06 14:11:50.772  6824  6824 W RcsClientLib: 	at android.app.ActivityThread.handleReceiver(ActivityThread.java:3187)
11-06 14:11:50.772  6824  6824 W RcsClientLib: 	at android.app.ActivityThread.-wrap17(Unknown Source:0)
11-06 14:11:50.772  6824  6824 W RcsClientLib: 	at android.app.ActivityThread$H.handleMessage(ActivityThread.java:1672)
11-06 14:11:50.772  6824  6824 W RcsClientLib: 	at android.os.Handler.dispatchMessage(Handler.java:106)
11-06 14:11:50.772  6824  6824 W RcsClientLib: 	at android.os.Looper.loop(Looper.java:164)
11-06 14:11:50.772  6824  6824 W RcsClientLib: 	at android.app.ActivityThread.main(ActivityThread.java:6494)
11-06 14:11:50.772  6824  6824 W RcsClientLib: 	at java.lang.reflect.Method.invoke(Native Method)
11-06 14:11:50.772  6824  6824 W RcsClientLib: 	at com.android.internal.os.RuntimeInit$MethodAndArgsCaller.run(RuntimeInit.java:438)
11-06 14:11:50.772  6824  6824 W RcsClientLib: 	at com.android.internal.os.ZygoteInit.main(ZygoteInit.java:807)
11-06 14:11:50.772  6824  6824 I RcsClientLib: Disconnecting ImsConnectionTrackerService
11-06 14:11:50.772  6824  6824 W RcsClientLib: Unexpected error when trying to unbind com.google.android.ims.rcsservice.ims.IImsConnectionTracker: Service not registered: aisc@3e32bc8
11-06 14:11:50.773  6824  6824 W RcsClientLib: java.lang.IllegalArgumentException: Service not registered: aisc@3e32bc8
11-06 14:11:50.773  6824  6824 W RcsClientLib: 	at android.app.LoadedApk.forgetServiceDispatcher(LoadedApk.java:1484)
11-06 14:11:50.773  6824  6824 W RcsClientLib: 	at android.app.ContextImpl.unbindService(ContextImpl.java:1638)
11-06 14:11:50.773  6824  6824 W RcsClientLib: 	at android.content.ContextWrapper.unbindService(ContextWrapper.java:703)
11-06 14:11:50.773  6824  6824 W RcsClientLib: 	at aisb.b(PG:40)
11-06 14:11:50.773  6824  6824 W RcsClientLib: 	at aisb.disconnect(PG:38)
11-06 14:11:50.773  6824  6824 W RcsClientLib: 	at nrn.b(PG:40)
11-06 14:11:50.773  6824  6824 W RcsClientLib: 	at nrq.a(PG:37)
11-06 14:11:50.773  6824  6824 W RcsClientLib: 	at nco.a(PG:38)
11-06 14:11:50.773  6824  6824 W RcsClientLib: 	at nco.a(PG:43)
11-06 14:11:50.773  6824  6824 W RcsClientLib: 	at ncs.a(PG:66)
11-06 14:11:50.773  6824  6824 W RcsClientLib: 	at com.google.android.apps.messaging.shared.receiver.RcsProvisioningEventReceiver.a(PG:42)
11-06 14:11:50.773  6824  6824 W RcsClientLib: 	at nnt.onReceive(PG:32)
11-06 14:11:50.773  6824  6824 W RcsClientLib: 	at nmr.onReceive(PG:6)
11-06 14:11:50.773  6824  6824 W RcsClientLib: 	at android.app.ActivityThread.handleReceiver(ActivityThread.java:3187)
11-06 14:11:50.773  6824  6824 W RcsClientLib: 	at android.app.ActivityThread.-wrap17(Unknown Source:0)
11-06 14:11:50.773  6824  6824 W RcsClientLib: 	at android.app.ActivityThread$H.handleMessage(ActivityThread.java:1672)
11-06 14:11:50.773  6824  6824 W RcsClientLib: 	at android.os.Handler.dispatchMessage(Handler.java:106)
11-06 14:11:50.773  6824  6824 W RcsClientLib: 	at android.os.Looper.loop(Looper.java:164)
11-06 14:11:50.773  6824  6824 W RcsClientLib: 	at android.app.ActivityThread.main(ActivityThread.java:6494)
11-06 14:11:50.773  6824  6824 W RcsClientLib: 	at java.lang.reflect.Method.invoke(Native Method)
11-06 14:11:50.773  6824  6824 W RcsClientLib: 	at com.android.internal.os.RuntimeInit$MethodAndArgsCaller.run(RuntimeInit.java:438)
11-06 14:11:50.773  6824  6824 W RcsClientLib: 	at com.android.internal.os.ZygoteInit.main(ZygoteInit.java:807)
11-06 14:11:50.773  6824  6824 I RcsClientLib: Disconnecting RcsProfileService
11-06 14:11:50.773  6824  6824 W RcsClientLib: Unexpected error when trying to unbind com.google.android.ims.rcsservice.profile.IRcsProfile: Service not registered: aisc@8ef5b86
11-06 14:11:50.774  6824  6824 W RcsClientLib: java.lang.IllegalArgumentException: Service not registered: aisc@8ef5b86
11-06 14:11:50.774  6824  6824 W RcsClientLib: 	at android.app.LoadedApk.forgetServiceDispatcher(LoadedApk.java:1484)
11-06 14:11:50.774  6824  6824 W RcsClientLib: 	at android.app.ContextImpl.unbindService(ContextImpl.java:1638)
11-06 14:11:50.774  6824  6824 W RcsClientLib: 	at android.content.ContextWrapper.unbindService(ContextWrapper.java:703)
11-06 14:11:50.774  6824  6824 W RcsClientLib: 	at aisb.b(PG:40)
11-06 14:11:50.774  6824  6824 W RcsClientLib: 	at aisb.disconnect(PG:38)
11-06 14:11:50.774  6824  6824 W RcsClientLib: 	at nrn.b(PG:41)
11-06 14:11:50.774  6824  6824 W RcsClientLib: 	at nrq.a(PG:37)
11-06 14:11:50.774  6824  6824 W RcsClientLib: 	at nco.a(PG:38)
11-06 14:11:50.774  6824  6824 W RcsClientLib: 	at nco.a(PG:43)
11-06 14:11:50.774  6824  6824 W RcsClientLib: 	at ncs.a(PG:66)
11-06 14:11:50.774  6824  6824 W RcsClientLib: 	at com.google.android.apps.messaging.shared.receiver.RcsProvisioningEventReceiver.a(PG:42)
11-06 14:11:50.774  6824  6824 W RcsClientLib: 	at nnt.onReceive(PG:32)
11-06 14:11:50.774  6824  6824 W RcsClientLib: 	at nmr.onReceive(PG:6)
11-06 14:11:50.774  6824  6824 W RcsClientLib: 	at android.app.ActivityThread.handleReceiver(ActivityThread.java:3187)
11-06 14:11:50.774  6824  6824 W RcsClientLib: 	at android.app.ActivityThread.-wrap17(Unknown Source:0)
11-06 14:11:50.774  6824  6824 W RcsClientLib: 	at android.app.ActivityThread$H.handleMessage(ActivityThread.java:1672)
11-06 14:11:50.774  6824  6824 W RcsClientLib: 	at android.os.Handler.dispatchMessage(Handler.java:106)
11-06 14:11:50.774  6824  6824 W RcsClientLib: 	at android.os.Looper.loop(Looper.java:164)
11-06 14:11:50.774  6824  6824 W RcsClientLib: 	at android.app.ActivityThread.main(ActivityThread.java:6494)
11-06 14:11:50.774  6824  6824 W RcsClientLib: 	at java.lang.reflect.Method.invoke(Native Method)
11-06 14:11:50.774  6824  6824 W RcsClientLib: 	at com.android.internal.os.RuntimeInit$MethodAndArgsCaller.run(RuntimeInit.java:438)
11-06 14:11:50.774  6824  6824 W RcsClientLib: 	at com.android.internal.os.ZygoteInit.main(ZygoteInit.java:807)
11-06 14:11:50.774  6824  6824 I RcsClientLib: Disconnecting BusinessInfoService
11-06 14:11:50.774  6824  6824 W RcsClientLib: Unexpected error when trying to unbind com.google.android.ims.rcsservice.businessinfo.IBusinessInfo: Service not registered: aisc@1e33c74
11-06 14:11:50.775  6824  6824 W RcsClientLib: java.lang.IllegalArgumentException: Service not registered: aisc@1e33c74
11-06 14:11:50.775  6824  6824 W RcsClientLib: 	at android.app.LoadedApk.forgetServiceDispatcher(LoadedApk.java:1484)
11-06 14:11:50.775  6824  6824 W RcsClientLib: 	at android.app.ContextImpl.unbindService(ContextImpl.java:1638)
11-06 14:11:50.775  6824  6824 W RcsClientLib: 	at android.content.ContextWrapper.unbindService(ContextWrapper.java:703)
11-06 14:11:50.775  6824  6824 W RcsClientLib: 	at aisb.b(PG:40)
11-06 14:11:50.775  6824  6824 W RcsClientLib: 	at aisb.disconnect(PG:38)
11-06 14:11:50.775  6824  6824 W RcsClientLib: 	at nrn.b(PG:42)
11-06 14:11:50.775  6824  6824 W RcsClientLib: 	at nrq.a(PG:37)
11-06 14:11:50.775  6824  6824 W RcsClientLib: 	at nco.a(PG:38)
11-06 14:11:50.775  6824  6824 W RcsClientLib: 	at nco.a(PG:43)
11-06 14:11:50.775  6824  6824 W RcsClientLib: 	at ncs.a(PG:66)
11-06 14:11:50.775  6824  6824 W RcsClientLib: 	at com.google.android.apps.messaging.shared.receiver.RcsProvisioningEventReceiver.a(PG:42)
11-06 14:11:50.775  6824  6824 W RcsClientLib: 	at nnt.onReceive(PG:32)
11-06 14:11:50.775  6824  6824 W RcsClientLib: 	at nmr.onReceive(PG:6)
11-06 14:11:50.775  6824  6824 W RcsClientLib: 	at android.app.ActivityThread.handleReceiver(ActivityThread.java:3187)
11-06 14:11:50.775  6824  6824 W RcsClientLib: 	at android.app.ActivityThread.-wrap17(Unknown Source:0)
11-06 14:11:50.775  6824  6824 W RcsClientLib: 	at android.app.ActivityThread$H.handleMessage(ActivityThread.java:1672)
11-06 14:11:50.775  6824  6824 W RcsClientLib: 	at android.os.Handler.dispatchMessage(Handler.java:106)
11-06 14:11:50.775  6824  6824 W RcsClientLib: 	at android.os.Looper.loop(Looper.java:164)
11-06 14:11:50.775  6824  6824 W RcsClientLib: 	at android.app.ActivityThread.main(ActivityThread.java:6494)
11-06 14:11:50.775  6824  6824 W RcsClientLib: 	at java.lang.reflect.Method.invoke(Native Method)
11-06 14:11:50.775  6824  6824 W RcsClientLib: 	at com.android.internal.os.RuntimeInit$MethodAndArgsCaller.run(RuntimeInit.java:438)
11-06 14:11:50.775  6824  6824 W RcsClientLib: 	at com.android.internal.os.ZygoteInit.main(ZygoteInit.java:807)
11-06 14:11:50.775  6824  6824 I RcsClientLib: Disconnecting RcsMessagingService
11-06 14:11:50.775  6824  6824 W RcsClientLib: Unexpected error when trying to unbind com.google.android.rcs.client.messaging.IMessaging: Service not registered: aisc@5d5aa12
11-06 14:11:50.775  6824  6824 W RcsClientLib: java.lang.IllegalArgumentException: Service not registered: aisc@5d5aa12
11-06 14:11:50.775  6824  6824 W RcsClientLib: 	at android.app.LoadedApk.forgetServiceDispatcher(LoadedApk.java:1484)
11-06 14:11:50.775  6824  6824 W RcsClientLib: 	at android.app.ContextImpl.unbindService(ContextImpl.java:1638)
11-06 14:11:50.775  6824  6824 W RcsClientLib: 	at android.content.ContextWrapper.unbindService(ContextWrapper.java:703)
11-06 14:11:50.775  6824  6824 W RcsClientLib: 	at aisb.b(PG:40)
11-06 14:11:50.775  6824  6824 W RcsClientLib: 	at aisb.disconnect(PG:38)
11-06 14:11:50.775  6824  6824 W RcsClientLib: 	at nrn.b(PG:43)
11-06 14:11:50.775  6824  6824 W RcsClientLib: 	at nrq.a(PG:37)
11-06 14:11:50.775  6824  6824 W RcsClientLib: 	at nco.a(PG:38)
11-06 14:11:50.775  6824  6824 W RcsClientLib: 	at nco.a(PG:43)
11-06 14:11:50.775  6824  6824 W RcsClientLib: 	at ncs.a(PG:66)
11-06 14:11:50.775  6824  6824 W RcsClientLib: 	at com.google.android.apps.messaging.shared.receiver.RcsProvisioningEventReceiver.a(PG:42)
11-06 14:11:50.775  6824  6824 W RcsClientLib: 	at nnt.onReceive(PG:32)
11-06 14:11:50.775  6824  6824 W RcsClientLib: 	at nmr.onReceive(PG:6)
11-06 14:11:50.775  6824  6824 W RcsClientLib: 	at android.app.ActivityThread.handleReceiver(ActivityThread.java:3187)
11-06 14:11:50.775  6824  6824 W RcsClientLib: 	at android.app.ActivityThread.-wrap17(Unknown Source:0)
11-06 14:11:50.775  6824  6824 W RcsClientLib: 	at android.app.ActivityThread$H.handleMessage(ActivityThread.java:1672)
11-06 14:11:50.775  6824  6824 W RcsClientLib: 	at android.os.Handler.dispatchMessage(Handler.java:106)
11-06 14:11:50.775  6824  6824 W RcsClientLib: 	at android.os.Looper.loop(Looper.java:164)
11-06 14:11:50.775  6824  6824 W RcsClientLib: 	at android.app.ActivityThread.main(ActivityThread.java:6494)
11-06 14:11:50.775  6824  6824 W RcsClientLib: 	at java.lang.reflect.Method.invoke(Native Method)
11-06 14:11:50.775  6824  6824 W RcsClientLib: 	at com.android.internal.os.RuntimeInit$MethodAndArgsCaller.run(RuntimeInit.java:438)
11-06 14:11:50.775  6824  6824 W RcsClientLib: 	at com.android.internal.os.ZygoteInit.main(ZygoteInit.java:807)
11-06 14:11:50.775  6824  6824 I RcsClientLib: Disconnecting TransportControlService
11-06 14:11:50.776  6824  6824 W RcsClientLib: Unexpected error when trying to unbind com.google.android.ims.rcsservice.transportcontrol.ITransportControl: Service not registered: aisc@431abe0
11-06 14:11:50.776  6824  6824 W RcsClientLib: java.lang.IllegalArgumentException: Service not registered: aisc@431abe0
11-06 14:11:50.776  6824  6824 W RcsClientLib: 	at android.app.LoadedApk.forgetServiceDispatcher(LoadedApk.java:1484)
11-06 14:11:50.776  6824  6824 W RcsClientLib: 	at android.app.ContextImpl.unbindService(ContextImpl.java:1638)
11-06 14:11:50.776  6824  6824 W RcsClientLib: 	at android.content.ContextWrapper.unbindService(ContextWrapper.java:703)
11-06 14:11:50.776  6824  6824 W RcsClientLib: 	at aisb.b(PG:40)
11-06 14:11:50.776  6824  6824 W RcsClientLib: 	at aisb.disconnect(PG:38)
11-06 14:11:50.776  6824  6824 W RcsClientLib: 	at nrn.b(PG:44)
11-06 14:11:50.776  6824  6824 W RcsClientLib: 	at nrq.a(PG:37)
11-06 14:11:50.776  6824  6824 W RcsClientLib: 	at nco.a(PG:38)
11-06 14:11:50.776  6824  6824 W RcsClientLib: 	at nco.a(PG:43)
11-06 14:11:50.776  6824  6824 W RcsClientLib: 	at ncs.a(PG:66)
11-06 14:11:50.776  6824  6824 W RcsClientLib: 	at com.google.android.apps.messaging.shared.receiver.RcsProvisioningEventReceiver.a(PG:42)
11-06 14:11:50.776  6824  6824 W RcsClientLib: 	at nnt.onReceive(PG:32)
11-06 14:11:50.776  6824  6824 W RcsClientLib: 	at nmr.onReceive(PG:6)
11-06 14:11:50.776  6824  6824 W RcsClientLib: 	at android.app.ActivityThread.handleReceiver(ActivityThread.java:3187)
11-06 14:11:50.776  6824  6824 W RcsClientLib: 	at android.app.ActivityThread.-wrap17(Unknown Source:0)
11-06 14:11:50.776  6824  6824 W RcsClientLib: 	at android.app.ActivityThread$H.handleMessage(ActivityThread.java:1672)
11-06 14:11:50.776  6824  6824 W RcsClientLib: 	at android.os.Handler.dispatchMessage(Handler.java:106)
11-06 14:11:50.776  6824  6824 W RcsClientLib: 	at android.os.Looper.loop(Looper.java:164)
11-06 14:11:50.776  6824  6824 W RcsClientLib: 	at android.app.ActivityThread.main(ActivityThread.java:6494)
11-06 14:11:50.776  6824  6824 W RcsClientLib: 	at java.lang.reflect.Method.invoke(Native Method)
11-06 14:11:50.776  6824  6824 W RcsClientLib: 	at com.android.internal.os.RuntimeInit$MethodAndArgsCaller.run(RuntimeInit.java:438)
11-06 14:11:50.776  6824  6824 W RcsClientLib: 	at com.android.internal.os.ZygoteInit.main(ZygoteInit.java:807)
11-06 14:11:50.776  6824  6824 W BugleRcs: disconnecting from all Rcs Services
11-06 14:11:50.802  6824  6824 I BugleRcsProvisioning: RcsProvisioningEventReceiver: Received ProvisioningEvent: Update provisioning status
11-06 14:11:50.824  4964  7028 I CarrierServices: [249] dbd.a: Bugle ContentProvider is disabled by p/h flag, using ProvisioningEngineStateCacheUtil.getBugleHasRequiredPermission()
11-06 14:11:50.826  4964  7029 I CarrierServices: [250] dnp.a: JibeService is running, passing event to provisioning engine.
11-06 14:11:50.891  5692  5798 E Finsky  : [60] akmy.a(23): Multi verification error response
11-06 14:11:50.891  5692  5798 E Finsky  : com.android.volley.NoConnectionError: org.chromium.net.impl.NetworkExceptionImpl: Exception in CronetUrlRequest: net::ERR_INTERNET_DISCONNECTED, ErrorCode=2, InternalErrorCode=-106, Retryable=false
11-06 14:11:50.891  5692  5798 E Finsky  : 	at dcg.a(PG:37)
11-06 14:11:50.891  5692  5798 E Finsky  : 	at dbn.a(PG:6)
11-06 14:11:50.891  5692  5798 E Finsky  : 	at dbn.run(PG:2)
11-06 14:11:50.891  5692  5798 E Finsky  : Caused by: org.chromium.net.impl.NetworkExceptionImpl: Exception in CronetUrlRequest: net::ERR_INTERNET_DISCONNECTED, ErrorCode=2, InternalErrorCode=-106, Retryable=false
11-06 14:11:50.891  5692  5798 E Finsky  : 	at org.chromium.net.impl.CronetUrlRequest.onError(PG:4)
11-06 14:11:50.900  4964  7028 I CarrierServices: [249] dbd.a: Bugle has minimum required RCS permissions: true
11-06 14:11:50.903  4964  7029 I CarrierServices: [250] dau.a: Handling Provisioning Event: [Bugle information (100)]
11-06 14:11:50.923  6824  6824 I BugleRcsProvisioning: RcsProvisioningEventReceiver: Received ProvisioningEvent: Update provisioning status
11-06 14:11:50.946  4964  7028 I CarrierServices: [249] dda.d: RCS Configuration storage in Bugle is disabled by p/h flag, using ProvisioningEngineStateCacheUtil.getProvisioningConfigurationForGivenSim()
11-06 14:11:50.950  4964  7029 I CarrierServices: [250] dbd.a: RcsAvailabilityManager: Calculating Rcs Availability
11-06 14:11:50.961  6824  6824 I BugleRcsProvisioning: RcsProvisioningEventReceiver: Received ProvisioningEvent: Request Bugle information
11-06 14:11:50.961  6824  6824 W ResourceType: For resource 0x7f130649, entry index(1609) is beyond type entryCount(715)
11-06 14:11:50.962  6824  6824 W ResourceType: For resource 0x7f1302ea, entry index(746) is beyond type entryCount(715)
11-06 14:11:50.967  4964  7021 I CarrierServices: [248] dnp.a: Received Provisioning Event: [Bugle information (100)]
11-06 14:11:50.967   753  3921 I ActivityManager: Killing 6310:org.codeaurora.ims/1001 (adj 906): empty #17
11-06 14:11:50.975   753  3223 W BroadcastQueue: Background execution not allowed: receiving Intent { act=android.intent.action.PACKAGE_ADDED dat=package:com.example.stigmatestapp flg=0x4000010 (has extras) } to com.android.musicfx/.Compatibility$Receiver
11-06 14:11:50.975   753   778 W BroadcastQueue: Background execution not allowed: receiving Intent { act=android.intent.action.PACKAGE_ADDED dat=package:com.example.stigmatestapp flg=0x4000010 (has extras) } to com.android.vending/com.google.android.finsky.packagemanager.impl.PackageMonitorReceiverImpl$RegisteredReceiver
11-06 14:11:50.975   753   778 W BroadcastQueue: Background execution not allowed: receiving Intent { act=android.intent.action.PACKAGE_ADDED dat=package:com.example.stigmatestapp flg=0x4000010 (has extras) } to com.google.android.gms/.games.chimera.GamesSystemBroadcastReceiverProxy
11-06 14:11:50.975   753   778 W BroadcastQueue: Background execution not allowed: receiving Intent { act=android.intent.action.PACKAGE_ADDED dat=package:com.example.stigmatestapp flg=0x4000010 (has extras) } to com.google.android.gms/.gass.chimera.PackageChangeBroadcastReceiver
11-06 14:11:50.975   753   778 W BroadcastQueue: Background execution not allowed: receiving Intent { act=android.intent.action.PACKAGE_ADDED dat=package:com.example.stigmatestapp flg=0x4000010 (has extras) } to com.google.android.gms/.chimera.GmsIntentOperationService$PersistentTrustedReceiver
11-06 14:11:50.975   753   778 W BroadcastQueue: Background execution not allowed: receiving Intent { act=android.intent.action.PACKAGE_ADDED dat=package:com.example.stigmatestapp flg=0x4000010 (has extras) } to com.google.android.googlequicksearchbox/com.google.android.apps.gsa.googlequicksearchbox.GelStubAppWatcher
11-06 14:11:50.976   753   778 W BroadcastQueue: Background execution not allowed: receiving Intent { act=android.intent.action.PACKAGE_ADDED dat=package:com.example.stigmatestapp flg=0x4000010 (has extras) } to com.google.android.ims/.receivers.RcsAutoStartReceiver
11-06 14:11:50.997   753  3928 I ActivityManager: Start proc 7262:com.google.android.gm/u0a91 for broadcast com.google.android.gm/.widget.GmailWidgetProvider
11-06 14:11:51.022  6824  6915 I BugleDataModel: PendingMessagesProcessor: process from ProcessPendingMessagesAction due to scheduled processing with queues:
11-06 14:11:51.038  4964  7021 I CarrierServices: [248] dnp.a: JibeService is running, passing event to provisioning engine.
11-06 14:11:51.039  4964  7029 I CarrierServices: [250] dbd.a: Bugle ContentProvider is disabled by p/h flag, using ProvisioningEngineStateCacheUtil.getBugleHasRequiredPermission()
11-06 14:11:51.108  7262  7262 W ResourceType: ResTable_typeSpec entry count inconsistent: given 82, previously 86
11-06 14:11:51.108  7262  7262 W ResourceType: ResTable_typeSpec entry count inconsistent: given 548, previously 2264
11-06 14:11:51.108  7262  7262 W ResourceType: ResTable_typeSpec entry count inconsistent: given 1237, previously 2573
11-06 14:11:51.109  7262  7262 W ResourceType: ResTable_typeSpec entry count inconsistent: given 2579, previously 2573
11-06 14:11:51.109  7262  7262 W ResourceType: ResTable_typeSpec entry count inconsistent: given 383, previously 2115
11-06 14:11:51.125  4964  5081 I CarrierServices: [244] dbd.a: RcsAvailabilityManager: Calculating Rcs Availability
11-06 14:11:51.134  4964  7028 I CarrierServices: [249] dda.a: Bugle ContentProvider is disabled by p/h flag, using ProvisioningEngineStateCacheUtil.getBugleEnabledRcsFromPreference()
11-06 14:11:51.142  4964  7029 I CarrierServices: [250] dbd.a: Bugle has minimum required RCS permissions: true
11-06 14:11:51.153  6803  6808 I zygote64: Compiler allocated 4MB to compile void ubf.F(java.lang.Object, tzw)
11-06 14:11:51.156  6824  6836 W zygote64: Suspending all threads took: 8.837ms
11-06 14:11:51.161  6803  6886 I zygote64: The ClassLoaderContext is a special shared library.
11-06 14:11:51.202  4964  7021 I CarrierServices: [248] dau.a: Handling Provisioning Event: [Bugle information (100)]
11-06 14:11:51.231  4964  7028 I CarrierServices: [249] dda.a: Rcs is enabled from user settings: true
11-06 14:11:51.234  4964  5081 I CarrierServices: [244] dbd.a: Bugle ContentProvider is disabled by p/h flag, using ProvisioningEngineStateCacheUtil.getBugleHasRequiredPermission()
11-06 14:11:51.272  4964  7021 I CarrierServices: [248] dbd.a: RcsAvailabilityManager: Calculating Rcs Availability
11-06 14:11:51.320  4964  7028 I CarrierServices: [249] dda.b: Bugle ContentProvider is disabled by p/h flag, using ProvisioningEngineStateCacheUtil.isBugleDefaultSmsApp()
11-06 14:11:51.335  4964  5081 I CarrierServices: [244] dbd.a: Bugle has minimum required RCS permissions: true
11-06 14:11:51.354  4964  7029 I CarrierServices: [250] dda.d: RCS Configuration storage in Bugle is disabled by p/h flag, using ProvisioningEngineStateCacheUtil.getProvisioningConfigurationForGivenSim()
11-06 14:11:51.369  7262  7262 W zygote64: Verification of void pkf.onCreate() took 193.824ms
11-06 14:11:51.384  4964  7021 I CarrierServices: [248] dbd.a: Bugle ContentProvider is disabled by p/h flag, using ProvisioningEngineStateCacheUtil.getBugleHasRequiredPermission()
11-06 14:11:51.386  4964  5081 I CarrierServices: [244] dda.d: RCS Configuration storage in Bugle is disabled by p/h flag, using ProvisioningEngineStateCacheUtil.getProvisioningConfigurationForGivenSim()
11-06 14:11:51.408  4964  7028 I CarrierServices: [249] dda.b: Bugle is default SMS app: true
11-06 14:11:51.468  4964  7021 I CarrierServices: [248] dbd.a: Bugle has minimum required RCS permissions: true
11-06 14:11:51.491  4964  7028 W CarrierServices: [249] dej.a: No config URL. RCS will be disabled!
11-06 14:11:51.551  4964  7021 I CarrierServices: [248] dda.d: RCS Configuration storage in Bugle is disabled by p/h flag, using ProvisioningEngineStateCacheUtil.getProvisioningConfigurationForGivenSim()
11-06 14:11:51.554  4964  7029 I CarrierServices: [250] dda.a: Bugle ContentProvider is disabled by p/h flag, using ProvisioningEngineStateCacheUtil.getBugleEnabledRcsFromPreference()
11-06 14:11:51.589  4964  7028 I CarrierServices: [249] dda.d: RCS Configuration storage in Bugle is disabled by p/h flag, using ProvisioningEngineStateCacheUtil.getProvisioningConfigurationForGivenSim()
11-06 14:11:51.592  4964  5081 I CarrierServices: [244] dda.a: Bugle ContentProvider is disabled by p/h flag, using ProvisioningEngineStateCacheUtil.getBugleEnabledRcsFromPreference()
11-06 14:11:51.654  7262  7262 D ActivityThread: Loading provider com.google.android.gm.sapi: com.google.android.gm.sapi.SapiUiProvider
11-06 14:11:51.676  4964  5081 I CarrierServices: [244] dda.a: Rcs is enabled from user settings: true
11-06 14:11:51.684  4964  7029 I CarrierServices: [250] dda.a: Rcs is enabled from user settings: true
11-06 14:11:51.709  5692  5697 I zygote  : Do partial code cache collection, code=211KB, data=126KB
11-06 14:11:51.731  4964  5081 I CarrierServices: [244] dda.b: Bugle ContentProvider is disabled by p/h flag, using ProvisioningEngineStateCacheUtil.isBugleDefaultSmsApp()
11-06 14:11:51.778  4964  7021 I CarrierServices: [248] dda.a: Bugle ContentProvider is disabled by p/h flag, using ProvisioningEngineStateCacheUtil.getBugleEnabledRcsFromPreference()
11-06 14:11:51.812  4964  7029 I CarrierServices: [250] dda.b: Bugle ContentProvider is disabled by p/h flag, using ProvisioningEngineStateCacheUtil.isBugleDefaultSmsApp()
11-06 14:11:51.827  4964  7028 I CarrierServices: [249] dda.d: RCS Configuration storage in Bugle is disabled by p/h flag, using ProvisioningEngineStateCacheUtil.getProvisioningConfigurationForGivenSim()
11-06 14:11:51.850  4964  7021 I CarrierServices: [248] dda.a: Rcs is enabled from user settings: true
11-06 14:11:51.854  4964  5081 I CarrierServices: [244] dda.b: Bugle is default SMS app: true
11-06 14:11:51.866  5692  5697 I zygote  : After code cache collection, code=211KB, data=126KB
11-06 14:11:51.866  5692  5697 I zygote  : Increasing code cache capacity to 1024KB
11-06 14:11:51.924  4964  5081 W CarrierServices: [244] dej.a: No config URL. RCS will be disabled!
11-06 14:11:51.953  4964  7029 I CarrierServices: [250] dda.b: Bugle is default SMS app: true
11-06 14:11:51.984  4964  7021 I CarrierServices: [248] dda.b: Bugle ContentProvider is disabled by p/h flag, using ProvisioningEngineStateCacheUtil.isBugleDefaultSmsApp()
11-06 14:11:52.011  4964  7028 I CarrierServices: [249] dda.d: RCS Configuration storage in Bugle is disabled by p/h flag, using ProvisioningEngineStateCacheUtil.getProvisioningConfigurationForGivenSim()
11-06 14:11:52.102  4964  7021 I CarrierServices: [248] dda.b: Bugle is default SMS app: true
11-06 14:11:52.115  4964  5081 I CarrierServices: [244] dda.d: RCS Configuration storage in Bugle is disabled by p/h flag, using ProvisioningEngineStateCacheUtil.getProvisioningConfigurationForGivenSim()
11-06 14:11:52.147  4964  7029 W CarrierServices: [250] dej.a: No config URL. RCS will be disabled!
11-06 14:11:52.300  4964  7021 W CarrierServices: [248] dej.a: No config URL. RCS will be disabled!
11-06 14:11:52.371  4964  7029 I CarrierServices: [250] dda.d: RCS Configuration storage in Bugle is disabled by p/h flag, using ProvisioningEngineStateCacheUtil.getProvisioningConfigurationForGivenSim()
11-06 14:11:52.397  4964  5081 I CarrierServices: [244] dda.d: RCS Configuration storage in Bugle is disabled by p/h flag, using ProvisioningEngineStateCacheUtil.getProvisioningConfigurationForGivenSim()
11-06 14:11:52.398  4964  7021 I CarrierServices: [248] dda.d: RCS Configuration storage in Bugle is disabled by p/h flag, using ProvisioningEngineStateCacheUtil.getProvisioningConfigurationForGivenSim()
11-06 14:11:52.403  4964  7028 I CarrierServices: [249] dwi.b: Checking if using CarrierServices.apk is possible. Enabled: true, isAtLeastM: true, runningInsideBugle: false
11-06 14:11:52.496  4964  7028 I CarrierServices: [249] blb.onCsLibPhenotypeUpdated: BindingManager: binding and reset P/H Flag stay same
11-06 14:11:52.541  4964  7021 I CarrierServices: [248] dda.d: RCS Configuration storage in Bugle is disabled by p/h flag, using ProvisioningEngineStateCacheUtil.getProvisioningConfigurationForGivenSim()
11-06 14:11:52.564  4964  7029 I CarrierServices: [250] dda.d: RCS Configuration storage in Bugle is disabled by p/h flag, using ProvisioningEngineStateCacheUtil.getProvisioningConfigurationForGivenSim()
11-06 14:11:52.612  4964  5081 I CarrierServices: [244] dda.d: RCS Configuration storage in Bugle is disabled by p/h flag, using ProvisioningEngineStateCacheUtil.getProvisioningConfigurationForGivenSim()
11-06 14:11:52.619  4964  7028 I CarrierServices: [249] dbd.a: RcsAvailabilityManager: Rcs Availability still DISABLED_SIM_ABSENT (RCS is disabled due to SIM absent)
11-06 14:11:52.749  4964  7029 I CarrierServices: [250] dda.d: RCS Configuration storage in Bugle is disabled by p/h flag, using ProvisioningEngineStateCacheUtil.getProvisioningConfigurationForGivenSim()
11-06 14:11:52.765  4964  7021 I CarrierServices: [248] dda.d: RCS Configuration storage in Bugle is disabled by p/h flag, using ProvisioningEngineStateCacheUtil.getProvisioningConfigurationForGivenSim()
11-06 14:11:52.824  4964  5081 I CarrierServices: [244] dwi.b: Checking if using CarrierServices.apk is possible. Enabled: true, isAtLeastM: true, runningInsideBugle: false
11-06 14:11:52.915  4964  5081 I CarrierServices: [244] blb.onCsLibPhenotypeUpdated: BindingManager: binding and reset P/H Flag stay same
11-06 14:11:52.966  4964  7029 I CarrierServices: [250] dwi.b: Checking if using CarrierServices.apk is possible. Enabled: true, isAtLeastM: true, runningInsideBugle: false
11-06 14:11:52.977  7136  7153 I zygote64: Waiting for a blocking GC ProfileSaver
11-06 14:11:53.012  4964  5081 I CarrierServices: [244] dbd.a: RcsAvailabilityManager: Rcs Availability still DISABLED_SIM_ABSENT (RCS is disabled due to SIM absent)
11-06 14:11:53.016  4964  7021 I CarrierServices: [248] dwi.b: Checking if using CarrierServices.apk is possible. Enabled: true, isAtLeastM: true, runningInsideBugle: false
11-06 14:11:53.058  4964  7021 I CarrierServices: [248] blb.onCsLibPhenotypeUpdated: BindingManager: binding and reset P/H Flag stay same
11-06 14:11:53.104  4964  7021 I CarrierServices: [248] dbd.a: RcsAvailabilityManager: Rcs Availability still DISABLED_SIM_ABSENT (RCS is disabled due to SIM absent)
11-06 14:11:53.117  4964  7029 I CarrierServices: [250] blb.onCsLibPhenotypeUpdated: BindingManager: binding and reset P/H Flag stay same
11-06 14:11:53.121  6824  6863 I BugleRcs: RcsAvailabilityUtilForProvisioningEngineV2: updated datastore for rcs availability, simId: Redacted-0, availability: DISABLED_SIM_ABSENT
11-06 14:11:53.121  6824  6863 I BugleRcs: RcsAvailabilityUtilForProvisioningEngineV2: Get Updated RcsAvailability, RcsAvailability: DISABLED_SIM_ABSENT, SimId: Redacted-0
11-06 14:11:53.164  4964  7029 I CarrierServices: [250] dbd.a: RcsAvailabilityManager: Rcs Availability still DISABLED_SIM_ABSENT (RCS is disabled due to SIM absent)
11-06 14:11:53.179  6824  6824 I RcsClientLib: Disconnecting ChatSessionService
11-06 14:11:53.179  6824  6824 W RcsClientLib: Unexpected error when trying to unbind com.google.android.ims.rcsservice.chatsession.IChatSession: Service not registered: aisc@da372d
11-06 14:11:53.180  6824  6863 I RcsClientLib: Disconnecting SignupService
11-06 14:11:53.182  6824  6824 W RcsClientLib: java.lang.IllegalArgumentException: Service not registered: aisc@da372d
11-06 14:11:53.182  6824  6824 W RcsClientLib: 	at android.app.LoadedApk.forgetServiceDispatcher(LoadedApk.java:1484)
11-06 14:11:53.182  6824  6824 W RcsClientLib: 	at android.app.ContextImpl.unbindService(ContextImpl.java:1638)
11-06 14:11:53.182  6824  6824 W RcsClientLib: 	at android.content.ContextWrapper.unbindService(ContextWrapper.java:703)
11-06 14:11:53.182  6824  6824 W RcsClientLib: 	at aisb.b(PG:40)
11-06 14:11:53.182  6824  6824 W RcsClientLib: 	at aisb.disconnect(PG:38)
11-06 14:11:53.182  6824  6824 W RcsClientLib: 	at nrn.b(PG:35)
11-06 14:11:53.182  6824  6824 W RcsClientLib: 	at nrq.a(PG:37)
11-06 14:11:53.182  6824  6824 W RcsClientLib: 	at nco.a(PG:38)
11-06 14:11:53.182  6824  6824 W RcsClientLib: 	at nca.run(Unknown Source:16)
11-06 14:11:53.182  6824  6824 W RcsClientLib: 	at akmf.run(PG:2)
11-06 14:11:53.182  6824  6824 W RcsClientLib: 	at android.os.Handler.handleCallback(Handler.java:790)
11-06 14:11:53.182  6824  6824 W RcsClientLib: 	at android.os.Handler.dispatchMessage(Handler.java:99)
11-06 14:11:53.182  6824  6824 W RcsClientLib: 	at android.os.Looper.loop(Looper.java:164)
11-06 14:11:53.182  6824  6824 W RcsClientLib: 	at android.app.ActivityThread.main(ActivityThread.java:6494)
11-06 14:11:53.182  6824  6824 W RcsClientLib: 	at java.lang.reflect.Method.invoke(Native Method)
11-06 14:11:53.182  6824  6824 W RcsClientLib: 	at com.android.internal.os.RuntimeInit$MethodAndArgsCaller.run(RuntimeInit.java:438)
11-06 14:11:53.182  6824  6824 W RcsClientLib: 	at com.android.internal.os.ZygoteInit.main(ZygoteInit.java:807)
11-06 14:11:53.183  6824  6824 I RcsClientLib: Disconnecting EventService
11-06 14:11:53.183  6824  6824 W RcsClientLib: Unexpected error when trying to unbind com.google.android.ims.rcsservice.events.IEvent: Service not registered: aisc@2cb36b0
11-06 14:11:53.184  6824  6824 W RcsClientLib: java.lang.IllegalArgumentException: Service not registered: aisc@2cb36b0
11-06 14:11:53.184  6824  6824 W RcsClientLib: 	at android.app.LoadedApk.forgetServiceDispatcher(LoadedApk.java:1484)
11-06 14:11:53.184  6824  6824 W RcsClientLib: 	at android.app.ContextImpl.unbindService(ContextImpl.java:1638)
11-06 14:11:53.184  6824  6824 W RcsClientLib: 	at android.content.ContextWrapper.unbindService(ContextWrapper.java:703)
11-06 14:11:53.184  6824  6824 W RcsClientLib: 	at aisb.b(PG:40)
11-06 14:11:53.184  6824  6824 W RcsClientLib: 	at aisb.disconnect(PG:38)
11-06 14:11:53.184  6824  6824 W RcsClientLib: 	at com.google.android.rcs.client.events.EventService.disconnect(PG:7)
11-06 14:11:53.184  6824  6824 W RcsClientLib: 	at nrn.b(PG:36)
11-06 14:11:53.184  6824  6824 W RcsClientLib: 	at nrq.a(PG:37)
11-06 14:11:53.184  6824  6824 W RcsClientLib: 	at nco.a(PG:38)
11-06 14:11:53.184  6824  6824 W RcsClientLib: 	at nca.run(Unknown Source:16)
11-06 14:11:53.184  6824  6824 W RcsClientLib: 	at akmf.run(PG:2)
11-06 14:11:53.184  6824  6824 W RcsClientLib: 	at android.os.Handler.handleCallback(Handler.java:790)
11-06 14:11:53.184  6824  6824 W RcsClientLib: 	at android.os.Handler.dispatchMessage(Handler.java:99)
11-06 14:11:53.184  6824  6824 W RcsClientLib: 	at android.os.Looper.loop(Looper.java:164)
11-06 14:11:53.184  6824  6824 W RcsClientLib: 	at android.app.ActivityThread.main(ActivityThread.java:6494)
11-06 14:11:53.184  6824  6824 W RcsClientLib: 	at java.lang.reflect.Method.invoke(Native Method)
11-06 14:11:53.184  6824  6824 W RcsClientLib: 	at com.android.internal.os.RuntimeInit$MethodAndArgsCaller.run(RuntimeInit.java:438)
11-06 14:11:53.184  6824  6824 W RcsClientLib: 	at com.android.internal.os.ZygoteInit.main(ZygoteInit.java:807)
11-06 14:11:53.184  6824  6824 I RcsClientLib: Disconnecting ContactsService
11-06 14:11:53.185  6824  6824 W RcsClientLib: Unexpected error when trying to unbind com.google.android.ims.rcsservice.contacts.IContactsManagement: Service not registered: aisc@37b64ae
11-06 14:11:53.185  6824  6824 W RcsClientLib: java.lang.IllegalArgumentException: Service not registered: aisc@37b64ae
11-06 14:11:53.185  6824  6824 W RcsClientLib: 	at android.app.LoadedApk.forgetServiceDispatcher(LoadedApk.java:1484)
11-06 14:11:53.185  6824  6824 W RcsClientLib: 	at android.app.ContextImpl.unbindService(ContextImpl.java:1638)
11-06 14:11:53.185  6824  6824 W RcsClientLib: 	at android.content.ContextWrapper.unbindService(ContextWrapper.java:703)
11-06 14:11:53.185  6824  6824 W RcsClientLib: 	at aisb.b(PG:40)
11-06 14:11:53.185  6824  6824 W RcsClientLib: 	at aisb.disconnect(PG:38)
11-06 14:11:53.185  6824  6824 W RcsClientLib: 	at nrn.b(PG:37)
11-06 14:11:53.185  6824  6824 W RcsClientLib: 	at nrq.a(PG:37)
11-06 14:11:53.185  6824  6824 W RcsClientLib: 	at nco.a(PG:38)
11-06 14:11:53.185  6824  6824 W RcsClientLib: 	at nca.run(Unknown Source:16)
11-06 14:11:53.185  6824  6824 W RcsClientLib: 	at akmf.run(PG:2)
11-06 14:11:53.185  6824  6824 W RcsClientLib: 	at android.os.Handler.handleCallback(Handler.java:790)
11-06 14:11:53.185  6824  6824 W RcsClientLib: 	at android.os.Handler.dispatchMessage(Handler.java:99)
11-06 14:11:53.185  6824  6824 W RcsClientLib: 	at android.os.Looper.loop(Looper.java:164)
11-06 14:11:53.185  6824  6824 W RcsClientLib: 	at android.app.ActivityThread.main(ActivityThread.java:6494)
11-06 14:11:53.185  6824  6824 W RcsClientLib: 	at java.lang.reflect.Method.invoke(Native Method)
11-06 14:11:53.185  6824  6824 W RcsClientLib: 	at com.android.internal.os.RuntimeInit$MethodAndArgsCaller.run(RuntimeInit.java:438)
11-06 14:11:53.185  6824  6824 W RcsClientLib: 	at com.android.internal.os.ZygoteInit.main(ZygoteInit.java:807)
11-06 14:11:53.185  6824  6824 I RcsClientLib: Disconnecting FileTransferService
11-06 14:11:53.185  6824  6824 W RcsClientLib: Unexpected error when trying to unbind com.google.android.ims.rcsservice.filetransfer.IFileTransfer: Service not registered: aisc@e250ddc
11-06 14:11:53.185  6824  6824 W RcsClientLib: java.lang.IllegalArgumentException: Service not registered: aisc@e250ddc
11-06 14:11:53.185  6824  6824 W RcsClientLib: 	at android.app.LoadedApk.forgetServiceDispatcher(LoadedApk.java:1484)
11-06 14:11:53.185  6824  6824 W RcsClientLib: 	at android.app.ContextImpl.unbindService(ContextImpl.java:1638)
11-06 14:11:53.185  6824  6824 W RcsClientLib: 	at android.content.ContextWrapper.unbindService(ContextWrapper.java:703)
11-06 14:11:53.185  6824  6824 W RcsClientLib: 	at aisb.b(PG:40)
11-06 14:11:53.185  6824  6824 W RcsClientLib: 	at aisb.disconnect(PG:38)
11-06 14:11:53.185  6824  6824 W RcsClientLib: 	at nrn.b(PG:38)
11-06 14:11:53.185  6824  6824 W RcsClientLib: 	at nrq.a(PG:37)
11-06 14:11:53.185  6824  6824 W RcsClientLib: 	at nco.a(PG:38)
11-06 14:11:53.185  6824  6824 W RcsClientLib: 	at nca.run(Unknown Source:16)
11-06 14:11:53.185  6824  6824 W RcsClientLib: 	at akmf.run(PG:2)
11-06 14:11:53.185  6824  6824 W RcsClientLib: 	at android.os.Handler.handleCallback(Handler.java:790)
11-06 14:11:53.185  6824  6824 W RcsClientLib: 	at android.os.Handler.dispatchMessage(Handler.java:99)
11-06 14:11:53.185  6824  6824 W RcsClientLib: 	at android.os.Looper.loop(Looper.java:164)
11-06 14:11:53.185  6824  6824 W RcsClientLib: 	at android.app.ActivityThread.main(ActivityThread.java:6494)
11-06 14:11:53.185  6824  6824 W RcsClientLib: 	at java.lang.reflect.Method.invoke(Native Method)
11-06 14:11:53.185  6824  6824 W RcsClientLib: 	at com.android.internal.os.RuntimeInit$MethodAndArgsCaller.run(RuntimeInit.java:438)
11-06 14:11:53.185  6824  6824 W RcsClientLib: 	at com.android.internal.os.ZygoteInit.main(ZygoteInit.java:807)
11-06 14:11:53.186  6824  6824 I RcsClientLib: Disconnecting LocationSharingService
11-06 14:11:53.186  6824  6824 W RcsClientLib: Unexpected error when trying to unbind com.google.android.ims.rcsservice.locationsharing.ILocationSharing: Service not registered: aisc@89d1dba
11-06 14:11:53.186  6824  6824 W RcsClientLib: java.lang.IllegalArgumentException: Service not registered: aisc@89d1dba
11-06 14:11:53.186  6824  6824 W RcsClientLib: 	at android.app.LoadedApk.forgetServiceDispatcher(LoadedApk.java:1484)
11-06 14:11:53.186  6824  6824 W RcsClientLib: 	at android.app.ContextImpl.unbindService(ContextImpl.java:1638)
11-06 14:11:53.186  6824  6824 W RcsClientLib: 	at android.content.ContextWrapper.unbindService(ContextWrapper.java:703)
11-06 14:11:53.186  6824  6824 W RcsClientLib: 	at aisb.b(PG:40)
11-06 14:11:53.186  6824  6824 W RcsClientLib: 	at aisb.disconnect(PG:38)
11-06 14:11:53.186  6824  6824 W RcsClientLib: 	at nrn.b(PG:39)
11-06 14:11:53.186  6824  6824 W RcsClientLib: 	at nrq.a(PG:37)
11-06 14:11:53.186  6824  6824 W RcsClientLib: 	at nco.a(PG:38)
11-06 14:11:53.186  6824  6824 W RcsClientLib: 	at nca.run(Unknown Source:16)
11-06 14:11:53.186  6824  6824 W RcsClientLib: 	at akmf.run(PG:2)
11-06 14:11:53.186  6824  6824 W RcsClientLib: 	at android.os.Handler.handleCallback(Handler.java:790)
11-06 14:11:53.186  6824  6824 W RcsClientLib: 	at android.os.Handler.dispatchMessage(Handler.java:99)
11-06 14:11:53.186  6824  6824 W RcsClientLib: 	at android.os.Looper.loop(Looper.java:164)
11-06 14:11:53.186  6824  6824 W RcsClientLib: 	at android.app.ActivityThread.main(ActivityThread.java:6494)
11-06 14:11:53.186  6824  6824 W RcsClientLib: 	at java.lang.reflect.Method.invoke(Native Method)
11-06 14:11:53.186  6824  6824 W RcsClientLib: 	at com.android.internal.os.RuntimeInit$MethodAndArgsCaller.run(RuntimeInit.java:438)
11-06 14:11:53.186  6824  6824 W RcsClientLib: 	at com.android.internal.os.ZygoteInit.main(ZygoteInit.java:807)
11-06 14:11:53.186  6824  6824 I RcsClientLib: Disconnecting ImsConnectionTrackerService
11-06 14:11:53.186  6824  6824 W RcsClientLib: Unexpected error when trying to unbind com.google.android.ims.rcsservice.ims.IImsConnectionTracker: Service not registered: aisc@3e32bc8
11-06 14:11:53.186  6824  6824 W RcsClientLib: java.lang.IllegalArgumentException: Service not registered: aisc@3e32bc8
11-06 14:11:53.186  6824  6824 W RcsClientLib: 	at android.app.LoadedApk.forgetServiceDispatcher(LoadedApk.java:1484)
11-06 14:11:53.186  6824  6824 W RcsClientLib: 	at android.app.ContextImpl.unbindService(ContextImpl.java:1638)
11-06 14:11:53.186  6824  6824 W RcsClientLib: 	at android.content.ContextWrapper.unbindService(ContextWrapper.java:703)
11-06 14:11:53.186  6824  6824 W RcsClientLib: 	at aisb.b(PG:40)
11-06 14:11:53.186  6824  6824 W RcsClientLib: 	at aisb.disconnect(PG:38)
11-06 14:11:53.186  6824  6824 W RcsClientLib: 	at nrn.b(PG:40)
11-06 14:11:53.186  6824  6824 W RcsClientLib: 	at nrq.a(PG:37)
11-06 14:11:53.186  6824  6824 W RcsClientLib: 	at nco.a(PG:38)
11-06 14:11:53.186  6824  6824 W RcsClientLib: 	at nca.run(Unknown Source:16)
11-06 14:11:53.186  6824  6824 W RcsClientLib: 	at akmf.run(PG:2)
11-06 14:11:53.186  6824  6824 W RcsClientLib: 	at android.os.Handler.handleCallback(Handler.java:790)
11-06 14:11:53.186  6824  6824 W RcsClientLib: 	at android.os.Handler.dispatchMessage(Handler.java:99)
11-06 14:11:53.186  6824  6824 W RcsClientLib: 	at android.os.Looper.loop(Looper.java:164)
11-06 14:11:53.186  6824  6824 W RcsClientLib: 	at android.app.ActivityThread.main(ActivityThread.java:6494)
11-06 14:11:53.186  6824  6824 W RcsClientLib: 	at java.lang.reflect.Method.invoke(Native Method)
11-06 14:11:53.186  6824  6824 W RcsClientLib: 	at com.android.internal.os.RuntimeInit$MethodAndArgsCaller.run(RuntimeInit.java:438)
11-06 14:11:53.186  6824  6824 W RcsClientLib: 	at com.android.internal.os.ZygoteInit.main(ZygoteInit.java:807)
11-06 14:11:53.186  6824  6824 I RcsClientLib: Disconnecting RcsProfileService
11-06 14:11:53.186  6824  6824 W RcsClientLib: Unexpected error when trying to unbind com.google.android.ims.rcsservice.profile.IRcsProfile: Service not registered: aisc@8ef5b86
11-06 14:11:53.187  6824  6824 W RcsClientLib: java.lang.IllegalArgumentException: Service not registered: aisc@8ef5b86
11-06 14:11:53.187  6824  6824 W RcsClientLib: 	at android.app.LoadedApk.forgetServiceDispatcher(LoadedApk.java:1484)
11-06 14:11:53.187  6824  6824 W RcsClientLib: 	at android.app.ContextImpl.unbindService(ContextImpl.java:1638)
11-06 14:11:53.187  6824  6824 W RcsClientLib: 	at android.content.ContextWrapper.unbindService(ContextWrapper.java:703)
11-06 14:11:53.187  6824  6824 W RcsClientLib: 	at aisb.b(PG:40)
11-06 14:11:53.187  6824  6824 W RcsClientLib: 	at aisb.disconnect(PG:38)
11-06 14:11:53.187  6824  6824 W RcsClientLib: 	at nrn.b(PG:41)
11-06 14:11:53.187  6824  6824 W RcsClientLib: 	at nrq.a(PG:37)
11-06 14:11:53.187  6824  6824 W RcsClientLib: 	at nco.a(PG:38)
11-06 14:11:53.187  6824  6824 W RcsClientLib: 	at nca.run(Unknown Source:16)
11-06 14:11:53.187  6824  6824 W RcsClientLib: 	at akmf.run(PG:2)
11-06 14:11:53.187  6824  6824 W RcsClientLib: 	at android.os.Handler.handleCallback(Handler.java:790)
11-06 14:11:53.187  6824  6824 W RcsClientLib: 	at android.os.Handler.dispatchMessage(Handler.java:99)
