.class public Landroidx/constraintlayout/widget/ConstraintSet;
.super Ljava/lang/Object;
.source "ConstraintSet.java"


# annotations
.annotation system Ldalvik/annotation/MemberClasses;
    value = {
        Landroidx/constraintlayout/widget/ConstraintSet$Constraint;
    }
.end annotation


# static fields
.field private static final ALPHA:I = 0x2b

.field private static final BARRIER_ALLOWS_GONE_WIDGETS:I = 0x4a

.field private static final BARRIER_DIRECTION:I = 0x48

.field private static final BARRIER_TYPE:I = 0x1

.field public static final BASELINE:I = 0x5

.field private static final BASELINE_TO_BASELINE:I = 0x1

.field public static final BOTTOM:I = 0x4

.field private static final BOTTOM_MARGIN:I = 0x2

.field private static final BOTTOM_TO_BOTTOM:I = 0x3

.field private static final BOTTOM_TO_TOP:I = 0x4

.field public static final CHAIN_PACKED:I = 0x2

.field public static final CHAIN_SPREAD:I = 0x0

.field public static final CHAIN_SPREAD_INSIDE:I = 0x1

.field private static final CHAIN_USE_RTL:I = 0x47

.field private static final CIRCLE:I = 0x3d

.field private static final CIRCLE_ANGLE:I = 0x3f

.field private static final CIRCLE_RADIUS:I = 0x3e

.field private static final CONSTRAINT_REFERENCED_IDS:I = 0x49

.field private static final DEBUG:Z = false

.field private static final DIMENSION_RATIO:I = 0x5

.field private static final EDITOR_ABSOLUTE_X:I = 0x6

.field private static final EDITOR_ABSOLUTE_Y:I = 0x7

.field private static final ELEVATION:I = 0x2c

.field public static final END:I = 0x7

.field private static final END_MARGIN:I = 0x8

.field private static final END_TO_END:I = 0x9

.field private static final END_TO_START:I = 0xa

.field public static final GONE:I = 0x8

.field private static final GONE_BOTTOM_MARGIN:I = 0xb

.field private static final GONE_END_MARGIN:I = 0xc

.field private static final GONE_LEFT_MARGIN:I = 0xd

.field private static final GONE_RIGHT_MARGIN:I = 0xe

.field private static final GONE_START_MARGIN:I = 0xf

.field private static final GONE_TOP_MARGIN:I = 0x10

.field private static final GUIDE_BEGIN:I = 0x11

.field private static final GUIDE_END:I = 0x12

.field private static final GUIDE_PERCENT:I = 0x13

.field private static final HEIGHT_DEFAULT:I = 0x37

.field private static final HEIGHT_MAX:I = 0x39

.field private static final HEIGHT_MIN:I = 0x3b

.field private static final HEIGHT_PERCENT:I = 0x46

.field public static final HORIZONTAL:I = 0x0

.field private static final HORIZONTAL_BIAS:I = 0x14

.field public static final HORIZONTAL_GUIDELINE:I = 0x0

.field private static final HORIZONTAL_STYLE:I = 0x29

.field private static final HORIZONTAL_WEIGHT:I = 0x27

.field public static final INVISIBLE:I = 0x4

.field private static final LAYOUT_HEIGHT:I = 0x15

.field private static final LAYOUT_VISIBILITY:I = 0x16

.field private static final LAYOUT_WIDTH:I = 0x17

.field public static final LEFT:I = 0x1

.field private static final LEFT_MARGIN:I = 0x18

.field private static final LEFT_TO_LEFT:I = 0x19

.field private static final LEFT_TO_RIGHT:I = 0x1a

.field public static final MATCH_CONSTRAINT:I = 0x0

.field public static final MATCH_CONSTRAINT_SPREAD:I = 0x0

.field public static final MATCH_CONSTRAINT_WRAP:I = 0x1

.field private static final ORIENTATION:I = 0x1b

.field public static final PARENT_ID:I = 0x0

.field public static final RIGHT:I = 0x2

.field private static final RIGHT_MARGIN:I = 0x1c

.field private static final RIGHT_TO_LEFT:I = 0x1d

.field private static final RIGHT_TO_RIGHT:I = 0x1e

.field private static final ROTATION:I = 0x3c

.field private static final ROTATION_X:I = 0x2d

.field private static final ROTATION_Y:I = 0x2e

.field private static final SCALE_X:I = 0x2f

.field private static final SCALE_Y:I = 0x30

.field public static final START:I = 0x6

.field private static final START_MARGIN:I = 0x1f

.field private static final START_TO_END:I = 0x20

.field private static final START_TO_START:I = 0x21

.field private static final TAG:Ljava/lang/String; = "ConstraintSet"

.field public static final TOP:I = 0x3

.field private static final TOP_MARGIN:I = 0x22

.field private static final TOP_TO_BOTTOM:I = 0x23

.field private static final TOP_TO_TOP:I = 0x24

.field private static final TRANSFORM_PIVOT_X:I = 0x31

.field private static final TRANSFORM_PIVOT_Y:I = 0x32

.field private static final TRANSLATION_X:I = 0x33

.field private static final TRANSLATION_Y:I = 0x34

.field private static final TRANSLATION_Z:I = 0x35

.field public static final UNSET:I = -0x1

.field private static final UNUSED:I = 0x4b

.field public static final VERTICAL:I = 0x1

.field private static final VERTICAL_BIAS:I = 0x25

.field public static final VERTICAL_GUIDELINE:I = 0x1

.field private static final VERTICAL_STYLE:I = 0x2a

.field private static final VERTICAL_WEIGHT:I = 0x28

.field private static final VIEW_ID:I = 0x26

.field private static final VISIBILITY_FLAGS:[I

.field public static final VISIBLE:I = 0x0

.field private static final WIDTH_DEFAULT:I = 0x36

.field private static final WIDTH_MAX:I = 0x38

.field private static final WIDTH_MIN:I = 0x3a

.field private static final WIDTH_PERCENT:I = 0x45

.field public static final WRAP_CONTENT:I = -0x2

.field private static mapToConstant:Landroid/util/SparseIntArray;


.field public static clone_v2_TAINT:I

.field public static clone_p1_TAINT:I

.field public static clone_v1_TAINT:I

.field public static clone_v3_TAINT:I

.field public static clone_v6_TAINT:I

.field public static clone_v4_TAINT:I

.field public static clone_v5_TAINT:I

.field public static clone_v7_TAINT:I

# instance fields
.field private mConstraints:Ljava/util/HashMap;
    .annotation system Ldalvik/annotation/Signature;
        value = {
            "Ljava/util/HashMap<",
            "Ljava/lang/Integer;",
            "Landroidx/constraintlayout/widget/ConstraintSet$Constraint;",
            ">;"
        }
    .end annotation
.end field


# methods
.method public clone(Landroidx/constraintlayout/widget/ConstraintLayout;)V
    .locals 15
    .param p1, "constraintLayout"    # Landroidx/constraintlayout/widget/ConstraintLayout;

    .line 705
    move-object/16 v0, v16
    
    invoke-virtual {v0}, Landroidx/constraintlayout/widget/ConstraintLayout;->getChildCount()I
    
    move-object/16 v16, v0
    

    move-result v0
    

    .line 706
    .local v0, "count":I
    iget-object v1, v15, Landroidx/constraintlayout/widget/ConstraintSet;->mConstraints:Ljava/util/HashMap;
    

    invoke-virtual {v1}, Ljava/util/HashMap;->clear()V
    

    .line 707
    const/4 v1, 0x0
    

    .local v1, "i":I
    :goto_0
    if-ge v1, v0, :cond_6
    

    .line 708
    
    # IFT INSTRUCTIONS ADDED BY STIGMA for external method call
    
    const/16 v13, 0x0
    
    
    const/16 v14, 0x0
    
    
    sget v14, Landroidx/constraintlayout/widget/ConstraintSet;->clone_p1_TAINT:I
    
    
    or-int v13, v13, v14
    
    
    sget v14, Landroidx/constraintlayout/widget/ConstraintSet;->clone_v1_TAINT:I
    
    
    or-int v13, v13, v14
    
    
    sput v13, Landroidx/constraintlayout/widget/ConstraintSet;->clone_v2_TAINT:I
    
    
    # IFT INSTRUCTIONS ADDED BY STIGMA for external method call
    move-object/16 v2, v16
    
    invoke-virtual {v2, v1}, Landroidx/constraintlayout/widget/ConstraintLayout;->getChildAt(I)Landroid/view/View;
    
    move-object/16 v16, v2
    

    move-result-object v2
    

    .line 709
    .local v2, "view":Landroid/view/View;
    
    # IFT INSTRUCTIONS ADDED BY STIGMA for external method call
    
    const/16 v13, 0x0
    
    
    const/16 v14, 0x0
    
    
    sget v14, Landroidx/constraintlayout/widget/ConstraintSet;->clone_v2_TAINT:I
    
    
    or-int v13, v13, v14
    
    
    sput v13, Landroidx/constraintlayout/widget/ConstraintSet;->clone_v3_TAINT:I
    
    
    # IFT INSTRUCTIONS ADDED BY STIGMA for external method call
    invoke-virtual {v2}, Landroid/view/View;->getLayoutParams()Landroid/view/ViewGroup$LayoutParams;
    

    move-result-object v3
    

    check-cast v3, Landroidx/constraintlayout/widget/ConstraintLayout$LayoutParams;
    

    .line 711
    .local v3, "param":Landroidx/constraintlayout/widget/ConstraintLayout$LayoutParams;
    invoke-virtual {v2}, Landroid/view/View;->getId()I
    

    move-result v4
    

    .line 712
    .local v4, "id":I
    const/4 v5, -0x1
    

    if-eq v4, v5, :cond_5
    

    .line 715
    iget-object v5, v15, Landroidx/constraintlayout/widget/ConstraintSet;->mConstraints:Ljava/util/HashMap;
    

    
    # IFT INSTRUCTIONS ADDED BY STIGMA for external method call
    
    const/16 v13, 0x0
    
    
    const/16 v14, 0x0
    
    
    sget v14, Landroidx/constraintlayout/widget/ConstraintSet;->clone_v4_TAINT:I
    
    
    or-int v13, v13, v14
    
    
    sput v13, Landroidx/constraintlayout/widget/ConstraintSet;->clone_v6_TAINT:I
    
    
    # IFT INSTRUCTIONS ADDED BY STIGMA for external method call
    invoke-static {v4}, Ljava/lang/Integer;->valueOf(I)Ljava/lang/Integer;
    

    move-result-object v6
    

    invoke-virtual {v5, v6}, Ljava/util/HashMap;->containsKey(Ljava/lang/Object;)Z
    

    move-result v5
    

    if-nez v5, :cond_0
    

    .line 716
    iget-object v5, v15, Landroidx/constraintlayout/widget/ConstraintSet;->mConstraints:Ljava/util/HashMap;
    

    
    # IFT INSTRUCTIONS ADDED BY STIGMA for external method call
    
    const/16 v13, 0x0
    
    
    const/16 v14, 0x0
    
    
    sget v14, Landroidx/constraintlayout/widget/ConstraintSet;->clone_v4_TAINT:I
    
    
    or-int v13, v13, v14
    
    
    sput v13, Landroidx/constraintlayout/widget/ConstraintSet;->clone_v6_TAINT:I
    
    
    # IFT INSTRUCTIONS ADDED BY STIGMA for external method call
    invoke-static {v4}, Ljava/lang/Integer;->valueOf(I)Ljava/lang/Integer;
    

    move-result-object v6
    

    new-instance v7, Landroidx/constraintlayout/widget/ConstraintSet$Constraint;
    

    const/4 v8, 0x0
    

    invoke-direct {v7, v8}, Landroidx/constraintlayout/widget/ConstraintSet$Constraint;-><init>(Landroidx/constraintlayout/widget/ConstraintSet$1;)V
    

    invoke-virtual {v5, v6, v7}, Ljava/util/HashMap;->put(Ljava/lang/Object;Ljava/lang/Object;)Ljava/lang/Object;
    

    .line 718
    :cond_0
    iget-object v5, v15, Landroidx/constraintlayout/widget/ConstraintSet;->mConstraints:Ljava/util/HashMap;
    

    
    # IFT INSTRUCTIONS ADDED BY STIGMA for external method call
    
    const/16 v13, 0x0
    
    
    const/16 v14, 0x0
    
    
    sget v14, Landroidx/constraintlayout/widget/ConstraintSet;->clone_v4_TAINT:I
    
    
    or-int v13, v13, v14
    
    
    sput v13, Landroidx/constraintlayout/widget/ConstraintSet;->clone_v6_TAINT:I
    
    
    # IFT INSTRUCTIONS ADDED BY STIGMA for external method call
    invoke-static {v4}, Ljava/lang/Integer;->valueOf(I)Ljava/lang/Integer;
    

    move-result-object v6
    

    
    # IFT INSTRUCTIONS ADDED BY STIGMA for external method call
    
    const/16 v13, 0x0
    
    
    const/16 v14, 0x0
    
    
    sget v14, Landroidx/constraintlayout/widget/ConstraintSet;->clone_v5_TAINT:I
    
    
    or-int v13, v13, v14
    
    
    sget v14, Landroidx/constraintlayout/widget/ConstraintSet;->clone_v6_TAINT:I
    
    
    or-int v13, v13, v14
    
    
    sput v13, Landroidx/constraintlayout/widget/ConstraintSet;->clone_v5_TAINT:I
    
    
    # IFT INSTRUCTIONS ADDED BY STIGMA for external method call
    invoke-virtual {v5, v6}, Ljava/util/HashMap;->get(Ljava/lang/Object;)Ljava/lang/Object;
    

    move-result-object v5
    

    check-cast v5, Landroidx/constraintlayout/widget/ConstraintSet$Constraint;
    

    .line 719
    .local v5, "constraint":Landroidx/constraintlayout/widget/ConstraintSet$Constraint;
    invoke-static {v5, v4, v3}, Landroidx/constraintlayout/widget/ConstraintSet$Constraint;->access$100(Landroidx/constraintlayout/widget/ConstraintSet$Constraint;ILandroidx/constraintlayout/widget/ConstraintLayout$LayoutParams;)V
    

    .line 720
    invoke-virtual {v2}, Landroid/view/View;->getVisibility()I
    

    move-result v6
    

    iput v6, v5, Landroidx/constraintlayout/widget/ConstraintSet$Constraint;->visibility:I
    

    .line 721
    sget v6, Landroid/os/Build$VERSION;->SDK_INT:I
    

    const/16 v7, 0x11
    

    if-lt v6, v7, :cond_3
    

    .line 722
    invoke-virtual {v2}, Landroid/view/View;->getAlpha()F
    

    move-result v6
    

    iput v6, v5, Landroidx/constraintlayout/widget/ConstraintSet$Constraint;->alpha:F
    

    .line 723
    invoke-virtual {v2}, Landroid/view/View;->getRotation()F
    

    move-result v6
    

    iput v6, v5, Landroidx/constraintlayout/widget/ConstraintSet$Constraint;->rotation:F
    

    .line 724
    invoke-virtual {v2}, Landroid/view/View;->getRotationX()F
    

    move-result v6
    

    iput v6, v5, Landroidx/constraintlayout/widget/ConstraintSet$Constraint;->rotationX:F
    

    .line 725
    invoke-virtual {v2}, Landroid/view/View;->getRotationY()F
    

    move-result v6
    

    iput v6, v5, Landroidx/constraintlayout/widget/ConstraintSet$Constraint;->rotationY:F
    

    .line 726
    invoke-virtual {v2}, Landroid/view/View;->getScaleX()F
    

    move-result v6
    

    iput v6, v5, Landroidx/constraintlayout/widget/ConstraintSet$Constraint;->scaleX:F
    

    .line 727
    invoke-virtual {v2}, Landroid/view/View;->getScaleY()F
    

    move-result v6
    

    iput v6, v5, Landroidx/constraintlayout/widget/ConstraintSet$Constraint;->scaleY:F
    

    .line 729
    invoke-virtual {v2}, Landroid/view/View;->getPivotX()F
    

    move-result v6
    

    .line 730
    .local v6, "pivotX":F
    invoke-virtual {v2}, Landroid/view/View;->getPivotY()F
    

    move-result v7
    

    .line 732
    .local v7, "pivotY":F
    float-to-double v8, v6
    

    const-wide/16 v10, 0x0
    

    cmpl-double v12, v8, v10
    

    if-nez v12, :cond_1
    

    float-to-double v8, v7
    

    cmpl-double v12, v8, v10
    

    if-eqz v12, :cond_2
    

    .line 733
    :cond_1
    iput v6, v5, Landroidx/constraintlayout/widget/ConstraintSet$Constraint;->transformPivotX:F
    

    .line 734
    iput v7, v5, Landroidx/constraintlayout/widget/ConstraintSet$Constraint;->transformPivotY:F
    

    .line 737
    :cond_2
    invoke-virtual {v2}, Landroid/view/View;->getTranslationX()F
    

    move-result v8
    

    iput v8, v5, Landroidx/constraintlayout/widget/ConstraintSet$Constraint;->translationX:F
    

    .line 738
    invoke-virtual {v2}, Landroid/view/View;->getTranslationY()F
    

    move-result v8
    

    iput v8, v5, Landroidx/constraintlayout/widget/ConstraintSet$Constraint;->translationY:F
    

    .line 739
    sget v8, Landroid/os/Build$VERSION;->SDK_INT:I
    

    const/16 v9, 0x15
    

    if-lt v8, v9, :cond_3
    

    .line 740
    invoke-virtual {v2}, Landroid/view/View;->getTranslationZ()F
    

    move-result v8
    

    iput v8, v5, Landroidx/constraintlayout/widget/ConstraintSet$Constraint;->translationZ:F
    

    .line 741
    iget-boolean v8, v5, Landroidx/constraintlayout/widget/ConstraintSet$Constraint;->applyElevation:Z
    

    if-eqz v8, :cond_3
    

    .line 742
    invoke-virtual {v2}, Landroid/view/View;->getElevation()F
    

    move-result v8
    

    iput v8, v5, Landroidx/constraintlayout/widget/ConstraintSet$Constraint;->elevation:F
    

    .line 746
    .end local v6    # "pivotX":F
    .end local v7    # "pivotY":F
    :cond_3
    instance-of v6, v2, Landroidx/constraintlayout/widget/Barrier;
    

    if-eqz v6, :cond_4
    

    .line 747
    move-object v6, v2
    

    check-cast v6, Landroidx/constraintlayout/widget/Barrier;
    

    .line 748
    .local v6, "barrier":Landroidx/constraintlayout/widget/Barrier;
    invoke-virtual {v6}, Landroidx/constraintlayout/widget/Barrier;->allowsGoneWidget()Z
    

    move-result v7
    

    iput-boolean v7, v5, Landroidx/constraintlayout/widget/ConstraintSet$Constraint;->mBarrierAllowsGoneWidgets:Z
    

    .line 749
    
    # IFT INSTRUCTIONS ADDED BY STIGMA for external method call
    
    const/16 v13, 0x0
    
    
    const/16 v14, 0x0
    
    
    sget v14, Landroidx/constraintlayout/widget/ConstraintSet;->clone_v6_TAINT:I
    
    
    or-int v13, v13, v14
    
    
    sput v13, Landroidx/constraintlayout/widget/ConstraintSet;->clone_v7_TAINT:I
    
    
    # IFT INSTRUCTIONS ADDED BY STIGMA for external method call
    invoke-virtual {v6}, Landroidx/constraintlayout/widget/Barrier;->getReferencedIds()[I
    

    move-result-object v7
    

    iput-object v7, v5, Landroidx/constraintlayout/widget/ConstraintSet$Constraint;->mReferenceIds:[I
    

    .line 750
    invoke-virtual {v6}, Landroidx/constraintlayout/widget/Barrier;->getType()I
    

    move-result v7
    

    iput v7, v5, Landroidx/constraintlayout/widget/ConstraintSet$Constraint;->mBarrierDirection:I
    

    .line 707
    .end local v2    # "view":Landroid/view/View;
    .end local v3    # "param":Landroidx/constraintlayout/widget/ConstraintLayout$LayoutParams;
    .end local v4    # "id":I
    .end local v5    # "constraint":Landroidx/constraintlayout/widget/ConstraintSet$Constraint;
    .end local v6    # "barrier":Landroidx/constraintlayout/widget/Barrier;
    :cond_4
    
    # IFT INSTRUCTIONS ADDED BY STIGMA for ADD instruction
    
    const/16 v13, 0x0
    
    
    const/16 v14, 0x0
    
    
    sget v14, Landroidx/constraintlayout/widget/ConstraintSet;->clone_v1_TAINT:I
    
    
    or-int v13, v13, v14
    
    
    sget v14, Landroidx/constraintlayout/widget/ConstraintSet;->clone_v1_TAINT:I
    
    
    or-int v13, v13, v14
    
    
    sput v13, Landroidx/constraintlayout/widget/ConstraintSet;->clone_v1_TAINT:I
    
    
    # IFT INSTRUCTIONS ADDED BY STIGMA for ADD instruction
    
    add-int/lit8 v1, v1, 0x1
    

    goto/16 :goto_0
    

    .line 713
    .restart local v2    # "view":Landroid/view/View;
    .restart local v3    # "param":Landroidx/constraintlayout/widget/ConstraintLayout$LayoutParams;
    .restart local v4    # "id":I
    :cond_5
    new-instance v5, Ljava/lang/RuntimeException;
    

    const-string v6, "All children of ConstraintLayout must have ids to use ConstraintSet"
    

    invoke-direct {v5, v6}, Ljava/lang/RuntimeException;-><init>(Ljava/lang/String;)V
    

    throw v5
    

    .line 753
    .end local v1    # "i":I
    .end local v2    # "view":Landroid/view/View;
    .end local v3    # "param":Landroidx/constraintlayout/widget/ConstraintLayout$LayoutParams;
    .end local v4    # "id":I
    :cond_6
    return-void
    
.end method
